Model
3 1 149.951 # General parameters
2 # Number of basic covariance terms
0 # Number of drift terms
0 0 0 # Covariance characteristics
0 # Anisotropy Flag
3 81.8781 0 # Covariance characteristics
1 # Anisotropy Flag
1 0.5544 1 # Anisotropy Coefficients
1 # Anisotropy Rotation Flag
-0.939693 0.34202 -0 -0.34202 -0.939693 0 0 0 1 # Anisotropy Rotation Matrix
0 # Mean of Variables
36760.3 # Matrix of sills
28967.1 # Matrix of sills
0 # Var-Covar at origin
