Model
3 1 1792.52 # General parameters
3 # Number of basic covariance terms
0 # Number of drift terms
3 298.015 0 # Covariance characteristics
0 # Anisotropy Flag
4 157.233 0 # Covariance characteristics
0 # Anisotropy Flag
2 1805.43 0 # Covariance characteristics
0 # Anisotropy Flag
0 # Mean of Variables
0.00718573 # Matrix of sills
0.00161559 # Matrix of sills
0.0183944 # Matrix of sills
0 # Var-Covar at origin
