Model
3 2 3360 # General parameters
2 # Number of basic covariance terms
0 # Number of drift terms
4 2054.13 0 # Covariance characteristics
1 # Anisotropy Flag
0.204467 1 0.204467 # Anisotropy Coefficients
1 # Anisotropy Rotation Flag
0 1 -0 -1 0 0 0 0 1 # Anisotropy Rotation Matrix
2 3974.42 0 # Covariance characteristics
1 # Anisotropy Flag
0.568892 1 0.568892 # Anisotropy Coefficients
1 # Anisotropy Rotation Flag
0 1 -0 -1 0 0 0 0 1 # Anisotropy Rotation Matrix
0 # Mean of Variables
0 # Mean of Variables
0.938283 1.08139 1.08139 1.29488 # Matrix of sills
4.35367 4.3786 4.3786 4.41717 # Matrix of sills
0 0 0 0 # Var-Covar at origin
