------------------
-- Test --A with inverse True
0.0
------------------
-- Test --B with inverse True
The Input matrix is not valid
It should be either:
- a MatrixSparse
- a MatrixSquareSymmetric
------------------
-- Test --C with inverse True
The Input matrix is not valid
It should be either:
- a MatrixSparse
- a MatrixSquareSymmetric
------------------
-- Test --D with inverse True
0.0
------------------
-- Test --E with inverse True
The matrix must be square!
------------------
-- Test --A with inverse False
0.0
------------------
-- Test --B with inverse False
The Input matrix is not valid
It should be either:
- a MatrixSparse
- a MatrixSquareSymmetric
------------------
-- Test --C with inverse False
The Input matrix is not valid
It should be either:
- a MatrixSparse
- a MatrixSquareSymmetric
------------------
-- Test --D with inverse False
0.0
------------------
-- Test --E with inverse False
The matrix must be square!
