               Mean
Data.V1       -2.69
Data.V2        0.21

SPDE Simulation using gstlearn (with Matrix) -> GM
--------------------------------------------------
                     Mean
GM.Data.V1.S1       -1.94
GM.Data.V1.S2        0.86
GM.Data.V2.S1        1.27
GM.Data.V2.S2       -1.15

SPDE Simulation using gstlearn (Matrix-Free) -> GF
--------------------------------------------------
                     Mean
GF.Data.V1.S1       -1.14
GF.Data.V1.S2        0.76
GF.Data.V2.S1        0.76
GF.Data.V2.S2       -1.24

SPDE Simulation performed by Hand -> HF
---------------------------------------
                     Mean
HF.Data.V1.S1       -1.41
HF.Data.V2.S1        0.93
HF.Data.V1.S2        1.05
HF.Data.V2.S2       -1.44
