
Co-Kriging (traditional)
------------------------
                           Mean
Kriging.Data.1.estim      1.744
Kriging.Data.2.estim      0.267
Kriging.Data.1.stdev      7.522
Kriging.Data.2.stdev      6.519

Co-Kriging using SPDE (Matrix)
------------------------------
                      Mean
KM.Data.1.estim      1.742
KM.Data.2.estim      0.201
KM.Data.1.stdev      7.565
KM.Data.2.stdev      6.312
Difference with Kriging.Data.1.estim (Matrix) = 0.04657
Difference with Kriging.Data.2.estim (Matrix) = 0.04046
Difference with Kriging.Data.1.stdev (Matrix) = 0.01329
Difference with Kriging.Data.2.stdev (Matrix) = 0.01394

Co-Kriging using SPDE (Matrix-Free)
-----------------------------------
                      Mean
KF.Data.1.estim      1.497
KF.Data.2.estim      0.061
KF.Data.1.stdev      7.515
KF.Data.2.stdev      6.280
Difference with Kriging.Data.1.estim  = 0.04644
Difference with Kriging.Data.2.estim  = 0.04052
Difference with Kriging.Data.1.stdev  = 0.02787
Difference with Kriging.Data.2.stdev  = 0.02032
Difference between Matrix-Free and Matrix (estim) for variable .estim 1  = 0.01678
Difference between Matrix-Free and Matrix (estim) for variable .estim 2  = 0.00996
Difference between Matrix-Free and Matrix (stdev) for variable .stdev 1  = 0.02711
Difference between Matrix-Free and Matrix (stdev) for variable .stdev 2  = 0.01871
