
Data Base Characteristics
=========================

Data Base Contents
------------------
                 rank       x-1       x-2       z-1       z-2       z-3
     [  0,]     1.000     0.652     0.015     0.753    -0.454    -0.752
     [  1,]     2.000     0.483     0.557       N/A    -0.872     0.080
     [  2,]     3.000     0.762     0.433     0.793     0.744     0.319

Target location
---------------
Sample #1 (from 1)
Coordinate #1 = 0.652223
Coordinate #2 = 0.483448
Variable   #1 = 0.734027
Variable   #2 = -0.988967
Variable   #3 = 0.752643

Data selected in neighborhood
-----------------------------
       Rank     Sample         x1         x2     Sector
          1          1      0.652      0.015          1
          2          2      0.483      0.557          1
          3          3      0.762      0.433          1

LHS of Kriging matrix
=====================
Dimension of the Covariance Matrix  = 10

       Rank          1          2          3          4          5
          1      5.167      0.387      0.312     -3.000     -0.100
          2      0.387      5.167      2.507     -0.225     -0.484
          3      0.312      2.507      5.167     -0.181     -0.997
          4     -3.000     -0.225     -0.181      3.831      0.128
          5     -0.100     -0.484     -0.997      0.128      3.831
          6     -0.225     -3.000     -1.455      0.287      0.618
          7      1.843      0.138      0.111      2.299      0.077
          8      0.062      0.297      0.612      0.077      2.299
          9      0.138      1.843      0.894      0.172      0.371
         10      0.111      0.894      1.843      0.139      0.764

       Rank          6          7          8          9         10
          1     -0.225      1.843      0.062      0.138      0.111
          2     -3.000      0.138      0.297      1.843      0.894
          3     -1.455      0.111      0.612      0.894      1.843
          4      0.287      2.299      0.077      0.172      0.139
          5      0.618      0.077      2.299      0.371      0.764
          6      3.831      0.172      0.371      2.299      1.115
          7      0.172      6.110      0.204      0.457      0.369
          8      0.371      0.204      6.110      0.985      2.030
          9      2.299      0.457      0.985      6.110      2.964
         10      1.115      0.369      2.030      2.964      6.110

RHS of Kriging matrix
=====================
Number of active samples    = 3
Total number of equations   = 9
Reduced number of equations = 8
Number of right-hand sides  = 3
Punctual Estimation

       Rank          1          2          3
          1      0.312     -0.181      0.111
          2      2.507     -1.455      0.894
          3      5.167     -3.000      1.843
          4     -0.181      0.231      0.139
          5     -0.997      1.273      0.764
          6     -1.455      1.859      1.115
          7      0.111      0.139      0.369
          8      0.612      0.764      2.030
          9      0.894      1.115      2.964
         10      1.843      2.299      6.110

(Co-) Kriging weights
=====================
       Rank       Data        Z1*        Z2*        Z3*
Using variable Z1 
          1      0.753      0.000      0.019      0.000
          2      0.793      0.000      0.387      0.000
          3      0.734      1.000     -0.801      0.000
Sum of weights              1.000     -0.394      0.000
Using variable Z2 
          4     -0.454      0.000      0.024      0.000
          5     -0.872      0.000      0.001      0.000
          6      0.744      0.000      0.483      0.000
Sum of weights              0.000      0.508      0.000
Using variable Z3 
          7     -0.752      0.000     -0.015      0.000
          8      0.080      0.000      0.000      0.000
          9      0.319      0.000     -0.299      0.000
         10      0.753      0.000      0.618      1.000
Sum of weights              0.000      0.304      1.000

Drift or Mean Information
=========================
Mean for Variable Z1 = -0.503987
Mean for Variable Z2 = -1.221932
Mean for Variable Z3 = 0.290022

(Co-) Kriging results
=====================
Target Sample = 1
Variable Z1 
 - Estimate  =       0.734
 - Std. Dev. =       0.000
 - Variance  =       0.000
 - Cov(h=0)  =       5.167
Variable Z2 
 - Estimate  =      -0.426
 - Std. Dev. =       0.077
 - Variance  =       0.006
 - Cov(h=0)  =       3.831
Variable Z3 
 - Estimate  =       0.753
 - Std. Dev. =       0.000
 - Variance  =       0.000
 - Cov(h=0)  =       6.110

Data Base Characteristics
=========================

Data Base Statistics
--------------------
7 - Name Kriging.z-1.estim - Locator z1
 Nb of data          =          1
 Nb of active values =          1
 Minimum value       =      0.734
 Maximum value       =      0.734
 Mean value          =      0.734
 Standard Deviation  =      0.000
 Variance            =      0.000
8 - Name Kriging.z-2.estim - Locator z2
 Nb of data          =          1
 Nb of active values =          1
 Minimum value       =     -0.426
 Maximum value       =     -0.426
 Mean value          =     -0.426
 Standard Deviation  =      0.000
 Variance            =      0.000
9 - Name Kriging.z-3.estim - Locator z3
 Nb of data          =          1
 Nb of active values =          1
 Minimum value       =      0.753
 Maximum value       =      0.753
 Mean value          =      0.753
 Standard Deviation  =      0.000
 Variance            =      0.000
10 - Name Kriging.z-1.stdev - Locator NA
 Nb of data          =          1
 Nb of active values =          1
 Minimum value       =      0.000
 Maximum value       =      0.000
 Mean value          =      0.000
 Standard Deviation  =      0.000
 Variance            =      0.000
11 - Name Kriging.z-2.stdev - Locator NA
 Nb of data          =          1
 Nb of active values =          1
 Minimum value       =      0.077
 Maximum value       =      0.077
 Mean value          =      0.077
 Standard Deviation  =      0.000
 Variance            =      0.000
12 - Name Kriging.z-3.stdev - Locator NA
 Nb of data          =          1
 Nb of active values =          1
 Minimum value       =      0.000
 Maximum value       =      0.000
 Mean value          =      0.000
 Standard Deviation  =      0.000
 Variance            =      0.000
