
Ball Tree Efficiency
--------------------
To get statistics on Ball Tree Efficiency, turn 'flag_stats' to TRUE
- Building BallTree: Db(n = 10000 * k) (in ms per k)
- Migrate P2P: from Db1(n = 10000 * k) to Db2(n = 10000) (in ms per k)
- Migrate P2P: from Db1(n = 10000) to Db2(n = 10000 * k) (in ms per k)
