Use of Eigen Library = 1
#NO_DIFF# Establishing S: 154 ms. (Ref = 150 ms.)
#NO_DIFF# Kriging.NoChol1: 517 ms. (Ref = 400 ms.)
#NO_DIFF# Simu.NC.NoChol1: 1989 ms. (Ref = 1350 ms.)
#NO_DIFF# Simu.CD.NoChol1: 5970 ms. (Ref = 3130 ms.)
#NO_DIFF# Kriging.Chol1: 276 ms. (Ref = 400 ms.)
#NO_DIFF# Simu.NC.Chol1: 1128 ms. (Ref = 1350 ms.)
#NO_DIFF# Simu.CD.Chol1: 1706 ms. (Ref = 3130 ms.)
#NO_DIFF# Establishing S: 97 ms. (Ref = 150 ms.)
#NO_DIFF# Establishing S: 97 ms. (Ref = 150 ms.)
#NO_DIFF# Kriging.NoChol2: 748 ms. (Ref = 400 ms.)
#NO_DIFF# Simu.NC.NoChol2: 2967 ms. (Ref = 1350 ms.)
#NO_DIFF# Simu.CD.NoChol2: 8749 ms. (Ref = 3130 ms.)
#NO_DIFF# Kriging.Chol2: 422 ms. (Ref = 400 ms.)
#NO_DIFF# Simu.NC.Chol2: 1693 ms. (Ref = 1350 ms.)
#NO_DIFF# Simu.CD.Chol2: 2741 ms. (Ref = 3130 ms.)
