
Data Base Grid Characteristics
==============================

Data Base Summary
-----------------
File is organized as a regular grid
Space dimension              = 2
Number of Columns            = 5
Total number of samples      = 2500

Grid characteristics:
---------------------
Origin :      0.000     0.000
Mesh   :      1.000     1.000
Number :         50        50

Variables
---------
Column = 0 - Name = rank - Locator = NA
Column = 1 - Name = x1 - Locator = x1
Column = 2 - Name = x2 - Locator = x2
Column = 3 - Name = Extend-1 - Locator = dblk1
Column = 4 - Name = Extend-2 - Locator = dblk2

Data Base Characteristics
=========================

Data Base Statistics
--------------------
1 - Name rank - Locator NA
 Nb of data          =        100
 Nb of active values =        100
 Minimum value       =      1.000
 Maximum value       =    100.000
 Mean value          =     50.500
 Standard Deviation  =     28.866
 Variance            =    833.250
2 - Name x1 - Locator x1
 Nb of data          =        100
 Nb of active values =        100
 Minimum value       =   -125.499
 Maximum value       =    107.194
 Mean value          =     -1.079
 Standard Deviation  =     44.459
 Variance            =   1976.595
3 - Name x2 - Locator x2
 Nb of data          =        100
 Nb of active values =        100
 Minimum value       =   -111.314
 Maximum value       =    132.575
 Mean value          =      2.316
 Standard Deviation  =     49.469
 Variance            =   2447.157
4 - Name Var - Locator z1
 Nb of data          =        100
 Nb of active values =        100
 Minimum value       =     -2.168
 Maximum value       =      2.214
 Mean value          =      0.003
 Standard Deviation  =      0.986
 Variance            =      0.972

Model characteristics
=====================
Space dimension              = 2
Number of variable(s)        = 1
Number of basic structure(s) = 2
Number of drift function(s)  = 1
Number of drift equation(s)  = 1

Covariance Part
---------------
Spherical
- Sill         =     45.000
- Range        =     40.000
Nugget Effect
- Sill         =     12.000
Total Sill     =     57.000

Drift Part
----------
Universality_Condition

Image Neighborhood
==================
Skipping factor = 2
Image radius :         2         2

Moving Neighborhood
===================
Minimum number of samples           = 1
Maximum number of samples           = 25

Unique Neighborhood
===================

---> Testing Neighborhood storage

Data Base Grid Characteristics
==============================

Data Base Statistics
--------------------
1 - Name rank - Locator NA
 Nb of data          =       2500
 Nb of active values =       2500
 Minimum value       =      1.000
 Maximum value       =   2500.000
 Mean value          =   1250.500
 Standard Deviation  =    721.688
 Variance            = 520833.250
2 - Name x1 - Locator x1
 Nb of data          =       2500
 Nb of active values =       2500
 Minimum value       =      0.000
 Maximum value       =     49.000
 Mean value          =     24.500
 Standard Deviation  =     14.431
 Variance            =    208.250
3 - Name x2 - Locator x2
 Nb of data          =       2500
 Nb of active values =       2500
 Minimum value       =      0.000
 Maximum value       =     49.000
 Mean value          =     24.500
 Standard Deviation  =     14.431
 Variance            =    208.250
4 - Name Extend-1 - Locator dblk1
 Nb of data          =       2500
 Nb of active values =       2500
 Minimum value       =      1.000
 Maximum value       =      1.000
 Mean value          =      1.000
 Standard Deviation  =      0.000
 Variance            =      0.000
5 - Name Extend-2 - Locator dblk2
 Nb of data          =       2500
 Nb of active values =       2500
 Minimum value       =      1.000
 Maximum value       =      1.000
 Mean value          =      1.000
 Standard Deviation  =      0.000
 Variance            =      0.000
6 - Name Neigh.Var.Number - Locator NA
 Nb of data          =       2500
 Nb of active values =       2500
 Minimum value       =     25.000
 Maximum value       =     25.000
 Mean value          =     25.000
 Standard Deviation  =      0.000
 Variance            =      0.000
7 - Name Neigh.Var.MaxDist - Locator NA
 Nb of data          =       2500
 Nb of active values =       2500
 Minimum value       =     35.453
 Maximum value       =     53.389
 Mean value          =     43.790
 Standard Deviation  =      4.025
 Variance            =     16.197
8 - Name Neigh.Var.MinDist - Locator NA
 Nb of data          =       2500
 Nb of active values =       2500
 Minimum value       =      0.163
 Maximum value       =     17.333
 Mean value          =      7.019
 Standard Deviation  =      3.235
 Variance            =     10.464
9 - Name Neigh.Var.NbNESect - Locator NA
 Nb of data          =       2500
 Nb of active values =       2500
 Minimum value       =      1.000
 Maximum value       =      1.000
 Mean value          =      1.000
 Standard Deviation  =      0.000
 Variance            =      0.000
10 - Name Neigh.Var.NbCESect - Locator z1
 Nb of data          =       2500
 Nb of active values =       2500
 Minimum value       =      0.000
 Maximum value       =      0.000
 Mean value          =      0.000
 Standard Deviation  =      0.000
 Variance            =      0.000

<----- Cross-Validation in Moving Neighborhood ----->

Data Base Characteristics
=========================

Data Base Statistics
--------------------
5 - Name Xvalid.Var.estim - Locator z1
 Nb of data          =        100
 Nb of active values =        100
 Minimum value       =     -1.142
 Maximum value       =      1.404
 Mean value          =      0.004
 Standard Deviation  =      0.501
 Variance            =      0.251
6 - Name Xvalid.Var.stdev - Locator NA
 Nb of data          =        100
 Nb of active values =        100
 Minimum value       =      4.280
 Maximum value       =      7.952
 Mean value          =      5.963
 Standard Deviation  =      0.912
 Variance            =      0.831

<----- Kriging in Moving Neighborhood ----->

Data Base Grid Characteristics
==============================

Data Base Statistics
--------------------
6 - Name Kriging.Var.estim - Locator z1
 Nb of data          =       2500
 Nb of active values =       2500
 Minimum value       =     -1.140
 Maximum value       =      0.644
 Mean value          =     -0.087
 Standard Deviation  =      0.382
 Variance            =      0.146
7 - Name Kriging.Var.stdev - Locator NA
 Nb of data          =       2500
 Nb of active values =       2500
 Minimum value       =      4.273
 Maximum value       =      6.465
 Mean value          =      5.453
 Standard Deviation  =      0.410
 Variance            =      0.168

<----- Declustering in Moving Neighborhood ----->

Statistics before Declustering
------------------------------
- Using the average weight for Kriging cells of a Grid
- Mean              = 0.004377
- Variance          = 0.250605

Statistics after Declustering
-----------------------------
- Using the average weight for Kriging cells of a Grid
- Mean              = -0.165025
- Variance          = 0.177077
- Minimum Weight    = 0.000000
- Maximum Weight    = 0.119009

<----- Kriging Test in Moving Neighborhood ----->

Testing KrigTest facility
- Space Dimension = 2
- Number of Neighbors = 26
- Number of Kriging System equations = 26
- Neighboring Sample Indices
               [,  0]    [,  1]    [,  2]    [,  3]    [,  4]    [,  5]    [,  6]
     [  0,]         4         5        21        22        30        32        33
     [  7,]        34        40        45        46        51        56        63
     [ 14,]        64        68        69        71        72        73        76
     [ 21,]        79        86        88        94

<----- Cross-Validation in Unique Neighborhood ----->

Data Base Characteristics
=========================

Data Base Statistics
--------------------
5 - Name Xvalid.Var.estim - Locator z1
 Nb of data          =        100
 Nb of active values =        100
 Minimum value       =     -1.070
 Maximum value       =      1.330
 Mean value          =      0.000
 Standard Deviation  =      0.470
 Variance            =      0.221
6 - Name Xvalid.Var.stdev - Locator NA
 Nb of data          =        100
 Nb of active values =        100
 Minimum value       =      4.277
 Maximum value       =      7.654
 Mean value          =      5.917
 Standard Deviation  =      0.857
 Variance            =      0.734

<----- Kriging in Unique Neighborhood ----->

Data Base Grid Characteristics
==============================

Data Base Statistics
--------------------
6 - Name Kriging.Var.estim - Locator z1
 Nb of data          =       2500
 Nb of active values =       2500
 Minimum value       =     -1.146
 Maximum value       =      0.691
 Mean value          =     -0.076
 Standard Deviation  =      0.392
 Variance            =      0.154
7 - Name Kriging.Var.stdev - Locator NA
 Nb of data          =       2500
 Nb of active values =       2500
 Minimum value       =      4.272
 Maximum value       =      6.389
 Mean value          =      5.437
 Standard Deviation  =      0.400
 Variance            =      0.160

<----- Simulations in Unique Neighborhood ----->

Data Base Grid Characteristics
==============================

Data Base Statistics
--------------------
6 - Name Simu.Var.1 - Locator z1
 Nb of data          =       2500
 Nb of active values =       2500
 Minimum value       =    -17.688
 Maximum value       =     15.692
 Mean value          =     -0.043
 Standard Deviation  =      4.620
 Variance            =     21.346
7 - Name Simu.Var.2 - Locator z2
 Nb of data          =       2500
 Nb of active values =       2500
 Minimum value       =    -16.348
 Maximum value       =     13.752
 Mean value          =     -1.101
 Standard Deviation  =      4.912
 Variance            =     24.130
8 - Name Simu.Var.3 - Locator z3
 Nb of data          =       2500
 Nb of active values =       2500
 Minimum value       =    -15.579
 Maximum value       =     14.975
 Mean value          =      0.370
 Standard Deviation  =      4.692
 Variance            =     22.016

<----- Bayesian Simulations in Unique Neighborhood ----->

Data Base Grid Characteristics
==============================

Data Base Statistics
--------------------
6 - Name SimBayes.Var.1 - Locator z1
 Nb of data          =       2500
 Nb of active values =       2500
 Minimum value       =    -17.548
 Maximum value       =     15.832
 Mean value          =      0.098
 Standard Deviation  =      4.620
 Variance            =     21.346
7 - Name SimBayes.Var.2 - Locator z2
 Nb of data          =       2500
 Nb of active values =       2500
 Minimum value       =    -18.005
 Maximum value       =     12.095
 Mean value          =     -2.757
 Standard Deviation  =      4.912
 Variance            =     24.130
8 - Name SimBayes.Var.3 - Locator z3
 Nb of data          =       2500
 Nb of active values =       2500
 Minimum value       =    -15.102
 Maximum value       =     15.452
 Mean value          =      0.847
 Standard Deviation  =      4.692
 Variance            =     22.016

<----- Declustering in Unique Neighborhood ----->

Statistics before Declustering
------------------------------
- Using the weights for Kriging the Global Mean
- Mean              = 0.002885
- Variance          = 0.972124

Statistics after Declustering
-----------------------------
- Using the weights for Kriging the Global Mean
- Mean              = -0.021683
- Variance          = 1.022548
- Minimum Weight    = 0.001768
- Maximum Weight    = 0.026963

<----- Global Estimate (Average) ----->

Global estimation by arithmetic average
---------------------------------------
Total number of data             = 100
Number of active data            = 100
Sample variance                  = 0.972124
CVsample                         = 341.740127
CViid                            = 34.174013
Cxx                              = 2.021313
Cxv                              = 2.046101
Cvv                              = 11.213306
Estimation by arithmetic average = 0.002885
Estimation St. dev. of the mean  = 3.023643
CVgeo                            = 1048.010658
Surface                          = 2500.000000
Q (Estimation * Surface)         = 7.212815


<----- Global Estimate (Kriging) ----->

Global estimation kriging
-------------------------
Total number of data             = 100
Number of active data            = 100
Number of variables              = 1
Cvv                              = 11.213306
Estimation by kriging            = -0.076458
Estimation St. Dev. of the mean  = 1.246181
CVgeo                            = -16.298890
Surface                          = 2500.000000
Q (Estimation * Surface)         = -191.145069


<----- Block Kriging (fixed size) ----->

Data Base Grid Characteristics
==============================

Data Base Statistics
--------------------
6 - Name Kriging.Var.estim - Locator z1
 Nb of data          =       2500
 Nb of active values =       2500
 Minimum value       =     -1.139
 Maximum value       =      0.689
 Mean value          =     -0.076
 Standard Deviation  =      0.392
 Variance            =      0.153
7 - Name Kriging.Var.stdev - Locator NA
 Nb of data          =       2500
 Nb of active values =       2500
 Minimum value       =      2.356
 Maximum value       =      5.289
 Mean value          =      4.074
 Standard Deviation  =      0.540
 Variance            =      0.291

<----- Block Kriging (variable size) ----->

Data Base Grid Characteristics
==============================

Data Base Statistics
--------------------
6 - Name KrigCell.Var.estim - Locator z1
 Nb of data          =       2500
 Nb of active values =       2500
 Minimum value       =     -1.139
 Maximum value       =      0.689
 Mean value          =     -0.076
 Standard Deviation  =      0.392
 Variance            =      0.153
7 - Name KrigCell.Var.stdev - Locator NA
 Nb of data          =       2500
 Nb of active values =       2500
 Minimum value       =      2.356
 Maximum value       =      5.289
 Mean value          =      4.074
 Standard Deviation  =      0.540
 Variance            =      0.291

Data Base Grid Characteristics
==============================

Data Base Summary
-----------------
File is organized as a regular grid
Space dimension              = 2
Number of Columns            = 4
Total number of samples      = 2500

Grid characteristics:
---------------------
Origin :      0.000     0.000
Mesh   :      1.000     1.000
Number :         50        50

Variables
---------
Column = 0 - Name = rank - Locator = NA
Column = 1 - Name = x1 - Locator = x1
Column = 2 - Name = x2 - Locator = x2
Column = 3 - Name = Simu - Locator = z1

Model characteristics
=====================
Space dimension              = 2
Number of variable(s)        = 1
Number of basic structure(s) = 2
Number of drift function(s)  = 1
Number of drift equation(s)  = 1

Covariance Part
---------------
Spherical
- Sill         =     45.000
- Range        =     40.000
Nugget Effect
- Sill         =     12.000
  (This component is Filtered)
Total Sill     =     57.000

Drift Part
----------
Universality_Condition

<----- Image Filtering ----->

Data Base Grid Characteristics
==============================

Data Base Statistics
--------------------
5 - Name Filtering.Simu - Locator z1
 Nb of data          =       2500
 Nb of active values =       2500
 Minimum value       =    114.396
 Maximum value       =    140.137
 Mean value          =    128.009
 Standard Deviation  =      3.795
 Variance            =     14.400

Model characteristics
=====================
Space dimension              = 2
Number of variable(s)        = 1
Number of basic structure(s) = 1
Number of drift function(s)  = 1
Number of drift equation(s)  = 1

Covariance Part
---------------
Linear
- Slope        =      1.000


Drift Part
----------
Universality_Condition

<----- Bayesian Kriging in Unique Neighborhood ----->

Bayesian Drift coefficients
===========================
Prior Mean       0.000
Prior Variance-Covariance       1.000
Posterior Mean       0.001
Posterior Variance-Covariance       0.997


Data Base Grid Characteristics
==============================

Data Base Statistics
--------------------
6 - Name Bayes.Var.estim - Locator z1
 Nb of data          =       2500
 Nb of active values =       2500
 Minimum value       =     -2.066
 Maximum value       =      0.653
 Mean value          =     -0.410
 Standard Deviation  =      0.454
 Variance            =      0.206
7 - Name Bayes.Var.stdev - Locator NA
 Nb of data          =       2500
 Nb of active values =       2500
 Minimum value       =     18.821
 Maximum value       =     19.190
 Mean value          =     19.025
 Standard Deviation  =      0.071
 Variance            =      0.005

<----- Test Kriging Printout ----->

Model characteristics
=====================
Space dimension              = 2
Number of variable(s)        = 1
Number of basic structure(s) = 1
Number of drift function(s)  = 1
Number of drift equation(s)  = 1

Covariance Part
---------------
Linear
- Slope        =      1.000


Drift Part
----------
Universality_Condition

---> Kriging in Place (checking Exact Interpolator)

Target location
---------------
Sample #1 (from 4)
Coordinate #1 = -91.327798
Coordinate #2 = -106.360598

Data selected in neighborhood
-----------------------------
       Rank     Sample         x1         x2
          1          1    -91.328   -106.361
          2          2    -70.246    152.564
          3          3     71.456     -2.698
          4          4    -34.253    -39.276

LHS of Kriging matrix (compressed)
==================================
Number of active samples    = 4
Total number of equations   = 5
Reduced number of equations = 5

       Rank                     1          2          3          4          5
                  Flag          1          2          3          4          5
          1          1    480.418    220.637    287.429    392.340      1.000
          2          2    220.637    480.418    270.214    285.231      1.000
          3          3    287.429    270.214    480.418    368.559      1.000
          4          4    392.340    285.231    368.559    480.418      1.000
          5          5      1.000      1.000      1.000      1.000      0.000

RHS of Kriging matrix (compressed)
==================================
Number of active samples    = 4
Total number of equations   = 5
Reduced number of equations = 5
Number of right-hand sides  = 1
Punctual Estimation

       Rank       Flag          1
          1          1    480.418
          2          2    220.637
          3          3    287.429
          4          4    392.340
          5          5      1.000

(Co-) Kriging weights
=====================
       Rank         x1         x2       Data        Z1*
          1    -91.328   -106.361      1.191      1.000
          2    -70.246    152.564     -0.664      0.000
          3     71.456     -2.698     -0.413      0.000
          4    -34.253    -39.276     -0.211      0.000
Sum of weights                                    1.000

Drift coefficients
==================
       Rank   Lagrange      Coeff
          1      0.000      0.156

(Co-) Kriging results
=====================
Target Sample = 1
Variable Z1 
 - Estimate  =       1.191
 - Std. Dev. =       0.000
 - Variance  =       0.000
 - Cov(h=0)  =     480.418

---> Kriging in general

Target location
---------------
Sample #1 (from 2500)
Coordinate #1 = 0.000000
Coordinate #2 = 0.000000

Data selected in neighborhood
-----------------------------
       Rank     Sample         x1         x2
          1          1    -91.328   -106.361
          2          2    -70.246    152.564
          3          3     71.456     -2.698
          4          4    -34.253    -39.276

LHS of Kriging matrix (compressed)
==================================
Number of active samples    = 4
Total number of equations   = 5
Reduced number of equations = 5

       Rank                     1          2          3          4          5
                  Flag          1          2          3          4          5
          1          1    480.418    220.637    287.429    392.340      1.000
          2          2    220.637    480.418    270.214    285.231      1.000
          3          3    287.429    270.214    480.418    368.559      1.000
          4          4    392.340    285.231    368.559    480.418      1.000
          5          5      1.000      1.000      1.000      1.000      0.000

RHS of Kriging matrix (compressed)
==================================
Number of active samples    = 4
Total number of equations   = 5
Reduced number of equations = 5
Number of right-hand sides  = 1
Punctual Estimation

       Rank       Flag          1
          1          1    340.227
          2          2    312.459
          3          3    408.911
          4          4    428.303
          5          5      1.000

(Co-) Kriging weights
=====================
       Rank         x1         x2       Data        Z1*
          1    -91.328   -106.361      1.191     -0.030
          2    -70.246    152.564     -0.664      0.115
          3     71.456     -2.698     -0.413      0.365
          4    -34.253    -39.276     -0.211      0.550
Sum of weights                                    1.000

Drift coefficients
==================
       Rank   Lagrange      Coeff
          1      8.426      0.156

(Co-) Kriging results
=====================
Target Sample = 1
Variable Z1 
 - Estimate  =      -0.378
 - Std. Dev. =       7.837
 - Variance  =      61.421
 - Cov(h=0)  =     480.418

<----- Test Kriging Multiple Variables under Constraints ----->

Data Base Grid Characteristics
==============================

Data Base Statistics
--------------------
7 - Name KrigSum.Var.1.estim - Locator z1
 Nb of data          =       2500
 Nb of active values =       2500
 Minimum value       =      1.195
 Maximum value       =      4.585
 Mean value          =      3.014
 Standard Deviation  =      0.687
 Variance            =      0.471
8 - Name KrigSum.Var.2.estim - Locator z2
 Nb of data          =       2500
 Nb of active values =       2500
 Minimum value       =      5.654
 Maximum value       =     11.977
 Mean value          =      8.694
 Standard Deviation  =      1.578
 Variance            =      2.489
9 - Name KrigSum.Var.3.estim - Locator z3
 Nb of data          =       2500
 Nb of active values =       2500
 Minimum value       =      1.726
 Maximum value       =      4.836
 Mean value          =      3.244
 Standard Deviation  =      0.766
 Variance            =      0.587

<----- Test Kriging Anamorphosed Gaussian ----->

Data Base Grid Characteristics
==============================

Data Base Statistics
--------------------
6 - Name KrigGam.Y.Var.estim - Locator z1
 Nb of data          =       2500
 Nb of active values =       2500
 Minimum value       =     -1.182
 Maximum value       =      1.135
 Mean value          =     -0.405
 Standard Deviation  =      0.495
 Variance            =      0.245
7 - Name KrigGam.Y.Var.stdev - Locator NA
 Nb of data          =       2500
 Nb of active values =       2500
 Minimum value       =      0.100
 Maximum value       =      0.624
 Mean value          =      0.464
 Standard Deviation  =      0.093
 Variance            =      0.009

<----- Test Kriging Multiple Variables with matLC ----->

Data Base Grid Characteristics
==============================

Data Base Statistics
--------------------
6 - Name Kriging.LC-1.estim - Locator z1
 Nb of data          =       2500
 Nb of active values =       2500
 Minimum value       =     -0.324
 Maximum value       =      0.443
 Mean value          =      0.016
 Standard Deviation  =      0.123
 Variance            =      0.015
7 - Name Kriging.LC-2.estim - Locator z2
 Nb of data          =       2500
 Nb of active values =       2500
 Minimum value       =     -0.425
 Maximum value       =      0.183
 Mean value          =     -0.020
 Standard Deviation  =      0.098
 Variance            =      0.010
8 - Name Kriging.LC-1.stdev - Locator NA
 Nb of data          =       2500
 Nb of active values =       2500
 Minimum value       =     13.947
 Maximum value       =     16.882
 Mean value          =     16.675
 Standard Deviation  =      0.418
 Variance            =      0.175
9 - Name Kriging.LC-2.stdev - Locator NA
 Nb of data          =       2500
 Nb of active values =       2500
 Minimum value       =     15.278
 Maximum value       =     18.493
 Mean value          =     18.267
 Standard Deviation  =      0.458
 Variance            =      0.210
