Model used for simulating the Data

Model characteristics
=====================
Space dimension              = 2
Number of variable(s)        = 1
Number of basic structure(s) = 2
Number of drift function(s)  = 0
Number of drift equation(s)  = 0

Covariance Part
---------------
Nugget Effect
- Sill         =      2.000
Spherical
- Sill         =      3.000
- Range        =      0.250
Total Sill     =      5.000
Known Mean(s)     0.000
Initial Model used for Test

Model characteristics
=====================
Space dimension              = 2
Number of variable(s)        = 1
Number of basic structure(s) = 2
Number of drift function(s)  = 0
Number of drift equation(s)  = 0

Covariance Part
---------------
Nugget Effect
- Sill         =      2.000
Spherical
- Sill         =      3.000
- Range        =      0.250
Total Sill     =      5.000
Known Mean(s)     0.000

Model fitting from Variogram (new version)
==========================================
- Anisotropy                   OFF
- Anisotropy Rotation          OFF
- Global Rotation              OFF
- Rotation around Z only       OFF
- Lock third dimension         OFF
- Lock 2-D Isotropy            OFF
- Use the Goulard option       ON
- Optimization weighting mode  2
- Maximum number of iterations 1000
- Stopping Criterion (scaled)  1e-06

List of Parameters:
-------------------
1 - Scale in Dimension 1
    Value: 1.000000
    Absolute Bounds: 0 inf 
    User Bounds: 0.001 inf 
Summary of Optimization procedure:
Count of Iterations =   84 - Final Cost = 0.015039
- Final parameters:     0.291
  Summary of Sill Fitting - Count of Iterations =  595 - Final Cost = 0.015039
  - Covariance 1: Final parameters = 1.611915 
  - Covariance 2: Final parameters = 2.592578 

Model characteristics
=====================
Space dimension              = 2
Number of variable(s)        = 1
Number of basic structure(s) = 2
Number of drift function(s)  = 0
Number of drift equation(s)  = 0

Covariance Part
---------------
Nugget Effect
- Sill         =      1.612
Spherical
- Sill         =      2.593
- Range        =      0.291
Total Sill     =      4.204
Known Mean(s)     0.000
