
Model characteristics
=====================
Space dimension              = 2
Number of variable(s)        = 1
Number of basic structure(s) = 1
Number of drift function(s)  = 0
Number of drift equation(s)  = 0

Covariance Part
---------------
Matern (Third Parameter = 1)
- Sill         =       1.000
- Range        =       0.200
- Theo. Range  =       0.058
Total Sill     =       1.000
Known Mean(s)      0.000

Data Base Characteristics
=========================

Data Base Summary
-----------------
File is organized as a set of isolated points
Space dimension              = 2
Number of Columns            = 8
Total number of samples      = 1000

Variables
---------
Column = 0 - Name = rank - Locator = NA
Column = 1 - Name = x-1 - Locator = x1
Column = 2 - Name = x-2 - Locator = x2
Column = 3 - Name = Simu.S1 - Locator = z1
Column = 4 - Name = Simu.S2 - Locator = z2
Column = 5 - Name = Simu.S3 - Locator = z3
Column = 6 - Name = Simu.S4 - Locator = z4
Column = 7 - Name = Simu.S5 - Locator = z5

Testing PCA
===========

PCA Contents
------------
Means
                 [,  0]
      [  0,]     -0.029
      [  1,]      0.026
      [  2,]     -0.226
      [  3,]     -0.251
      [  4,]     -0.022
Covariance Matrix
                 [,  0]     [,  1]     [,  2]     [,  3]     [,  4]
      [  0,]      1.075      0.070      0.149     -0.080      0.017
      [  1,]      0.070      1.341     -0.003     -0.040      0.013
      [  2,]      0.149     -0.003      0.838     -0.061     -0.006
      [  3,]     -0.080     -0.040     -0.061      0.855      0.123
      [  4,]      0.017      0.013     -0.006      0.123      1.000
Variogram Matrix at lag h
                 [,  0]     [,  1]     [,  2]     [,  3]     [,  4]
      [  0,]      0.000      0.000      0.000      0.000      0.000
      [  1,]      0.000      0.000      0.000      0.000      0.000
      [  2,]      0.000      0.000      0.000      0.000      0.000
      [  3,]      0.000      0.000      0.000      0.000      0.000
      [  4,]      0.000      0.000      0.000      0.000      0.000
Matrix MZ2F to transform standardized Variables Z into Factors F
                 [,  0]     [,  1]     [,  2]     [,  3]     [,  4]
      [  0,]      0.262      0.695      0.321      0.523     -0.185
      [  1,]      0.801     -0.310     -0.063     -0.012      0.083
      [  2,]      0.082      0.389      0.093     -0.650      0.799
      [  3,]     -0.113     -0.304      0.364      0.651      0.738
      [  4,]      0.000     -0.202      0.835     -0.413     -0.333
Y = (Z - m) * MZ2F)
Matrix MF2Z to back-transform Factors F into standardized Variables Z
                 [,  0]     [,  1]     [,  2]     [,  3]     [,  4]
      [  0,]      0.359      1.097      0.113     -0.155      0.000
      [  1,]      0.805     -0.359      0.450     -0.352     -0.234
      [  2,]      0.340     -0.067      0.099      0.385      0.884
      [  3,]      0.405     -0.010     -0.504      0.504     -0.320
      [  4,]     -0.139      0.062      0.599      0.553     -0.250
Z = m + Y * MF2Z
Variables Simu.S1 and PCA.Z.V1 are similar (eps=0.000001)
Variables Simu.S2 and PCA.Z.V2 are similar (eps=0.000001)
Variables Simu.S3 and PCA.Z.V3 are similar (eps=0.000001)
Variables Simu.S4 and PCA.Z.V4 are similar (eps=0.000001)
Variables Simu.S5 and PCA.Z.V5 are similar (eps=0.000001)

Testing MAF
===========

PCA Contents
------------
Means
                 [,  0]
      [  0,]     -0.029
      [  1,]      0.026
      [  2,]     -0.226
      [  3,]     -0.251
      [  4,]     -0.022
Covariance Matrix
                 [,  0]     [,  1]     [,  2]     [,  3]     [,  4]
      [  0,]      1.075      0.070      0.149     -0.080      0.017
      [  1,]      0.070      1.341     -0.003     -0.040      0.013
      [  2,]      0.149     -0.003      0.838     -0.061     -0.006
      [  3,]     -0.080     -0.040     -0.061      0.855      0.123
      [  4,]      0.017      0.013     -0.006      0.123      1.000
Variogram Matrix at lag h
                 [,  0]     [,  1]     [,  2]     [,  3]     [,  4]
      [  0,]      1.361     -0.376      0.386     -0.240     -0.195
      [  1,]     -0.376      1.606      0.054     -0.109     -0.160
      [  2,]      0.386      0.054      0.858     -0.269     -0.333
      [  3,]     -0.240     -0.109     -0.269      1.010      0.234
      [  4,]     -0.195     -0.160     -0.333      0.234      1.028
Matrix MZ2F to transform standardized Variables Z into Factors F
                 [,  0]     [,  1]     [,  2]     [,  3]     [,  4]
      [  0,]      0.666     -0.270      0.121      0.648     -0.107
      [  1,]     -0.352      0.586      0.080      0.524      0.035
      [  2,]      0.364      0.462      0.209     -0.335      0.852
      [  3,]     -0.268     -0.341      0.986      0.103      0.183
      [  4,]     -0.306     -0.432     -0.528      0.293      0.612
Y = (Z - m) * MZ2F)
Matrix MF2Z to back-transform Factors F into standardized Variables Z
                 [,  0]     [,  1]     [,  2]     [,  3]     [,  4]
      [  0,]      0.762     -0.420      0.424     -0.328     -0.334
      [  1,]     -0.161      0.774      0.369     -0.375     -0.474
      [  2,]      0.079      0.069      0.136      0.753     -0.405
      [  3,]      0.680      0.748     -0.194      0.071      0.326
      [  4,]      0.010      0.037      0.683      0.187      0.627
Z = m + Y * MF2Z
Variables Simu.S1 and MAF.Z.V1 are similar (eps=0.000001)
Variables Simu.S2 and MAF.Z.V2 are similar (eps=0.000001)
Variables Simu.S3 and MAF.Z.V3 are similar (eps=0.000001)
Variables Simu.S4 and MAF.Z.V4 are similar (eps=0.000001)
Variables Simu.S5 and MAF.Z.V5 are similar (eps=0.000001)
