
Data Base Characteristics
=========================

Data Base Summary
-----------------
File is organized as a set of isolated points
Space dimension              = 2
Number of Columns            = 6
Total number of samples      = 14

Variables
---------
Column = 0 - Name = rank - Locator = NA
Column = 1 - Name = x1 - Locator = x1
Column = 2 - Name = x2 - Locator = x2
Column = 3 - Name = z1 - Locator = z1
Column = 4 - Name = layer - Locator = layer
Column = 5 - Name = well - Locator = NA

Data Base Grid Characteristics
==============================

Data Base Summary
-----------------
File is organized as a regular grid
Space dimension              = 2
Number of Columns            = 4
Total number of samples      = 10000

Grid characteristics:
---------------------
Origin :      0.000     0.000
Mesh   :      1.000     1.000
Number :        100       100

Variables
---------
Column = 0 - Name = rank - Locator = NA
Column = 1 - Name = x1 - Locator = x1
Column = 2 - Name = x2 - Locator = x2
Column = 3 - Name = reference - Locator = NA

Unique Neighborhood
===================

Model characteristics
=====================
Space dimension              = 2
Number of variable(s)        = 4
Number of basic structure(s) = 1
Number of drift function(s)  = 0
Number of drift equation(s)  = 0

Covariance Part
---------------
Cubic
- Sill matrix:
               [,  0]    [,  1]    [,  2]    [,  3]
     [  0,]     1.000     0.000     0.000     0.000
     [  1,]     0.000     3.000     0.000     0.000
     [  2,]     0.000     0.000     2.000     0.000
     [  3,]     0.000     0.000     0.000     4.000
- Range        =     40.000
Total Sill
               [,  0]    [,  1]    [,  2]    [,  3]
     [  0,]     1.000     0.000     0.000     0.000
     [  1,]     0.000     3.000     0.000     0.000
     [  2,]     0.000     0.000     2.000     0.000
     [  3,]     0.000     0.000     0.000     4.000

Known Mean(s)     0.000     0.000     0.000     0.000

LHS of Kriging matrix (compressed)
==================================
Number of active samples    = 14
Total number of equations   = 18
Reduced number of equations = 18

       Rank                     1          2          3          4          5
          1          1      1.000      0.833      0.711      0.624      0.000
          2          2      0.833      0.777      0.664      0.583      0.000
          3          3      0.711      0.664      0.610      0.535      0.000
          4          4      0.624      0.583      0.535      0.530      0.000
          5          5      0.000      0.000      0.000      0.000      1.000
          6          6      0.000      0.000      0.000      0.000      0.825
          7          7      0.000      0.000      0.000      0.000      0.618
          8          8      0.000      0.000      0.000      0.000      0.000
          9          9      0.000      0.000      0.000      0.000      0.000
         10         10      0.000      0.000      0.000      0.000      0.000
         11         11      0.000      0.000      0.000      0.000      0.000
         12         12      0.000      0.000      0.000      0.000      0.000
         13         13      0.000      0.000      0.000      0.000      0.000
         14         14      0.000      0.000      0.000      0.000      0.000
         15         15      1.000      0.833      0.711      0.624      1.000
         16         16      0.000      0.167      0.143      0.125      0.000
         17         17      0.000      0.000      0.146      0.128      0.000
         18         18      0.000      0.000      0.000      0.122      0.000

       Rank                     6          7          8          9         10
          1          1      0.000      0.000      0.000      0.000      0.000
          2          2      0.000      0.000      0.000      0.000      0.000
          3          3      0.000      0.000      0.000      0.000      0.000
          4          4      0.000      0.000      0.000      0.000      0.000
          5          5      0.825      0.618      0.000      0.000      0.000
          6          6      0.777      0.582      0.000      0.000      0.000
          7          7      0.582      0.532      0.000      0.000      0.000
          8          8      0.000      0.000      1.000      0.834      0.715
          9          9      0.000      0.000      0.834      0.778      0.667
         10         10      0.000      0.000      0.715      0.667      0.613
         11         11      0.000      0.000      0.624      0.582      0.535
         12         12      0.000      0.000      0.000      0.000      0.000
         13         13      0.000      0.000      0.000      0.000      0.000
         14         14      0.000      0.000      0.000      0.000      0.000
         15         15      0.832      0.623      1.000      0.834      0.715
         16         16      0.168      0.126      0.000      0.166      0.142
         17         17      0.000      0.123      0.000      0.000      0.143
         18         18      0.000      0.128      0.000      0.000      0.000

       Rank                    11         12         13         14         15
          1          1      0.000      0.000      0.000      0.000      1.000
          2          2      0.000      0.000      0.000      0.000      0.833
          3          3      0.000      0.000      0.000      0.000      0.711
          4          4      0.000      0.000      0.000      0.000      0.624
          5          5      0.000      0.000      0.000      0.000      1.000
          6          6      0.000      0.000      0.000      0.000      0.832
          7          7      0.000      0.000      0.000      0.000      0.623
          8          8      0.624      0.000      0.000      0.000      1.000
          9          9      0.582      0.000      0.000      0.000      0.834
         10         10      0.535      0.000      0.000      0.000      0.715
         11         11      0.531      0.000      0.000      0.000      0.624
         12         12      0.000      0.777      0.553      0.116      0.832
         13         13      0.000      0.553      0.613      0.264      0.716
         14         14      0.000      0.116      0.264      0.532      0.625
         15         15      0.624      0.832      0.716      0.625      0.000
         16         16      0.124      0.168      0.140      0.125      0.000
         17         17      0.125      0.000      0.144      0.123      0.000
         18         18      0.127      0.000      0.000      0.127      0.000

       Rank                    16         17         18
          1          1      0.000      0.000      0.000
          2          2      0.167      0.000      0.000
          3          3      0.143      0.146      0.000
          4          4      0.125      0.128      0.122
          5          5      0.000      0.000      0.000
          6          6      0.168      0.000      0.000
          7          7      0.126      0.123      0.128
          8          8      0.000      0.000      0.000
          9          9      0.166      0.000      0.000
         10         10      0.142      0.143      0.000
         11         11      0.124      0.125      0.127
         12         12      0.168      0.000      0.000
         13         13      0.140      0.144      0.000
         14         14      0.125      0.123      0.127
         15         15      0.000      0.000      0.000
         16         16      0.000      0.000      0.000
         17         17      0.000      0.000      0.000
         18         18      0.000      0.000      0.000

Data Vector
===========
Number of active samples  = 14
Total number of equations = 18
Data
                  [,1]
       [1,]      0.003
       [2,]      0.003
       [3,]      0.004
       [4,]      0.004
       [5,]      0.004
       [6,]      0.003
       [7,]      0.003
       [8,]      0.003
       [9,]      0.003
      [10,]      0.003
      [11,]      0.003
      [12,]      0.003
      [13,]      0.003
      [14,]      0.004

Target location
---------------
Sample #1010 (from 10000)
Coordinate #1 = 9.000000
Coordinate #2 = 10.000000

Layer #1
........

RHS of Kriging matrix (compressed)
==================================
Number of active samples    = 14
Total number of equations   = 18
Reduced number of equations = 18
Number of right-hand sides  = 1
Punctual Estimation

       Rank          1
          1      0.996
          2      0.829
          3      0.708
          4      0.622
          5      0.000
          6      0.000
          7      0.000
          8      0.000
          9      0.000
         10      0.000
         11      0.000
         12      0.000
         13      0.000
         14      0.000
         15      1.000
         16      0.000
         17      0.000
         18      0.000
Estimate = 0.003002

Layer #2
........

RHS of Kriging matrix (compressed)
==================================
Number of active samples    = 14
Total number of equations   = 18
Reduced number of equations = 18
Number of right-hand sides  = 1
Punctual Estimation

       Rank          1
          1      0.829
          2      0.774
          3      0.661
          4      0.580
          5      0.000
          6      0.000
          7      0.000
          8      0.000
          9      0.000
         10      0.000
         11      0.000
         12      0.000
         13      0.000
         14      0.000
         15      0.833
         16      0.167
         17      0.000
         18      0.000
Estimate = 0.003333

Layer #3
........

RHS of Kriging matrix (compressed)
==================================
Number of active samples    = 14
Total number of equations   = 18
Reduced number of equations = 18
Number of right-hand sides  = 1
Punctual Estimation

       Rank          1
          1      0.710
          2      0.662
          3      0.608
          4      0.533
          5      0.000
          6      0.000
          7      0.000
          8      0.000
          9      0.000
         10      0.000
         11      0.000
         12      0.000
         13      0.000
         14      0.000
         15      0.713
         16      0.143
         17      0.144
         18      0.000
Estimate = 0.003627

Layer #4
........

RHS of Kriging matrix (compressed)
==================================
Number of active samples    = 14
Total number of equations   = 18
Reduced number of equations = 18
Number of right-hand sides  = 1
Punctual Estimation

       Rank          1
          1      0.623
          2      0.581
          3      0.533
          4      0.528
          5      0.000
          6      0.000
          7      0.000
          8      0.000
          9      0.000
         10      0.000
         11      0.000
         12      0.000
         13      0.000
         14      0.000
         15      0.625
         16      0.125
         17      0.127
         18      0.122
Estimate = 0.003996
