
Environment summary
===================
Space dimension         = 2
Number of Iso-Potential = 3
Number of Gradients     = 3
Number of Tangents      = 2
Number of Isovalues     = 10
Order of the drift      = 0
Number of Drifts        = 0
Number of Ext. Drifts   = 0
Number of Equations     = 15

Information completed at Data Points
====================================

Iso-Potential Information
-------------------------
 1 - 1 - Coor = 7.000000 6.000000 - Pot* =   0.00000 - Grad* =   -0.12226   -0.04850
 1 - 2 - Coor = 5.000000 6.000000 - Pot* =  -0.00000 - Grad* =    0.03085   -0.00455
 1 - 3 - Coor = 6.000000 5.000000 - Pot* =   0.00000 - Grad* =    0.14008    0.07527
 2 - 1 - Coor = 3.000000 6.000000 - Pot* =  -0.09173 - Grad* =    0.08726   -0.01142
 2 - 2 - Coor = 7.000000 7.000000 - Pot* =  -0.09173 - Grad* =   -0.12661   -0.21736
 2 - 3 - Coor = 8.000000 3.000000 - Pot* =  -0.09173 - Grad* =   -0.34517    0.21194
 3 - 1 - Coor = 8.000000 1.000000 - Pot* =  -1.27914 - Grad* =   -0.60965    0.61288
 3 - 2 - Coor = 7.000000 9.000000 - Pot* =  -1.27914 - Grad* =    0.01315   -0.36666
 3 - 3 - Coor = 10.000000 5.000000 - Pot* =  -1.27914 - Grad* =   -0.46261    0.07252
 3 - 4 - Coor = 3.000000 1.000000 - Pot* =  -1.27914 - Grad* =   -0.00294    0.02734

Gradient Information
--------------------
  1 - Coor = 1.000000 6.000000 - Pot* =  -1.02142 - Grad* =    1.00000   -0.00000
  2 - Coor = 9.000000 2.000000 - Pot* =  -1.28588 - Grad* =   -1.00000    1.00000
  3 - Coor = 7.000000 8.000000 - Pot* =  -0.64295 - Grad* =    0.00000   -1.00000

Tangent Information
-------------------
  1 - Coor = 3.000000 7.000000 - Pot* =  -0.25454 - Grad* =    0.00000   -0.29469 - Tangent=    0.00000
  2 - Coor = 9.000000 7.000000 - Pot* =  -0.78250 - Grad* =   -0.23520   -0.23520 - Tangent=    0.00000

Working in 1-D
==============

Environment summary
===================
Space dimension         = 1
Number of Iso-Potential = 2
Number of Gradients     = 1
Number of Tangents      = 0
Number of Isovalues     = 4
Order of the drift      = 0
Number of Drifts        = 0
Number of Ext. Drifts   = 0
Number of Equations     = 3

Information completed at Data Points
====================================

Iso-Potential Information
-------------------------
 1 - 1 - Coor = 30.000000 - Pot* =   0.00000 - Grad* =    0.35795
 1 - 2 - Coor = 80.000000 - Pot* =  -0.00000 - Grad* =   -0.00649
 2 - 1 - Coor = 40.000000 - Pot* =  -2.06321 - Grad* =    0.07248
 2 - 2 - Coor = 50.000000 - Pot* =  -2.06321 - Grad* =   -0.04751

Gradient Information
--------------------
  1 - Coor = 0.000000 - Pot* =  -1.78509 - Grad* =    1.00000

Environment summary
===================
Space dimension         = 1
Number of Iso-Potential = 2
Number of Gradients     = 1
Number of Tangents      = 0
Number of Isovalues     = 4
Order of the drift      = 0
Number of Drifts        = 0
Number of Ext. Drifts   = 0
Number of Equations     = 3

Iso-Potential #1
Cross-validation Error: Mean=-2.434777 St. Dev.=0.000000
Standardized Error    : Mean=-2.011378 St. Dev.=0.000000
Euclidean Distance    : Mean=0.424087 St. Dev.=0.000000
Geodetic Distance     : Mean=0.059984 St. Dev.=0.000000

Iso-Potential #2
Cross-validation Error: Mean=-2.285751 St. Dev.=0.000000
Standardized Error    : Mean=-1.747219 St. Dev.=0.000000
Euclidean Distance    : Mean=0.460406 St. Dev.=0.000000
Geodetic Distance     : Mean=0.065120 St. Dev.=0.000000
