Model used for simulating the Data

Model characteristics
=====================
Space dimension              = 2
Number of variable(s)        = 1
Number of basic structure(s) = 2
Number of drift function(s)  = 0
Number of drift equation(s)  = 0

Covariance Part
---------------
Nugget Effect
- Sill         =      2.000
Matern (Third Parameter = 1)
- Sill         =      3.000
- Range        =      0.250
- Theo. Range  =      0.072
Total Sill     =      5.000
Known Mean(s)     0.000
Model used for Test

Model characteristics
=====================
Space dimension              = 2
Number of variable(s)        = 1
Number of basic structure(s) = 2
Number of drift function(s)  = 0
Number of drift equation(s)  = 0

Covariance Part
---------------
Nugget Effect
- Sill         =      1.000
Matern (Third Parameter = 1)
- Sill         =      1.000
- Range        =      0.000
- Theo. Range  =      0.000
Total Sill     =      2.000
Known Mean(s)     0.000

Minimization of a simple function
=================================
Optimum: x = 3 -> Minimum value = 0

Fitting a Model from a Variogram
================================

Model characteristics
=====================
Space dimension              = 2
Number of variable(s)        = 1
Number of basic structure(s) = 2
Number of drift function(s)  = 0
Number of drift equation(s)  = 0

Covariance Part
---------------
Nugget Effect
- Sill         =      1.761
Matern (Third Parameter = 1)
- Sill         =      1.879
- Ranges       =      0.351     0.279
- Theo. Ranges =      0.101     0.081
- Angles       =     43.209     0.000
- Rotation Matrix
               [,  0]    [,  1]
     [  0,]    -0.729     0.685
     [  1,]    -0.685    -0.729
Total Sill     =      3.640
Known Mean(s)     0.000

Fitting a Model using Loglikelihood (Covariance)
================================================

Model characteristics
=====================
Space dimension              = 2
Number of variable(s)        = 1
Number of basic structure(s) = 2
Number of drift function(s)  = 0
Number of drift equation(s)  = 0

Covariance Part
---------------
Nugget Effect
- Sill         =      0.128
Matern (Third Parameter = 1)
- Sill         =      3.282
- Ranges       =      0.567     0.008
- Theo. Ranges =      0.164     0.002
- Angles       =    165.991     0.000
- Rotation Matrix
               [,  0]    [,  1]
     [  0,]     0.970     0.242
     [  1,]    -0.242     0.970
Total Sill     =      3.411
Known Mean(s)     0.000
