
Data Base Grid Characteristics
==============================

Data Base Summary
-----------------
File is organized as a regular grid
Space dimension              = 2
Number of Columns            = 3
Total number of samples      = 1

Grid characteristics:
---------------------
Origin :      0.375     0.375
Mesh   :      0.250     0.250
Number :          1         1

Variables
---------
Column = 0 - Name = rank - Locator = NA
Column = 1 - Name = x1 - Locator = x1
Column = 2 - Name = x2 - Locator = x2

Data Base Grid Characteristics
==============================

Data Base Summary
-----------------
File is organized as a regular grid
Space dimension              = 2
Number of Columns            = 3
Total number of samples      = 25

Grid characteristics:
---------------------
Origin :      0.400     0.400
Mesh   :      0.050     0.050
Number :          5         5

Variables
---------
Column = 0 - Name = rank - Locator = NA
Column = 1 - Name = x1 - Locator = x1
Column = 2 - Name = x2 - Locator = x2

Data Base Grid Characteristics
==============================

Data Base Summary
-----------------
File is organized as a regular grid
Space dimension              = 2
Number of Columns            = 4
Total number of samples      = 10000

Grid characteristics:
---------------------
Origin :      0.000     0.000
Mesh   :      0.010     0.010
Number :        100       100

Variables
---------
Column = 0 - Name = rank - Locator = NA
Column = 1 - Name = x1 - Locator = x1
Column = 2 - Name = x2 - Locator = x2
Column = 3 - Name = Y - Locator = z1

Data Base Grid Characteristics
==============================

Data Base Statistics
--------------------
1 - Name rank - Locator NA
 Nb of data          =      10000
 Nb of active values =      10000
 Minimum value       =      1.000
 Maximum value       =  10000.000
 Mean value          =   5000.500
 Standard Deviation  =   2886.751
 Variance            = 8333333.250
2 - Name x1 - Locator x1
 Nb of data          =      10000
 Nb of active values =      10000
 Minimum value       =      0.000
 Maximum value       =      0.990
 Mean value          =      0.495
 Standard Deviation  =      0.289
 Variance            =      0.083
3 - Name x2 - Locator x2
 Nb of data          =      10000
 Nb of active values =      10000
 Minimum value       =      0.000
 Maximum value       =      0.990
 Mean value          =      0.495
 Standard Deviation  =      0.289
 Variance            =      0.083
4 - Name Y - Locator z1
 Nb of data          =      10000
 Nb of active values =      10000
 Minimum value       =     -4.299
 Maximum value       =      3.647
 Mean value          =      0.074
 Standard Deviation  =      1.012
 Variance            =      1.025
5 - Name Z - Locator NA
 Nb of data          =      10000
 Nb of active values =      10000
 Minimum value       =      0.154
 Maximum value       =      8.198
 Mean value          =      1.561
 Standard Deviation  =      0.845
 Variance            =      0.715

Data Base Characteristics
=========================

Data Base Statistics
--------------------
1 - Name rank - Locator NA
 Nb of data          =        500
 Nb of active values =        500
 Minimum value       =      1.000
 Maximum value       =    500.000
 Mean value          =    250.500
 Standard Deviation  =    144.337
 Variance            =  20833.250
2 - Name x1 - Locator x1
 Nb of data          =        500
 Nb of active values =        500
 Minimum value       =      0.000
 Maximum value       =      0.990
 Mean value          =      0.479
 Standard Deviation  =      0.291
 Variance            =      0.084
3 - Name x2 - Locator x2
 Nb of data          =        500
 Nb of active values =        500
 Minimum value       =      0.000
 Maximum value       =      0.990
 Mean value          =      0.495
 Standard Deviation  =      0.281
 Variance            =      0.079
4 - Name Y - Locator NA
 Nb of data          =        500
 Nb of active values =        500
 Minimum value       =     -3.072
 Maximum value       =      3.148
 Mean value          =      0.030
 Standard Deviation  =      1.040
 Variance            =      1.081
5 - Name Z - Locator z1
 Nb of data          =        500
 Nb of active values =        500
 Minimum value       =      0.285
 Maximum value       =      6.388
 Mean value          =      1.543
 Standard Deviation  =      0.882
 Variance            =      0.778

Hermitian Anamorphosis
----------------------
Minimum absolute value for Y  = -2.6
Maximum absolute value for Y  = 3.2
Minimum absolute value for Z  = 0.286837
Maximum absolute value for Z  = 6.45654
Minimum practical value for Y = -2.6
Maximum practical value for Y = 3.2
Minimum practical value for Z = 0.286837
Maximum practical value for Z = 6.45654
Mean                          = 1.5425
Variance                      = 0.776581
Number of Hermite polynomials = 20
Normalized coefficients for Hermite polynomials (punctual variable)
               [,  0]    [,  1]    [,  2]    [,  3]    [,  4]    [,  5]    [,  6]
     [  0,]     1.543    -0.816     0.319    -0.078    -0.028     0.042    -0.015
     [  7,]     0.001     0.007    -0.012     0.003     0.007    -0.005     0.000
     [ 14,]     0.002    -0.005     0.002     0.006    -0.005    -0.005

Data Base Characteristics
=========================

Data Base Summary
-----------------
File is organized as a set of isolated points
Space dimension              = 2
Number of Columns            = 5
Total number of samples      = 500

Variables
---------
Column = 0 - Name = rank - Locator = NA
Column = 1 - Name = x1 - Locator = x1
Column = 2 - Name = x2 - Locator = x2
Column = 3 - Name = Y - Locator = NA
Column = 4 - Name = Z - Locator = z1

Selectivity
-----------
      Z-Cut    T-estim    Q-estim    B-estim    M-estim
      0.000      1.000      1.543      1.543      1.543
      0.500      0.976      1.533      1.045      1.571

Selectivity
-----------
      Z-Cut    T-estim    Q-estim    B-estim    M-estim
      0.000      1.000      1.542      1.542      1.543
      0.500      0.978      1.534      1.045      1.569

Variogram characteristics
=========================
Number of variable(s)       = 1
Number of direction(s)      = 1
Space dimension             = 2
Variance-Covariance Matrix     0.778

Direction #1
------------
Number of lags              = 10
Direction coefficients      =      1.000     0.000
Direction angles (degrees)  =      0.000     0.000
Tolerance on direction      =     90.000 (degrees)
Calculation lag             =      0.025
Tolerance on distance       =     50.000 (Percent of the lag value)

For variable 1
      Rank    Npairs  Distance     Value
         0    66.000     0.010     0.293
         1   487.000     0.027     0.374
         2   908.000     0.051     0.526
         3  1353.000     0.075     0.669
         4  1698.000     0.101     0.682
         5  1982.000     0.126     0.685
         6  2399.000     0.150     0.702
         7  2801.000     0.175     0.684
         8  3167.000     0.200     0.754
         9  3122.000     0.225     0.768

Model characteristics
=====================
Space dimension              = 2
Number of variable(s)        = 1
Number of basic structure(s) = 1
Number of drift function(s)  = 0
Number of drift equation(s)  = 0

Covariance Part
---------------
Spherical
- Sill         =      0.707
- Range        =      0.085
Total Sill     =      0.707
Known Mean(s)     0.000

Data Base Characteristics
=========================

Data Base Summary
-----------------
File is organized as a set of isolated points
Space dimension              = 2
Number of Columns            = 6
Total number of samples      = 500

Variables
---------
Column = 0 - Name = rank - Locator = NA
Column = 1 - Name = x1 - Locator = x1
Column = 2 - Name = x2 - Locator = x2
Column = 3 - Name = Y - Locator = NA
Column = 4 - Name = Z - Locator = NA
Column = 5 - Name = Gauss.Z - Locator = z1

Variogram characteristics
=========================
Number of variable(s)       = 1
Number of direction(s)      = 1
Space dimension             = 2
Variance-Covariance Matrix     0.990

Direction #1
------------
Number of lags              = 10
Direction coefficients      =      1.000     0.000
Direction angles (degrees)  =      0.000     0.000
Tolerance on direction      =     90.000 (degrees)
Calculation lag             =      0.025
Tolerance on distance       =     50.000 (Percent of the lag value)

For variable 1
      Rank    Npairs  Distance     Value
         0    66.000     0.010     0.271
         1   487.000     0.027     0.490
         2   908.000     0.051     0.700
         3  1353.000     0.075     0.828
         4  1698.000     0.101     0.858
         5  1982.000     0.126     0.896
         6  2399.000     0.150     0.956
         7  2801.000     0.175     0.919
         8  3167.000     0.200     0.976
         9  3122.000     0.225     1.003

Model characteristics
=====================
Space dimension              = 2
Number of variable(s)        = 1
Number of basic structure(s) = 2
Number of drift function(s)  = 0
Number of drift equation(s)  = 0

Covariance Part
---------------
Exponential
- Sill         =      0.615
- Range        =      0.080
- Theo. Range  =      0.027
Exponential
- Sill         =      0.385
- Range        =      0.246
- Theo. Range  =      0.082
Total Sill     =      1.000
Known Mean(s)     0.000

Moving Neighborhood
===================
Minimum number of samples           = 5
Maximum number of samples           = 5
Maximum horizontal distance         = 1

Data Base Characteristics
=========================

Data Base Summary
-----------------
File is organized as a set of isolated points
Space dimension              = 2
Number of Columns            = 6
Total number of samples      = 500

Variables
---------
Column = 0 - Name = rank - Locator = NA
Column = 1 - Name = x1 - Locator = x1
Column = 2 - Name = x2 - Locator = x2
Column = 3 - Name = Y - Locator = NA
Column = 4 - Name = Z - Locator = NA
Column = 5 - Name = Gauss.Z - Locator = z1

Data Base Grid Characteristics
==============================

Data Base Summary
-----------------
File is organized as a regular grid
Space dimension              = 2
Number of Columns            = 13
Total number of samples      = 25

Grid characteristics:
---------------------
Origin :      0.400     0.400
Mesh   :      0.050     0.050
Number :          5         5

Variables
---------
Column = 0 - Name = rank - Locator = NA
Column = 1 - Name = x1 - Locator = x1
Column = 2 - Name = x2 - Locator = x2
Column = 3 - Name = G_PTS.Gauss.Z.estim - Locator = NA
Column = 4 - Name = G_PTS.Gauss.Z.stdev - Locator = NA
Column = 5 - Name = PTS_Recovery.T-estim-0 - Locator = NA
Column = 6 - Name = PTS_Recovery.T-estim-0.5 - Locator = NA
Column = 7 - Name = PTS_Recovery.T-stdev-0 - Locator = NA
Column = 8 - Name = PTS_Recovery.T-stdev-0.5 - Locator = NA
Column = 9 - Name = PTS_Recovery.Q-estim-0 - Locator = NA
Column = 10 - Name = PTS_Recovery.Q-estim-0.5 - Locator = NA
Column = 11 - Name = PTS_Recovery.Q-stdev-0 - Locator = NA
Column = 12 - Name = PTS_Recovery.Q-stdev-0.5 - Locator = z1

Data Base Characteristics
=========================

Data Base Summary
-----------------
File is organized as a set of isolated points
Space dimension              = 2
Number of Columns            = 9
Total number of samples      = 500

Variables
---------
Column = 0 - Name = rank - Locator = NA
Column = 1 - Name = x1 - Locator = x1
Column = 2 - Name = x2 - Locator = x2
Column = 3 - Name = Y - Locator = NA
Column = 4 - Name = Z - Locator = NA
Column = 5 - Name = Gauss.Z - Locator = NA
Column = 6 - Name = Factor.Gauss.Z.1 - Locator = z1
Column = 7 - Name = Factor.Gauss.Z.2 - Locator = z2
Column = 8 - Name = Factor.Gauss.Z.3 - Locator = z3

Processing Factor 1 / 3

Target location
---------------
Sample #1 (from 25)
Coordinate #1 = 0.400000
Coordinate #2 = 0.400000

Data selected in neighborhood
-----------------------------
       Rank     Sample         x1         x2     Sector
          1         10      0.410      0.430          1
          2         83      0.370      0.370          1
          3         94      0.420      0.370          1
          4        213      0.380      0.430          1
          5        374      0.410      0.440          1

LHS of Kriging matrix (compressed)
==================================
Number of active samples    = 5
Total number of equations   = 5
Reduced number of equations = 5

       Rank                     1          2          3          4          5
                  Flag          1          2          3          4          5
          1          1      1.000      0.201      0.247      0.467      0.764
          2          2      0.201      1.000      0.304      0.247      0.174
          3          3      0.247      0.304      1.000      0.201      0.206
          4          4      0.467      0.247      0.201      1.000      0.450
          5          5      0.764      0.174      0.206      0.450      1.000

RHS of Kriging matrix (compressed)
==================================
Number of active samples    = 5
Total number of equations   = 5
Reduced number of equations = 5
Number of right-hand sides  = 1
Punctual Estimation

       Rank       Flag          1
          1          1      0.450
          2          2      0.355
          3          3      0.408
          4          4      0.408
          5          5      0.364

(Co-) Kriging weights
=====================
       Rank         x1         x2       Data        Z1*
          1      0.410      0.430      1.087      0.273
          2      0.370      0.370      0.315      0.179
          3      0.420      0.370      0.445      0.250
          4      0.380      0.430     -1.025      0.191
          5      0.410      0.440      0.678     -0.013
Sum of weights                                    0.881

(Co-) Kriging results
=====================
Target Sample = 1
Variable Z1 
 - Estimate  =       0.259
 - Std. Dev. =       0.799
 - Variance  =       0.638
 - Cov(h=0)  =       1.000

Processing Factor 2 / 3

Target location
---------------
Sample #1 (from 25)
Coordinate #1 = 0.400000
Coordinate #2 = 0.400000

Data selected in neighborhood
-----------------------------
       Rank     Sample         x1         x2     Sector
          1         10      0.410      0.430          1
          2         83      0.370      0.370          1
          3         94      0.420      0.370          1
          4        213      0.380      0.430          1
          5        374      0.410      0.440          1

LHS of Kriging matrix (compressed)
==================================
Number of active samples    = 5
Total number of equations   = 5
Reduced number of equations = 5

       Rank                     1          2          3          4          5
                  Flag          1          2          3          4          5
          1          1      1.000      0.041      0.061      0.218      0.583
          2          2      0.041      1.000      0.092      0.061      0.030
          3          3      0.061      0.092      1.000      0.041      0.043
          4          4      0.218      0.061      0.041      1.000      0.203
          5          5      0.583      0.030      0.043      0.203      1.000

RHS of Kriging matrix (compressed)
==================================
Number of active samples    = 5
Total number of equations   = 5
Reduced number of equations = 5
Number of right-hand sides  = 1
Punctual Estimation

       Rank       Flag          1
          1          1      0.203
          2          2      0.126
          3          3      0.166
          4          4      0.166
          5          5      0.133

(Co-) Kriging weights
=====================
       Rank         x1         x2       Data        Z1*
          1      0.410      0.430      0.129      0.161
          2      0.370      0.370     -0.637      0.099
          3      0.420      0.370     -0.567      0.142
          4      0.380      0.430      0.036      0.118
          5      0.410      0.440     -0.382      0.006
Sum of weights                                    0.526

(Co-) Kriging results
=====================
Target Sample = 1
Variable Z1 
 - Estimate  =      -0.121
 - Std. Dev. =       0.954
 - Variance  =       0.911
 - Cov(h=0)  =       1.000

Processing Factor 3 / 3

Target location
---------------
Sample #1 (from 25)
Coordinate #1 = 0.400000
Coordinate #2 = 0.400000

Data selected in neighborhood
-----------------------------
       Rank     Sample         x1         x2     Sector
          1         10      0.410      0.430          1
          2         83      0.370      0.370          1
          3         94      0.420      0.370          1
          4        213      0.380      0.430          1
          5        374      0.410      0.440          1

LHS of Kriging matrix (compressed)
==================================
Number of active samples    = 5
Total number of equations   = 5
Reduced number of equations = 5

       Rank                     1          2          3          4          5
                  Flag          1          2          3          4          5
          1          1      1.000      0.008      0.015      0.102      0.446
          2          2      0.008      1.000      0.028      0.015      0.005
          3          3      0.015      0.028      1.000      0.008      0.009
          4          4      0.102      0.015      0.008      1.000      0.091
          5          5      0.446      0.005      0.009      0.091      1.000

RHS of Kriging matrix (compressed)
==================================
Number of active samples    = 5
Total number of equations   = 5
Reduced number of equations = 5
Number of right-hand sides  = 1
Punctual Estimation

       Rank       Flag          1
          1          1      0.091
          2          2      0.045
          3          3      0.068
          4          4      0.068
          5          5      0.048

(Co-) Kriging weights
=====================
       Rank         x1         x2       Data        Z1*
          1      0.410      0.430     -0.807      0.081
          2      0.370      0.370     -0.373      0.041
          3      0.420      0.370     -0.509      0.065
          4      0.380      0.430      0.816      0.058
          5      0.410      0.440     -0.703      0.006
Sum of weights                                    0.251

(Co-) Kriging results
=====================
Target Sample = 1
Variable Z1 
 - Estimate  =      -0.071
 - Std. Dev. =       0.991
 - Variance  =       0.982
 - Cov(h=0)  =       1.000

Data Base Grid Characteristics
==============================

Data Base Summary
-----------------
File is organized as a regular grid
Space dimension              = 2
Number of Columns            = 19
Total number of samples      = 25

Grid characteristics:
---------------------
Origin :      0.400     0.400
Mesh   :      0.050     0.050
Number :          5         5

Variables
---------
Column = 0 - Name = rank - Locator = NA
Column = 1 - Name = x1 - Locator = x1
Column = 2 - Name = x2 - Locator = x2
Column = 3 - Name = G_PTS.Gauss.Z.estim - Locator = NA
Column = 4 - Name = G_PTS.Gauss.Z.stdev - Locator = NA
Column = 5 - Name = PTS_Recovery.T-estim-0 - Locator = NA
Column = 6 - Name = PTS_Recovery.T-estim-0.5 - Locator = NA
Column = 7 - Name = PTS_Recovery.T-stdev-0 - Locator = NA
Column = 8 - Name = PTS_Recovery.T-stdev-0.5 - Locator = NA
Column = 9 - Name = PTS_Recovery.Q-estim-0 - Locator = NA
Column = 10 - Name = PTS_Recovery.Q-estim-0.5 - Locator = NA
Column = 11 - Name = PTS_Recovery.Q-stdev-0 - Locator = NA
Column = 12 - Name = PTS_Recovery.Q-stdev-0.5 - Locator = NA
Column = 13 - Name = DK_Pts.Factor.Gauss.Z.1.estim - Locator = z1
Column = 14 - Name = DK_Pts.Factor.Gauss.Z.2.estim - Locator = z2
Column = 15 - Name = DK_Pts.Factor.Gauss.Z.3.estim - Locator = z3
Column = 16 - Name = DK_Pts.Factor.Gauss.Z.1.stdev - Locator = NA
Column = 17 - Name = DK_Pts.Factor.Gauss.Z.2.stdev - Locator = NA
Column = 18 - Name = DK_Pts.Factor.Gauss.Z.3.stdev - Locator = NA

Processing Factor 1 / 3

Target location
---------------
Sample #1 (from 25)
Coordinate #1 = 0.400000
Coordinate #2 = 0.400000

Data selected in neighborhood
-----------------------------
       Rank     Sample         x1         x2     Sector
          1         10      0.410      0.430          1
          2         83      0.370      0.370          1
          3         94      0.420      0.370          1
          4        213      0.380      0.430          1
          5        374      0.410      0.440          1

LHS of Kriging matrix (compressed)
==================================
Number of active samples    = 5
Total number of equations   = 5
Reduced number of equations = 5

       Rank                     1          2          3          4          5
                  Flag          1          2          3          4          5
          1          1      1.000      0.201      0.247      0.467      0.764
          2          2      0.201      1.000      0.304      0.247      0.174
          3          3      0.247      0.304      1.000      0.201      0.206
          4          4      0.467      0.247      0.201      1.000      0.450
          5          5      0.764      0.174      0.206      0.450      1.000

RHS of Kriging matrix (compressed)
==================================
Number of active samples    = 5
Total number of equations   = 5
Reduced number of equations = 5
Number of right-hand sides  = 1
Block Estimation : Discretization = 5 x 5

       Rank       Flag          1
          1          1      0.443
          2          2      0.360
          3          3      0.409
          4          4      0.409
          5          5      0.365

(Co-) Kriging weights
=====================
       Rank         x1         x2      Size1      Size2       Data        Z1*
          1      0.410      0.430      0.050      0.050      1.087      0.252
          2      0.370      0.370      0.050      0.050      0.315      0.184
          3      0.420      0.370      0.050      0.050      0.445      0.251
          4      0.380      0.430      0.050      0.050     -1.025      0.194
          5      0.410      0.440      0.050      0.050      0.678      0.001
Sum of weights                                                          0.883

(Co-) Kriging results
=====================
Target Sample = 1
Variable Z1 
 - Estimate  =       0.245
 - Std. Dev. =       0.427
 - Variance  =       0.182
 - Cov(h=0)  =       0.542

Processing Factor 2 / 3

Target location
---------------
Sample #1 (from 25)
Coordinate #1 = 0.400000
Coordinate #2 = 0.400000

Data selected in neighborhood
-----------------------------
       Rank     Sample         x1         x2     Sector
          1         10      0.410      0.430          1
          2         83      0.370      0.370          1
          3         94      0.420      0.370          1
          4        213      0.380      0.430          1
          5        374      0.410      0.440          1

LHS of Kriging matrix (compressed)
==================================
Number of active samples    = 5
Total number of equations   = 5
Reduced number of equations = 5

       Rank                     1          2          3          4          5
                  Flag          1          2          3          4          5
          1          1      1.000      0.041      0.061      0.218      0.583
          2          2      0.041      1.000      0.092      0.061      0.030
          3          3      0.061      0.092      1.000      0.041      0.043
          4          4      0.218      0.061      0.041      1.000      0.203
          5          5      0.583      0.030      0.043      0.203      1.000

RHS of Kriging matrix (compressed)
==================================
Number of active samples    = 5
Total number of equations   = 5
Reduced number of equations = 5
Number of right-hand sides  = 1
Block Estimation : Discretization = 5 x 5

       Rank       Flag          1
          1          1      0.215
          2          2      0.143
          3          3      0.185
          4          4      0.185
          5          5      0.145

(Co-) Kriging weights
=====================
       Rank         x1         x2      Size1      Size2       Data        Z1*
          1      0.410      0.430      0.050      0.050      0.129      0.165
          2      0.370      0.370      0.050      0.050     -0.637      0.113
          3      0.420      0.370      0.050      0.050     -0.567      0.159
          4      0.380      0.430      0.050      0.050      0.036      0.133
          5      0.410      0.440      0.050      0.050     -0.382      0.011
Sum of weights                                                          0.581

(Co-) Kriging results
=====================
Target Sample = 1
Variable Z1 
 - Estimate  =      -0.140
 - Std. Dev. =       0.460
 - Variance  =       0.212
 - Cov(h=0)  =       0.319

Processing Factor 3 / 3

Target location
---------------
Sample #1 (from 25)
Coordinate #1 = 0.400000
Coordinate #2 = 0.400000

Data selected in neighborhood
-----------------------------
       Rank     Sample         x1         x2     Sector
          1         10      0.410      0.430          1
          2         83      0.370      0.370          1
          3         94      0.420      0.370          1
          4        213      0.380      0.430          1
          5        374      0.410      0.440          1

LHS of Kriging matrix (compressed)
==================================
Number of active samples    = 5
Total number of equations   = 5
Reduced number of equations = 5

       Rank                     1          2          3          4          5
                  Flag          1          2          3          4          5
          1          1      1.000      0.008      0.015      0.102      0.446
          2          2      0.008      1.000      0.028      0.015      0.005
          3          3      0.015      0.028      1.000      0.008      0.009
          4          4      0.102      0.015      0.008      1.000      0.091
          5          5      0.446      0.005      0.009      0.091      1.000

RHS of Kriging matrix (compressed)
==================================
Number of active samples    = 5
Total number of equations   = 5
Reduced number of equations = 5
Number of right-hand sides  = 1
Block Estimation : Discretization = 5 x 5

       Rank       Flag          1
          1          1      0.113
          2          2      0.063
          3          3      0.093
          4          4      0.093
          5          5      0.062

(Co-) Kriging weights
=====================
       Rank         x1         x2      Size1      Size2       Data        Z1*
          1      0.410      0.430      0.050      0.050     -0.807      0.099
          2      0.370      0.370      0.050      0.050     -0.373      0.058
          3      0.420      0.370      0.050      0.050     -0.509      0.089
          4      0.380      0.430      0.050      0.050      0.816      0.080
          5      0.410      0.440      0.050      0.050     -0.703      0.009
Sum of weights                                                          0.335

(Co-) Kriging results
=====================
Target Sample = 1
Variable Z1 
 - Estimate  =      -0.088
 - Std. Dev. =       0.414
 - Variance  =       0.171
 - Cov(h=0)  =       0.202

Data Base Grid Characteristics
==============================

Data Base Summary
-----------------
File is organized as a regular grid
Space dimension              = 2
Number of Columns            = 25
Total number of samples      = 25

Grid characteristics:
---------------------
Origin :      0.400     0.400
Mesh   :      0.050     0.050
Number :          5         5

Variables
---------
Column = 0 - Name = rank - Locator = NA
Column = 1 - Name = x1 - Locator = x1
Column = 2 - Name = x2 - Locator = x2
Column = 3 - Name = G_PTS.Gauss.Z.estim - Locator = NA
Column = 4 - Name = G_PTS.Gauss.Z.stdev - Locator = NA
Column = 5 - Name = PTS_Recovery.T-estim-0 - Locator = NA
Column = 6 - Name = PTS_Recovery.T-estim-0.5 - Locator = NA
Column = 7 - Name = PTS_Recovery.T-stdev-0 - Locator = NA
Column = 8 - Name = PTS_Recovery.T-stdev-0.5 - Locator = NA
Column = 9 - Name = PTS_Recovery.Q-estim-0 - Locator = NA
Column = 10 - Name = PTS_Recovery.Q-estim-0.5 - Locator = NA
Column = 11 - Name = PTS_Recovery.Q-stdev-0 - Locator = NA
Column = 12 - Name = PTS_Recovery.Q-stdev-0.5 - Locator = NA
Column = 13 - Name = DK_Pts.Factor.Gauss.Z.1.estim - Locator = NA
Column = 14 - Name = DK_Pts.Factor.Gauss.Z.2.estim - Locator = NA
Column = 15 - Name = DK_Pts.Factor.Gauss.Z.3.estim - Locator = NA
Column = 16 - Name = DK_Pts.Factor.Gauss.Z.1.stdev - Locator = NA
Column = 17 - Name = DK_Pts.Factor.Gauss.Z.2.stdev - Locator = NA
Column = 18 - Name = DK_Pts.Factor.Gauss.Z.3.stdev - Locator = NA
Column = 19 - Name = DK_Blk.Factor.Gauss.Z.1.estim - Locator = z1
Column = 20 - Name = DK_Blk.Factor.Gauss.Z.2.estim - Locator = z2
Column = 21 - Name = DK_Blk.Factor.Gauss.Z.3.estim - Locator = z3
Column = 22 - Name = DK_Blk.Factor.Gauss.Z.1.stdev - Locator = NA
Column = 23 - Name = DK_Blk.Factor.Gauss.Z.2.stdev - Locator = NA
Column = 24 - Name = DK_Blk.Factor.Gauss.Z.3.stdev - Locator = NA

Processing Factor 1 / 3

Target location
---------------
Sample #1 (from 1)
Coordinate #1 = 0.375000
Coordinate #2 = 0.375000

Data selected in neighborhood
-----------------------------
       Rank     Sample         x1         x2     Sector
          1         57      0.350      0.390          1
          2         83      0.370      0.370          1
          3        199      0.350      0.340          1
          4        423      0.400      0.350          1
          5        453      0.390      0.350          1

LHS of Kriging matrix (compressed)
==================================
Number of active samples    = 5
Total number of equations   = 5
Reduced number of equations = 5

       Rank                     1          2          3          4          5
                  Flag          1          2          3          4          5
          1          1      1.000      0.486      0.304      0.232      0.267
          2          2      0.486      1.000      0.408      0.408      0.486
          3          3      0.304      0.408      1.000      0.298      0.364
          4          4      0.232      0.408      0.298      1.000      0.764
          5          5      0.267      0.486      0.364      0.764      1.000

RHS of Kriging matrix (compressed)
==================================
Number of active samples    = 5
Total number of equations   = 5
Reduced number of equations = 5
Number of right-hand sides  = 1
Block Estimation : Discretization = 10 x 10

       Rank       Flag          1
          1          1      0.172
          2          2      0.175
          3          3      0.169
          4          4      0.170
          5          5      0.172

(Co-) Kriging weights
=====================
       Rank         x1         x2      Size1      Size2       Data        Z1*
          1      0.350      0.390      0.250      0.250     -1.119      0.097
          2      0.370      0.370      0.250      0.250      0.315      0.044
          3      0.350      0.340      0.250      0.250      2.478      0.085
          4      0.400      0.350      0.250      0.250      0.188      0.079
          5      0.390      0.350      0.250      0.250      0.807      0.033
Sum of weights                                                          0.339

(Co-) Kriging results
=====================
Target Sample = 1
Variable Z1 
 - Estimate  =       0.158
 - Std. Dev. =       0.282
 - Variance  =       0.080
 - Cov(h=0)  =       0.138

Processing Factor 2 / 3

Target location
---------------
Sample #1 (from 1)
Coordinate #1 = 0.375000
Coordinate #2 = 0.375000

Data selected in neighborhood
-----------------------------
       Rank     Sample         x1         x2     Sector
          1         57      0.350      0.390          1
          2         83      0.370      0.370          1
          3        199      0.350      0.340          1
          4        423      0.400      0.350          1
          5        453      0.390      0.350          1

LHS of Kriging matrix (compressed)
==================================
Number of active samples    = 5
Total number of equations   = 5
Reduced number of equations = 5

       Rank                     1          2          3          4          5
                  Flag          1          2          3          4          5
          1          1      1.000      0.236      0.092      0.054      0.071
          2          2      0.236      1.000      0.166      0.166      0.236
          3          3      0.092      0.166      1.000      0.089      0.133
          4          4      0.054      0.166      0.089      1.000      0.583
          5          5      0.071      0.236      0.133      0.583      1.000

RHS of Kriging matrix (compressed)
==================================
Number of active samples    = 5
Total number of equations   = 5
Reduced number of equations = 5
Number of right-hand sides  = 1
Block Estimation : Discretization = 10 x 10

       Rank       Flag          1
          1          1      0.047
          2          2      0.047
          3          3      0.046
          4          4      0.046
          5          5      0.047

(Co-) Kriging weights
=====================
       Rank         x1         x2      Size1      Size2       Data        Z1*
          1      0.350      0.390      0.250      0.250      0.178      0.035
          2      0.370      0.370      0.250      0.250     -0.637      0.024
          3      0.350      0.340      0.250      0.250      3.636      0.034
          4      0.400      0.350      0.250      0.250     -0.682      0.026
          5      0.390      0.350      0.250      0.250     -0.247      0.019
Sum of weights                                                          0.138

(Co-) Kriging results
=====================
Target Sample = 1
Variable Z1 
 - Estimate  =       0.092
 - Std. Dev. =       0.179
 - Variance  =       0.032
 - Cov(h=0)  =       0.038

Processing Factor 3 / 3

Target location
---------------
Sample #1 (from 1)
Coordinate #1 = 0.375000
Coordinate #2 = 0.375000

Data selected in neighborhood
-----------------------------
       Rank     Sample         x1         x2     Sector
          1         57      0.350      0.390          1
          2         83      0.370      0.370          1
          3        199      0.350      0.340          1
          4        423      0.400      0.350          1
          5        453      0.390      0.350          1

LHS of Kriging matrix (compressed)
==================================
Number of active samples    = 5
Total number of equations   = 5
Reduced number of equations = 5

       Rank                     1          2          3          4          5
                  Flag          1          2          3          4          5
          1          1      1.000      0.115      0.028      0.013      0.019
          2          2      0.115      1.000      0.068      0.068      0.115
          3          3      0.028      0.068      1.000      0.026      0.048
          4          4      0.013      0.068      0.026      1.000      0.446
          5          5      0.019      0.115      0.048      0.446      1.000

RHS of Kriging matrix (compressed)
==================================
Number of active samples    = 5
Total number of equations   = 5
Reduced number of equations = 5
Number of right-hand sides  = 1
Block Estimation : Discretization = 10 x 10

       Rank       Flag          1
          1          1      0.018
          2          2      0.018
          3          3      0.018
          4          4      0.018
          5          5      0.018

(Co-) Kriging weights
=====================
       Rank         x1         x2      Size1      Size2       Data        Z1*
          1      0.350      0.390      0.250      0.250      0.799      0.016
          2      0.370      0.370      0.250      0.250     -0.373      0.013
          3      0.350      0.340      0.250      0.250      3.179      0.016
          4      0.400      0.350      0.250      0.250     -0.227      0.011
          5      0.390      0.350      0.250      0.250     -0.774      0.011
Sum of weights                                                          0.068

(Co-) Kriging results
=====================
Target Sample = 1
Variable Z1 
 - Estimate  =       0.048
 - Std. Dev. =       0.124
 - Variance  =       0.015
 - Cov(h=0)  =       0.017

Data Base Grid Characteristics
==============================

Data Base Summary
-----------------
File is organized as a regular grid
Space dimension              = 2
Number of Columns            = 9
Total number of samples      = 1

Grid characteristics:
---------------------
Origin :      0.375     0.375
Mesh   :      0.250     0.250
Number :          1         1

Variables
---------
Column = 0 - Name = rank - Locator = NA
Column = 1 - Name = x1 - Locator = x1
Column = 2 - Name = x2 - Locator = x2
Column = 3 - Name = DK_Blk.Factor.Gauss.Z.1.estim - Locator = z1
Column = 4 - Name = DK_Blk.Factor.Gauss.Z.2.estim - Locator = z2
Column = 5 - Name = DK_Blk.Factor.Gauss.Z.3.estim - Locator = z3
Column = 6 - Name = DK_Blk.Factor.Gauss.Z.1.stdev - Locator = NA
Column = 7 - Name = DK_Blk.Factor.Gauss.Z.2.stdev - Locator = NA
Column = 8 - Name = DK_Blk.Factor.Gauss.Z.3.stdev - Locator = NA

Data Base Characteristics
=========================

Data Base Summary
-----------------
File is organized as a set of isolated points
Space dimension              = 2
Number of Columns            = 9
Total number of samples      = 500

Variables
---------
Column = 0 - Name = rank - Locator = NA
Column = 1 - Name = x1 - Locator = x1
Column = 2 - Name = x2 - Locator = x2
Column = 3 - Name = Y - Locator = NA
Column = 4 - Name = Z - Locator = z1
Column = 5 - Name = Gauss.Z - Locator = NA
Column = 6 - Name = Factor.Gauss.Z.1 - Locator = NA
Column = 7 - Name = Factor.Gauss.Z.2 - Locator = NA
Column = 8 - Name = Factor.Gauss.Z.3 - Locator = NA

Target location
---------------
Sample #1 (from 25)
Coordinate #1 = 0.400000
Coordinate #2 = 0.400000

Data selected in neighborhood
-----------------------------
       Rank     Sample         x1         x2     Sector
          1         10      0.410      0.430          1
          2         83      0.370      0.370          1
          3         94      0.420      0.370          1
          4        213      0.380      0.430          1
          5        374      0.410      0.440          1

LHS of Kriging matrix (compressed)
==================================
Number of active samples    = 5
Total number of equations   = 5
Reduced number of equations = 5

       Rank                     1          2          3          4          5
                  Flag          1          2          3          4          5
          1          1      1.000      0.201      0.247      0.467      0.764
          2          2      0.201      1.000      0.304      0.247      0.174
          3          3      0.247      0.304      1.000      0.201      0.206
          4          4      0.467      0.247      0.201      1.000      0.450
          5          5      0.764      0.174      0.206      0.450      1.000

RHS of Kriging matrix (compressed)
==================================
Number of active samples    = 5
Total number of equations   = 5
Reduced number of equations = 5
Number of right-hand sides  = 1
Punctual Estimation

       Rank       Flag          1
          1          1      0.450
          2          2      0.355
          3          3      0.408
          4          4      0.408
          5          5      0.364

(Co-) Kriging weights
=====================
       Rank         x1         x2       Data        Z1*
          1      0.410      0.430      0.777      0.273
          2      0.370      0.370      1.120      0.179
          3      0.420      0.370      1.051      0.250
          4      0.380      0.430      2.313      0.191
          5      0.410      0.440      0.938     -0.013
Sum of weights                                    0.881

(Co-) Kriging results
=====================
Target Sample = 1
Variable Z1 
 - Estimate  =       1.106
 - Std. Dev. =       0.799
 - Variance  =       0.638
 - Cov(h=0)  =       1.000

Data Base Grid Characteristics
==============================

Data Base Summary
-----------------
File is organized as a regular grid
Space dimension              = 2
Number of Columns            = 27
Total number of samples      = 25

Grid characteristics:
---------------------
Origin :      0.400     0.400
Mesh   :      0.050     0.050
Number :          5         5

Variables
---------
Column = 0 - Name = rank - Locator = NA
Column = 1 - Name = x1 - Locator = x1
Column = 2 - Name = x2 - Locator = x2
Column = 3 - Name = G_PTS.Gauss.Z.estim - Locator = NA
Column = 4 - Name = G_PTS.Gauss.Z.stdev - Locator = NA
Column = 5 - Name = PTS_Recovery.T-estim-0 - Locator = NA
Column = 6 - Name = PTS_Recovery.T-estim-0.5 - Locator = NA
Column = 7 - Name = PTS_Recovery.T-stdev-0 - Locator = NA
Column = 8 - Name = PTS_Recovery.T-stdev-0.5 - Locator = NA
Column = 9 - Name = PTS_Recovery.Q-estim-0 - Locator = NA
Column = 10 - Name = PTS_Recovery.Q-estim-0.5 - Locator = NA
Column = 11 - Name = PTS_Recovery.Q-stdev-0 - Locator = NA
Column = 12 - Name = PTS_Recovery.Q-stdev-0.5 - Locator = NA
Column = 13 - Name = DK_Pts.Factor.Gauss.Z.1.estim - Locator = NA
Column = 14 - Name = DK_Pts.Factor.Gauss.Z.2.estim - Locator = NA
Column = 15 - Name = DK_Pts.Factor.Gauss.Z.3.estim - Locator = NA
Column = 16 - Name = DK_Pts.Factor.Gauss.Z.1.stdev - Locator = NA
Column = 17 - Name = DK_Pts.Factor.Gauss.Z.2.stdev - Locator = NA
Column = 18 - Name = DK_Pts.Factor.Gauss.Z.3.stdev - Locator = NA
Column = 19 - Name = DK_Blk.Factor.Gauss.Z.1.estim - Locator = NA
Column = 20 - Name = DK_Blk.Factor.Gauss.Z.2.estim - Locator = NA
Column = 21 - Name = DK_Blk.Factor.Gauss.Z.3.estim - Locator = NA
Column = 22 - Name = DK_Blk.Factor.Gauss.Z.1.stdev - Locator = NA
Column = 23 - Name = DK_Blk.Factor.Gauss.Z.2.stdev - Locator = NA
Column = 24 - Name = DK_Blk.Factor.Gauss.Z.3.stdev - Locator = NA
Column = 25 - Name = Z_PTS.Z.estim - Locator = z1
Column = 26 - Name = Z_PTS.Z.stdev - Locator = NA

Data Base Grid Characteristics
==============================

Data Base Summary
-----------------
File is organized as a regular grid
Space dimension              = 2
Number of Columns            = 35
Total number of samples      = 25

Grid characteristics:
---------------------
Origin :      0.400     0.400
Mesh   :      0.050     0.050
Number :          5         5

Variables
---------
Column = 0 - Name = rank - Locator = NA
Column = 1 - Name = x1 - Locator = x1
Column = 2 - Name = x2 - Locator = x2
Column = 3 - Name = G_PTS.Gauss.Z.estim - Locator = NA
Column = 4 - Name = G_PTS.Gauss.Z.stdev - Locator = NA
Column = 5 - Name = PTS_Recovery.T-estim-0 - Locator = NA
Column = 6 - Name = PTS_Recovery.T-estim-0.5 - Locator = NA
Column = 7 - Name = PTS_Recovery.T-stdev-0 - Locator = NA
Column = 8 - Name = PTS_Recovery.T-stdev-0.5 - Locator = NA
Column = 9 - Name = PTS_Recovery.Q-estim-0 - Locator = NA
Column = 10 - Name = PTS_Recovery.Q-estim-0.5 - Locator = NA
Column = 11 - Name = PTS_Recovery.Q-stdev-0 - Locator = NA
Column = 12 - Name = PTS_Recovery.Q-stdev-0.5 - Locator = NA
Column = 13 - Name = DK_Pts.Factor.Gauss.Z.1.estim - Locator = NA
Column = 14 - Name = DK_Pts.Factor.Gauss.Z.2.estim - Locator = NA
Column = 15 - Name = DK_Pts.Factor.Gauss.Z.3.estim - Locator = NA
Column = 16 - Name = DK_Pts.Factor.Gauss.Z.1.stdev - Locator = NA
Column = 17 - Name = DK_Pts.Factor.Gauss.Z.2.stdev - Locator = NA
Column = 18 - Name = DK_Pts.Factor.Gauss.Z.3.stdev - Locator = NA
Column = 19 - Name = DK_Blk.Factor.Gauss.Z.1.estim - Locator = NA
Column = 20 - Name = DK_Blk.Factor.Gauss.Z.2.estim - Locator = NA
Column = 21 - Name = DK_Blk.Factor.Gauss.Z.3.estim - Locator = NA
Column = 22 - Name = DK_Blk.Factor.Gauss.Z.1.stdev - Locator = NA
Column = 23 - Name = DK_Blk.Factor.Gauss.Z.2.stdev - Locator = NA
Column = 24 - Name = DK_Blk.Factor.Gauss.Z.3.stdev - Locator = NA
Column = 25 - Name = Z_PTS.Z.estim - Locator = NA
Column = 26 - Name = Z_PTS.Z.stdev - Locator = NA
Column = 27 - Name = UC.T-estim-0 - Locator = NA
Column = 28 - Name = UC.T-estim-0.5 - Locator = NA
Column = 29 - Name = UC.T-stdev-0 - Locator = NA
Column = 30 - Name = UC.T-stdev-0.5 - Locator = NA
Column = 31 - Name = UC.Q-estim-0 - Locator = NA
Column = 32 - Name = UC.Q-estim-0.5 - Locator = NA
Column = 33 - Name = UC.Q-stdev-0 - Locator = NA
Column = 34 - Name = UC.Q-stdev-0.5 - Locator = z1
Change of Support coefficient (DGM-1) =  0.707

Model characteristics
=====================
Space dimension              = 2
Number of variable(s)        = 1
Number of basic structure(s) = 1
Number of drift function(s)  = 0
Number of drift equation(s)  = 0

Covariance Part
---------------
Exponential
- Sill         =      1.000
- Range        =      0.593
- Theo. Range  =      0.198
Total Sill     =      1.000

Hermitian Anamorphosis
----------------------
Minimum absolute value for Y  = -2.6
Maximum absolute value for Y  = 3.2
Minimum absolute value for Z  = 0.286837
Maximum absolute value for Z  = 6.45654
Minimum practical value for Y = -2.6
Maximum practical value for Y = 3.2
Minimum practical value for Z = 0.286837
Maximum practical value for Z = 6.45654
Mean                          = 1.5425
Variance                      = 0.359084
Number of Hermite polynomials = 20
Change of Support Coefficient = 0.707107
Normalized coefficients for Hermite polynomials (punctual variable)
               [,  0]    [,  1]    [,  2]    [,  3]    [,  4]    [,  5]    [,  6]
     [  0,]     1.543    -0.816     0.319    -0.078    -0.028     0.042    -0.015
     [  7,]     0.001     0.007    -0.012     0.003     0.007    -0.005     0.000
     [ 14,]     0.002    -0.005     0.002     0.006    -0.005    -0.005
Known Mean(s)     0.000

Processing Factor 1 / 1

Target location
---------------
Sample #1 (from 25)
Coordinate #1 = 0.400000
Coordinate #2 = 0.400000

Data selected in neighborhood
-----------------------------
       Rank     Sample         x1         x2     Sector
          1         10      0.400      0.450          1
          2         46      0.400      0.450          1
          3         57      0.350      0.400          1
          4         94      0.400      0.350          1
          5        213      0.400      0.450          1

LHS of Kriging matrix (compressed)
==================================
Number of active samples    = 5
Total number of equations   = 5
Reduced number of equations = 5

       Rank                     1          2          3          4          5
                  Flag          1          2          3          4          5
          1          1      1.000      0.500      0.350      0.302      0.500
          2          2      0.500      1.000      0.350      0.302      0.500
          3          3      0.350      0.350      1.000      0.350      0.350
          4          4      0.302      0.302      0.350      1.000      0.302
          5          5      0.500      0.500      0.350      0.302      1.000

RHS of Kriging matrix (compressed)
==================================
Number of active samples    = 5
Total number of equations   = 5
Reduced number of equations = 5
Number of right-hand sides  = 1
Punctual Estimation

       Rank       Flag          1
          1          1      0.549
          2          2      0.549
          3          3      0.549
          4          4      0.549
          5          5      0.549

(Co-) Kriging weights
=====================
       Rank         x1         x2       Data        Z1*
          1      0.400      0.450     -1.087      0.187
          2      0.400      0.450      0.231      0.187
          3      0.350      0.400      1.119      0.251
          4      0.400      0.350     -0.445      0.293
          5      0.400      0.450      1.025      0.187
Sum of weights                                    1.103

(Co-) Kriging results
=====================
Target Sample = 1
Variable Z1 
 - Estimate  =       0.182
 - Std. Dev. =       0.628
 - Variance  =       0.394
 - Cov(h=0)  =       1.000

Data Base Grid Characteristics
==============================

Data Base Summary
-----------------
File is organized as a regular grid
Space dimension              = 2
Number of Columns            = 37
Total number of samples      = 25

Grid characteristics:
---------------------
Origin :      0.400     0.400
Mesh   :      0.050     0.050
Number :          5         5

Variables
---------
Column = 0 - Name = rank - Locator = NA
Column = 1 - Name = x1 - Locator = x1
Column = 2 - Name = x2 - Locator = x2
Column = 3 - Name = G_PTS.Gauss.Z.estim - Locator = NA
Column = 4 - Name = G_PTS.Gauss.Z.stdev - Locator = NA
Column = 5 - Name = PTS_Recovery.T-estim-0 - Locator = NA
Column = 6 - Name = PTS_Recovery.T-estim-0.5 - Locator = NA
Column = 7 - Name = PTS_Recovery.T-stdev-0 - Locator = NA
Column = 8 - Name = PTS_Recovery.T-stdev-0.5 - Locator = NA
Column = 9 - Name = PTS_Recovery.Q-estim-0 - Locator = NA
Column = 10 - Name = PTS_Recovery.Q-estim-0.5 - Locator = NA
Column = 11 - Name = PTS_Recovery.Q-stdev-0 - Locator = NA
Column = 12 - Name = PTS_Recovery.Q-stdev-0.5 - Locator = NA
Column = 13 - Name = DK_Pts.Factor.Gauss.Z.1.estim - Locator = NA
Column = 14 - Name = DK_Pts.Factor.Gauss.Z.2.estim - Locator = NA
Column = 15 - Name = DK_Pts.Factor.Gauss.Z.3.estim - Locator = NA
Column = 16 - Name = DK_Pts.Factor.Gauss.Z.1.stdev - Locator = NA
Column = 17 - Name = DK_Pts.Factor.Gauss.Z.2.stdev - Locator = NA
Column = 18 - Name = DK_Pts.Factor.Gauss.Z.3.stdev - Locator = NA
Column = 19 - Name = DK_Blk.Factor.Gauss.Z.1.estim - Locator = NA
Column = 20 - Name = DK_Blk.Factor.Gauss.Z.2.estim - Locator = NA
Column = 21 - Name = DK_Blk.Factor.Gauss.Z.3.estim - Locator = NA
Column = 22 - Name = DK_Blk.Factor.Gauss.Z.1.stdev - Locator = NA
Column = 23 - Name = DK_Blk.Factor.Gauss.Z.2.stdev - Locator = NA
Column = 24 - Name = DK_Blk.Factor.Gauss.Z.3.stdev - Locator = NA
Column = 25 - Name = Z_PTS.Z.estim - Locator = NA
Column = 26 - Name = Z_PTS.Z.stdev - Locator = NA
Column = 27 - Name = UC.T-estim-0 - Locator = NA
Column = 28 - Name = UC.T-estim-0.5 - Locator = NA
Column = 29 - Name = UC.T-stdev-0 - Locator = NA
Column = 30 - Name = UC.T-stdev-0.5 - Locator = NA
Column = 31 - Name = UC.Q-estim-0 - Locator = NA
Column = 32 - Name = UC.Q-estim-0.5 - Locator = NA
Column = 33 - Name = UC.Q-stdev-0 - Locator = NA
Column = 34 - Name = UC.Q-stdev-0.5 - Locator = NA
Column = 35 - Name = DK_DGM1.Gauss.Z.estim - Locator = z1
Column = 36 - Name = DK_DGM1.Gauss.Z.stdev - Locator = NA

Processing Factor 1 / 1

Target location
---------------
Sample #1 (from 1)
Coordinate #1 = 0.375000
Coordinate #2 = 0.375000

Data selected in neighborhood
-----------------------------
       Rank     Sample         x1         x2     Sector
          1         57      0.375      0.375          1
          2         83      0.375      0.375          1
          3         94      0.425      0.375          1
          4        127      0.325      0.375          1
          5        453      0.375      0.375          1

LHS of Kriging matrix (compressed)
==================================
Number of active samples    = 5
Total number of equations   = 5
Reduced number of equations = 5

       Rank                     1          2          3          4          5
                  Flag          1          2          3          4          5
          1          1      1.000      0.500      0.388      0.388      0.500
          2          2      0.500      1.000      0.388      0.388      0.500
          3          3      0.388      0.388      1.000      0.302      0.388
          4          4      0.388      0.388      0.302      1.000      0.388
          5          5      0.500      0.500      0.388      0.388      1.000

RHS of Kriging matrix (compressed)
==================================
Number of active samples    = 5
Total number of equations   = 5
Reduced number of equations = 5
Number of right-hand sides  = 1
Block Estimation : Discretization = 5 x 5

       Rank       Flag          1
          1          1      0.448
          2          2      0.448
          3          3      0.432
          4          4      0.432
          5          5      0.448

(Co-) Kriging weights
=====================
       Rank         x1         x2      Size1      Size2       Data        Z1*
          1      0.375      0.375      0.250      0.250      1.119      0.145
          2      0.375      0.375      0.250      0.250     -0.315      0.145
          3      0.425      0.375      0.250      0.250     -0.445      0.202
          4      0.325      0.375      0.250      0.250     -1.250      0.202
          5      0.375      0.375      0.250      0.250     -0.807      0.145
Sum of weights                                                          0.840

(Co-) Kriging results
=====================
Target Sample = 1
Variable Z1 
 - Estimate  =      -0.342
 - Std. Dev. =       0.419
 - Variance  =       0.175
 - Cov(h=0)  =       0.545

Data Base Grid Characteristics
==============================

Data Base Summary
-----------------
File is organized as a regular grid
Space dimension              = 2
Number of Columns            = 11
Total number of samples      = 1

Grid characteristics:
---------------------
Origin :      0.375     0.375
Mesh   :      0.250     0.250
Number :          1         1

Variables
---------
Column = 0 - Name = rank - Locator = NA
Column = 1 - Name = x1 - Locator = x1
Column = 2 - Name = x2 - Locator = x2
Column = 3 - Name = DK_Blk.Factor.Gauss.Z.1.estim - Locator = NA
Column = 4 - Name = DK_Blk.Factor.Gauss.Z.2.estim - Locator = NA
Column = 5 - Name = DK_Blk.Factor.Gauss.Z.3.estim - Locator = NA
Column = 6 - Name = DK_Blk.Factor.Gauss.Z.1.stdev - Locator = NA
Column = 7 - Name = DK_Blk.Factor.Gauss.Z.2.stdev - Locator = NA
Column = 8 - Name = DK_Blk.Factor.Gauss.Z.3.stdev - Locator = NA
Column = 9 - Name = DK_DGM1.Gauss.Z.estim - Locator = z1
Column = 10 - Name = DK_DGM1.Gauss.Z.stdev - Locator = NA
Change of Support coefficient (DGM-2) =  0.739

Model characteristics
=====================
Space dimension              = 2
Number of variable(s)        = 1
Number of basic structure(s) = 1
Number of drift function(s)  = 0
Number of drift equation(s)  = 0

Covariance Part
---------------
Exponential
- Sill         =      1.000
- Range        =      0.296
- Theo. Range  =      0.099
Total Sill     =      1.000
Known Mean(s)     0.000

Model characteristics
=====================
Space dimension              = 2
Number of variable(s)        = 1
Number of basic structure(s) = 1
Number of drift function(s)  = 0
Number of drift equation(s)  = 0

Covariance Part
---------------
Exponential
- Sill         =      1.000
- Range        =      0.296
- Theo. Range  =      0.099
Total Sill     =      1.000

Hermitian Anamorphosis
----------------------
Minimum absolute value for Y  = -2.6
Maximum absolute value for Y  = 3.2
Minimum absolute value for Z  = 0.286837
Maximum absolute value for Z  = 6.45654
Minimum practical value for Y = -2.6
Maximum practical value for Y = 3.2
Minimum practical value for Z = 0.286837
Maximum practical value for Z = 6.45654
Mean                          = 1.5425
Variance                      = 0.394788
Number of Hermite polynomials = 20
Change of Support Coefficient = 0.738838
Normalized coefficients for Hermite polynomials (punctual variable)
               [,  0]    [,  1]    [,  2]    [,  3]    [,  4]    [,  5]    [,  6]
     [  0,]     1.543    -0.816     0.319    -0.078    -0.028     0.042    -0.015
     [  7,]     0.001     0.007    -0.012     0.003     0.007    -0.005     0.000
     [ 14,]     0.002    -0.005     0.002     0.006    -0.005    -0.005
Known Mean(s)     0.000

Processing Factor 1 / 1

Target location
---------------
Sample #1 (from 25)
Coordinate #1 = 0.400000
Coordinate #2 = 0.400000

Data selected in neighborhood
-----------------------------
       Rank     Sample         x1         x2     Sector
          1         10      0.400      0.450          1
          2         46      0.400      0.450          1
          3         57      0.350      0.400          1
          4         94      0.400      0.350          1
          5        213      0.400      0.450          1

LHS of Kriging matrix (compressed)
==================================
Number of active samples    = 5
Total number of equations   = 5
Reduced number of equations = 5

       Rank                     1          2          3          4          5
                  Flag          1          2          3          4          5
          1          1      1.000      0.546      0.267      0.198      0.546
          2          2      0.546      1.000      0.267      0.198      0.546
          3          3      0.267      0.267      1.000      0.267      0.267
          4          4      0.198      0.198      0.267      1.000      0.198
          5          5      0.546      0.546      0.267      0.198      1.000

RHS of Kriging matrix (compressed)
==================================
Number of active samples    = 5
Total number of equations   = 5
Reduced number of equations = 5
Number of right-hand sides  = 1
Punctual Estimation

       Rank       Flag          1
          1          1      0.445
          2          2      0.445
          3          3      0.445
          4          4      0.445
          5          5      0.445

(Co-) Kriging weights
=====================
       Rank         x1         x2       Data        Z1*
          1      0.400      0.450     -1.087      0.154
          2      0.400      0.450      0.231      0.154
          3      0.350      0.400      1.119      0.245
          4      0.400      0.350     -0.445      0.288
          5      0.400      0.450      1.025      0.154
Sum of weights                                    0.996

(Co-) Kriging results
=====================
Target Sample = 1
Variable Z1 
 - Estimate  =       0.172
 - Std. Dev. =       0.746
 - Variance  =       0.556
 - Cov(h=0)  =       1.000

Data Base Grid Characteristics
==============================

Data Base Summary
-----------------
File is organized as a regular grid
Space dimension              = 2
Number of Columns            = 39
Total number of samples      = 25

Grid characteristics:
---------------------
Origin :      0.400     0.400
Mesh   :      0.050     0.050
Number :          5         5

Variables
---------
Column = 0 - Name = rank - Locator = NA
Column = 1 - Name = x1 - Locator = x1
Column = 2 - Name = x2 - Locator = x2
Column = 3 - Name = G_PTS.Gauss.Z.estim - Locator = NA
Column = 4 - Name = G_PTS.Gauss.Z.stdev - Locator = NA
Column = 5 - Name = PTS_Recovery.T-estim-0 - Locator = NA
Column = 6 - Name = PTS_Recovery.T-estim-0.5 - Locator = NA
Column = 7 - Name = PTS_Recovery.T-stdev-0 - Locator = NA
Column = 8 - Name = PTS_Recovery.T-stdev-0.5 - Locator = NA
Column = 9 - Name = PTS_Recovery.Q-estim-0 - Locator = NA
Column = 10 - Name = PTS_Recovery.Q-estim-0.5 - Locator = NA
Column = 11 - Name = PTS_Recovery.Q-stdev-0 - Locator = NA
Column = 12 - Name = PTS_Recovery.Q-stdev-0.5 - Locator = NA
Column = 13 - Name = DK_Pts.Factor.Gauss.Z.1.estim - Locator = NA
Column = 14 - Name = DK_Pts.Factor.Gauss.Z.2.estim - Locator = NA
Column = 15 - Name = DK_Pts.Factor.Gauss.Z.3.estim - Locator = NA
Column = 16 - Name = DK_Pts.Factor.Gauss.Z.1.stdev - Locator = NA
Column = 17 - Name = DK_Pts.Factor.Gauss.Z.2.stdev - Locator = NA
Column = 18 - Name = DK_Pts.Factor.Gauss.Z.3.stdev - Locator = NA
Column = 19 - Name = DK_Blk.Factor.Gauss.Z.1.estim - Locator = NA
Column = 20 - Name = DK_Blk.Factor.Gauss.Z.2.estim - Locator = NA
Column = 21 - Name = DK_Blk.Factor.Gauss.Z.3.estim - Locator = NA
Column = 22 - Name = DK_Blk.Factor.Gauss.Z.1.stdev - Locator = NA
Column = 23 - Name = DK_Blk.Factor.Gauss.Z.2.stdev - Locator = NA
Column = 24 - Name = DK_Blk.Factor.Gauss.Z.3.stdev - Locator = NA
Column = 25 - Name = Z_PTS.Z.estim - Locator = NA
Column = 26 - Name = Z_PTS.Z.stdev - Locator = NA
Column = 27 - Name = UC.T-estim-0 - Locator = NA
Column = 28 - Name = UC.T-estim-0.5 - Locator = NA
Column = 29 - Name = UC.T-stdev-0 - Locator = NA
Column = 30 - Name = UC.T-stdev-0.5 - Locator = NA
Column = 31 - Name = UC.Q-estim-0 - Locator = NA
Column = 32 - Name = UC.Q-estim-0.5 - Locator = NA
Column = 33 - Name = UC.Q-stdev-0 - Locator = NA
Column = 34 - Name = UC.Q-stdev-0.5 - Locator = NA
Column = 35 - Name = DK_DGM1.Gauss.Z.estim - Locator = NA
Column = 36 - Name = DK_DGM1.Gauss.Z.stdev - Locator = NA
Column = 37 - Name = DK_DGM2.Gauss.Z.estim - Locator = z1
Column = 38 - Name = DK_DGM2.Gauss.Z.stdev - Locator = NA

Processing Factor 1 / 1

Target location
---------------
Sample #1 (from 1)
Coordinate #1 = 0.375000
Coordinate #2 = 0.375000

Data selected in neighborhood
-----------------------------
       Rank     Sample         x1         x2     Sector
          1         57      0.375      0.375          1
          2         83      0.375      0.375          1
          3         94      0.425      0.375          1
          4        127      0.325      0.375          1
          5        453      0.375      0.375          1

LHS of Kriging matrix (compressed)
==================================
Number of active samples    = 5
Total number of equations   = 5
Reduced number of equations = 5

       Rank                     1          2          3          4          5
                  Flag          1          2          3          4          5
          1          1      1.000      0.546      0.329      0.329      0.546
          2          2      0.546      1.000      0.329      0.329      0.546
          3          3      0.329      0.329      1.000      0.198      0.329
          4          4      0.329      0.329      0.198      1.000      0.329
          5          5      0.546      0.546      0.329      0.329      1.000

RHS of Kriging matrix (compressed)
==================================
Number of active samples    = 5
Total number of equations   = 5
Reduced number of equations = 5
Number of right-hand sides  = 1
Block Estimation : Discretization = 5 x 5

       Rank       Flag          1
          1          1      0.306
          2          2      0.306
          3          3      0.290
          4          4      0.290
          5          5      0.306

(Co-) Kriging weights
=====================
       Rank         x1         x2      Size1      Size2       Data        Z1*
          1      0.375      0.375      0.250      0.250      1.119      0.095
          2      0.375      0.375      0.250      0.250     -0.315      0.095
          3      0.425      0.375      0.250      0.250     -0.445      0.164
          4      0.325      0.375      0.250      0.250     -1.250      0.164
          5      0.375      0.375      0.250      0.250     -0.807      0.095
Sum of weights                                                          0.612

(Co-) Kriging results
=====================
Target Sample = 1
Variable Z1 
 - Estimate  =      -0.278
 - Std. Dev. =       0.377
 - Variance  =       0.142
 - Cov(h=0)  =       0.324

Data Base Grid Characteristics
==============================

Data Base Summary
-----------------
File is organized as a regular grid
Space dimension              = 2
Number of Columns            = 13
Total number of samples      = 1

Grid characteristics:
---------------------
Origin :      0.375     0.375
Mesh   :      0.250     0.250
Number :          1         1

Variables
---------
Column = 0 - Name = rank - Locator = NA
Column = 1 - Name = x1 - Locator = x1
Column = 2 - Name = x2 - Locator = x2
Column = 3 - Name = DK_Blk.Factor.Gauss.Z.1.estim - Locator = NA
Column = 4 - Name = DK_Blk.Factor.Gauss.Z.2.estim - Locator = NA
Column = 5 - Name = DK_Blk.Factor.Gauss.Z.3.estim - Locator = NA
Column = 6 - Name = DK_Blk.Factor.Gauss.Z.1.stdev - Locator = NA
Column = 7 - Name = DK_Blk.Factor.Gauss.Z.2.stdev - Locator = NA
Column = 8 - Name = DK_Blk.Factor.Gauss.Z.3.stdev - Locator = NA
Column = 9 - Name = DK_DGM1.Gauss.Z.estim - Locator = NA
Column = 10 - Name = DK_DGM1.Gauss.Z.stdev - Locator = NA
Column = 11 - Name = DK_DGM2.Gauss.Z.estim - Locator = z1
Column = 12 - Name = DK_DGM2.Gauss.Z.stdev - Locator = NA

Data Base Grid Characteristics
==============================

Data Base Summary
-----------------
File is organized as a regular grid
Space dimension              = 2
Number of Columns            = 47
Total number of samples      = 25

Grid characteristics:
---------------------
Origin :      0.400     0.400
Mesh   :      0.050     0.050
Number :          5         5

Variables
---------
Column = 0 - Name = rank - Locator = NA
Column = 1 - Name = x1 - Locator = x1
Column = 2 - Name = x2 - Locator = x2
Column = 3 - Name = G_PTS.Gauss.Z.estim - Locator = NA
Column = 4 - Name = G_PTS.Gauss.Z.stdev - Locator = NA
Column = 5 - Name = PTS_Recovery.T-estim-0 - Locator = NA
Column = 6 - Name = PTS_Recovery.T-estim-0.5 - Locator = NA
Column = 7 - Name = PTS_Recovery.T-stdev-0 - Locator = NA
Column = 8 - Name = PTS_Recovery.T-stdev-0.5 - Locator = NA
Column = 9 - Name = PTS_Recovery.Q-estim-0 - Locator = NA
Column = 10 - Name = PTS_Recovery.Q-estim-0.5 - Locator = NA
Column = 11 - Name = PTS_Recovery.Q-stdev-0 - Locator = NA
Column = 12 - Name = PTS_Recovery.Q-stdev-0.5 - Locator = NA
Column = 13 - Name = DK_Pts.Factor.Gauss.Z.1.estim - Locator = NA
Column = 14 - Name = DK_Pts.Factor.Gauss.Z.2.estim - Locator = NA
Column = 15 - Name = DK_Pts.Factor.Gauss.Z.3.estim - Locator = NA
Column = 16 - Name = DK_Pts.Factor.Gauss.Z.1.stdev - Locator = NA
Column = 17 - Name = DK_Pts.Factor.Gauss.Z.2.stdev - Locator = NA
Column = 18 - Name = DK_Pts.Factor.Gauss.Z.3.stdev - Locator = NA
Column = 19 - Name = DK_Blk.Factor.Gauss.Z.1.estim - Locator = NA
Column = 20 - Name = DK_Blk.Factor.Gauss.Z.2.estim - Locator = NA
Column = 21 - Name = DK_Blk.Factor.Gauss.Z.3.estim - Locator = NA
Column = 22 - Name = DK_Blk.Factor.Gauss.Z.1.stdev - Locator = NA
Column = 23 - Name = DK_Blk.Factor.Gauss.Z.2.stdev - Locator = NA
Column = 24 - Name = DK_Blk.Factor.Gauss.Z.3.stdev - Locator = NA
Column = 25 - Name = Z_PTS.Z.estim - Locator = NA
Column = 26 - Name = Z_PTS.Z.stdev - Locator = NA
Column = 27 - Name = UC.T-estim-0 - Locator = NA
Column = 28 - Name = UC.T-estim-0.5 - Locator = NA
Column = 29 - Name = UC.T-stdev-0 - Locator = NA
Column = 30 - Name = UC.T-stdev-0.5 - Locator = NA
Column = 31 - Name = UC.Q-estim-0 - Locator = NA
Column = 32 - Name = UC.Q-estim-0.5 - Locator = NA
Column = 33 - Name = UC.Q-stdev-0 - Locator = NA
Column = 34 - Name = UC.Q-stdev-0.5 - Locator = NA
Column = 35 - Name = DK_DGM1.Gauss.Z.estim - Locator = NA
Column = 36 - Name = DK_DGM1.Gauss.Z.stdev - Locator = NA
Column = 37 - Name = DK_DGM2.Gauss.Z.estim - Locator = NA
Column = 38 - Name = DK_DGM2.Gauss.Z.stdev - Locator = NA
Column = 39 - Name = QT.T-estim-0 - Locator = NA
Column = 40 - Name = QT.T-estim-0.5 - Locator = NA
Column = 41 - Name = QT.T-stdev-0 - Locator = NA
Column = 42 - Name = QT.T-stdev-0.5 - Locator = NA
Column = 43 - Name = QT.Q-estim-0 - Locator = NA
Column = 44 - Name = QT.Q-estim-0.5 - Locator = NA
Column = 45 - Name = QT.Q-stdev-0 - Locator = NA
Column = 46 - Name = QT.Q-stdev-0.5 - Locator = z1
