
Reference Oriented Graph File
-----------------------------

Data Base Oriented Graph Characteristics
========================================

Variables
---------
Column = 0 - Name = rank - Locator = NA
Column = 1 - Name = x1 - Locator = x1
Column = 2 - Name = x2 - Locator = x2
Column = 3 - Name = z1 - Locator = z1

Data Base Summary
-----------------
File is organized as a set of isolated points
Space dimension              = 2
Number of Columns            = 4
Total number of samples      = 21
- Number of rows    = 21
- Number of columns = 21
- Sparse Format
               [,  0]    [,  1]    [,  2]    [,  3]    [,  4]    [,  5]    [,  6]
     [  0,]         .     0.304         .         .         .         .         .
     [  1,]         .         .     0.735         .         .         .         .
     [  2,]         .         .         .     0.333         .         .         .
     [  3,]         .         .         .         .     0.788         .         .
     [  4,]         .         .         .         .         .     0.492         .
     [  5,]         .         .         .         .         .         .     0.686
     [  6,]         .         .         .         .         .         .         .
(Ncols=7[from 21],Nrows=7[from 21])


DbGraphO after Serialization / Deserialization
----------------------------------------------

Data Base Oriented Graph Characteristics
========================================

Variables
---------
Column = 0 - Name = rank - Locator = NA
Column = 1 - Name = x1 - Locator = x1
Column = 2 - Name = x2 - Locator = x2
Column = 3 - Name = z1 - Locator = z1

Data Base Summary
-----------------
File is organized as a set of isolated points
Space dimension              = 2
Number of Columns            = 4
Total number of samples      = 21
- Number of rows    = 21
- Number of columns = 21
- Sparse Format
               [,  0]    [,  1]    [,  2]    [,  3]    [,  4]    [,  5]    [,  6]
     [  0,]         .     0.304         .         .         .         .         .
     [  1,]         .         .     0.735         .         .         .         .
     [  2,]         .         .         .     0.333         .         .         .
     [  3,]         .         .         .         .     0.788         .         .
     [  4,]         .         .         .         .         .     0.492         .
     [  5,]         .         .         .         .         .         .     0.686
     [  6,]         .         .         .         .         .         .         .
     [  7,]         .         .         .         .         .         .         .
     [  8,]         .         .         .         .         .         .         .
     [  9,]         .         .         .         .         .         .         .
     [ 10,]         .         .         .         .         .         .         .
     [ 11,]         .         .         .         .         .         .         .
     [ 12,]         .         .         .         .         .         .         .
     [ 13,]         .         .         .         .         .         .         .
     [ 14,]         .         .         .         .         .         .         .
     [ 15,]         .         .         .         .         .         .         .
     [ 16,]         .         .         .         .         .         .         .
     [ 17,]         .         .         .         .         .         .         .
     [ 18,]         .         .         .         .         .         .         .
     [ 19,]         .         .         .         .         .         .         .
     [ 20,]         .         .         .         .         .         .         .
               [,  7]    [,  8]    [,  9]    [, 10]    [, 11]    [, 12]    [, 13]
     [  0,]         .         .         .         .         .         .         .
     [  1,]         .         .         .         .         .         .         .
     [  2,]     0.582         .         .         .         .         .         .
     [  3,]         .         .         .         .         .         .         .
     [  4,]         .         .         .         .         .         .         .
     [  5,]         .         .         .         .         .         .         .
     [  6,]         .         .         .         .         .         .         .
     [  7,]         .     0.517         .         .         .         .         .
     [  8,]         .         .     0.323         .         .         .     0.673
     [  9,]         .         .         .     0.320         .         .         .
     [ 10,]         .         .         .         .     0.581         .         .
     [ 11,]         .         .         .         .         .     0.418         .
     [ 12,]         .         .         .         .         .         .         .
     [ 13,]         .         .         .         .         .         .         .
     [ 14,]         .         .         .         .     0.584         .         .
     [ 15,]         .         .         .         .         .         .         .
     [ 16,]         .         .         .         .         .         .         .
     [ 17,]         .         .         .         .         .         .         .
     [ 18,]         .         .         .         .         .         .         .
     [ 19,]         .         .         .         .         .         .         .
     [ 20,]         .         .         .         .         .         .         .
               [, 14]    [, 15]    [, 16]    [, 17]    [, 18]    [, 19]    [, 20]
     [  0,]         .         .         .         .         .         .         .
     [  1,]         .         .         .         .         .         .         .
     [  2,]         .         .         .         .         .         .         .
     [  3,]         .         .         .         .         .         .         .
     [  4,]         .         .         .         .         .         .         .
     [  5,]         .         .         .         .         .         .         .
     [  6,]         .         .         .         .         .         .         .
     [  7,]         .     0.681         .         .         .         .         .
     [  8,]         .         .         .         .         .         .         .
     [  9,]         .         .         .         .         .         .         .
     [ 10,]         .         .         .         .         .         .         .
     [ 11,]         .         .         .         .         .         .         .
     [ 12,]         .         .         .         .         .         .         .
     [ 13,]     0.508         .         .         .         .         .         .
     [ 14,]         .         .         .         .         .         .         .
     [ 15,]         .         .     0.743         .         .         .         .
     [ 16,]         .         .         .     0.623         .         .         .
     [ 17,]         .         .         .         .         .         .         .
     [ 18,]         .         .         .         .         .         .         .
     [ 19,]         .         .         .         .         .         .         .
     [ 20,]         .         .         .         .         .         .         .

Nodes next to 7 downstream
         8        15
Nodes next to 7 upstream
         2
List of Node indices end-of-stream downwards
         6        12        17        18        19        20
List of Node indices end-of-stream upwards
         0        18        19        20
List of Node indices orphans
        18        19        20
Vertices related to #2
               [,  0]    [,  1]    [,  2]    [,  3]    [,  4]    [,  5]    [,  6]
     [  0,]         0         0         0         1         2         3         4
     [  7,]         0         0         0         0         0         0         0
     [ 14,]         0         0         0         0         0         0         0
Check if nodes 3 and 6 are connected = 1
Check if nodes 3 and 8 are connected = 0
Cumul of arc values starting from node 7
               [,  0]    [,  1]    [,  2]    [,  3]    [,  4]    [,  5]    [,  6]
     [  0,]     0.000     0.000     0.000     0.000     0.000     0.000     0.000
     [  7,]     0.000     0.517     0.840     1.160     2.283     2.701     1.191
     [ 14,]     1.699     0.681     1.424     2.048     0.000     0.000     0.000
