
Data Base Grid Characteristics
==============================

Data Base Summary
-----------------
File is organized as a regular grid
Space dimension              = 2
Number of Columns            = 3
Total number of samples      = 10000

Grid characteristics:
---------------------
Origin :       0.000      0.000
Mesh   :       1.000      1.000
Number :         100        100

Variables
---------
Column = 0 - Name = rank - Locator = NA
Column = 1 - Name = x1 - Locator = x1
Column = 2 - Name = x2 - Locator = x2
          Number     Minimum     Maximum        Mean    St. Dev.    Variance
rank      92.000       1.000     100.000      49.207      28.673     822.142
 x-1      92.000       0.004       0.987       0.523       0.287       0.083
 x-2      92.000       0.001       0.941       0.483       0.251       0.063
 sel      92.000       1.000       1.000       1.000       0.000       0.000
   z      92.000      -2.653       2.180      -0.136       1.022       1.045

<----- Creating Shape Dictionary ----->

Object Model
============
- Poisson Intensity = 0.01

Token 1
-------
Full Ellipsoid - Proportion=0.4
- X-Extension: Constant=10
- Y-Extension: Constant=20
- Z-Extension: Constant=2
- Orientation Angle: Constant=0
Y-Extension = X_Extension * 1.5

Token 2
-------
Parallelepiped - Proportion=0.6
- X-Extension: Constant=5
- Y-Extension: Constant=7
- Z-Extension: Constant=1
- Orientation Angle: Constant=0

<----- Perform Boolean Simulation ----->
- Simulation with conditioning
                      Number     Minimum     Maximum        Mean    St. Dev.    Variance
            rank   10000.000       1.000   10000.000    5000.500    2886.751 8333333.250
              x1   10000.000       0.000      99.000      49.500      28.866     833.250
              x2   10000.000       0.000      99.000      49.500      28.866     833.250
Boolean.z.Facies    5587.000       1.000       1.000       1.000       0.000       0.000
  Boolean.z.Rank    5587.000       1.000     108.000      45.946      30.208     912.496
