
Data Base Grid Characteristics
==============================

Data Base Statistics
--------------------
4 - Name KrigingSPDE.Data.estim - Locator NA
 Nb of data          =      10201
 Nb of active values =      10201
 Minimum value       =     -2.944
 Maximum value       =      1.948
 Mean value          =     -0.232
 Standard Deviation  =      0.751
 Variance            =      0.565
5 - Name Kriging.Data.estim - Locator z1
 Nb of data          =      10201
 Nb of active values =      10201
 Minimum value       =     -2.877
 Maximum value       =      1.974
 Mean value          =     -0.224
 Standard Deviation  =      0.713
 Variance            =      0.509
6 - Name Kriging.Data.stdev - Locator NA
 Nb of data          =      10201
 Nb of active values =      10201
 Minimum value       =      0.007
 Maximum value       =      0.998
 Mean value          =      0.661
 Standard Deviation  =      0.192
 Variance            =      0.037
Test performed successfully
