
Data Base Grid Characteristics
==============================

Data Base Summary
-----------------
File is organized as a regular grid
Space dimension              = 2
Number of Columns            = 3
Maximum Number of UIDs       = 3
Total number of samples      = 1

Grid characteristics:
---------------------
Origin :      0.375     0.375
Mesh   :      0.250     0.250
Number :          1         1

Variables
---------
Column = 0 - Name = rank - Locator = NA
Column = 1 - Name = x1 - Locator = x1
Column = 2 - Name = x2 - Locator = x2

Data Base Grid Characteristics
==============================

Data Base Summary
-----------------
File is organized as a regular grid
Space dimension              = 2
Number of Columns            = 3
Maximum Number of UIDs       = 3
Total number of samples      = 25

Grid characteristics:
---------------------
Origin :      0.400     0.400
Mesh   :      0.050     0.050
Number :          5         5

Variables
---------
Column = 0 - Name = rank - Locator = NA
Column = 1 - Name = x1 - Locator = x1
Column = 2 - Name = x2 - Locator = x2

Data Base Grid Characteristics
==============================

Data Base Summary
-----------------
File is organized as a regular grid
Space dimension              = 2
Number of Columns            = 4
Maximum Number of UIDs       = 4
Total number of samples      = 10000

Grid characteristics:
---------------------
Origin :      0.000     0.000
Mesh   :      0.010     0.010
Number :        100       100

Variables
---------
Column = 0 - Name = rank - Locator = NA
Column = 1 - Name = x1 - Locator = x1
Column = 2 - Name = x2 - Locator = x2
Column = 3 - Name = Y - Locator = z1

Data Base Grid Characteristics
==============================

Data Base Statistics
--------------------
1 - Name rank - Locator NA
 Nb of data          =      10000
 Nb of active values =      10000
 Minimum value       =      1.000
 Maximum value       =  10000.000
 Mean value          =   5000.500
 Standard Deviation  =   2886.751
 Variance            = 8333333.250
2 - Name x1 - Locator x1
 Nb of data          =      10000
 Nb of active values =      10000
 Minimum value       =      0.000
 Maximum value       =      0.990
 Mean value          =      0.495
 Standard Deviation  =      0.289
 Variance            =      0.083
3 - Name x2 - Locator x2
 Nb of data          =      10000
 Nb of active values =      10000
 Minimum value       =      0.000
 Maximum value       =      0.990
 Mean value          =      0.495
 Standard Deviation  =      0.289
 Variance            =      0.083
4 - Name Y - Locator z1
 Nb of data          =      10000
 Nb of active values =      10000
 Minimum value       =     -4.299
 Maximum value       =      3.647
 Mean value          =      0.074
 Standard Deviation  =      1.012
 Variance            =      1.025
5 - Name Z - Locator NA
 Nb of data          =      10000
 Nb of active values =      10000
 Minimum value       =      0.154
 Maximum value       =      8.198
 Mean value          =      1.561
 Standard Deviation  =      0.845
 Variance            =      0.715

Data Base Characteristics
=========================

Data Base Statistics
--------------------
1 - Name x1 - Locator x1
 Nb of data          =        500
 Nb of active values =        500
 Minimum value       =      0.000
 Maximum value       =      0.990
 Mean value          =      0.502
 Standard Deviation  =      0.289
 Variance            =      0.084
2 - Name x2 - Locator x2
 Nb of data          =        500
 Nb of active values =        500
 Minimum value       =      0.000
 Maximum value       =      0.990
 Mean value          =      0.518
 Standard Deviation  =      0.287
 Variance            =      0.083
3 - Name Y - Locator NA
 Nb of data          =        500
 Nb of active values =        500
 Minimum value       =     -3.415
 Maximum value       =      2.994
 Mean value          =      0.032
 Standard Deviation  =      1.042
 Variance            =      1.086
4 - Name Z - Locator z1
 Nb of data          =        500
 Nb of active values =        500
 Minimum value       =      0.240
 Maximum value       =      5.916
 Mean value          =      1.539
 Standard Deviation  =      0.843
 Variance            =      0.711

Hermitian Anamorphosis
----------------------
Minimum absolute value for Y  = -2.8
Maximum absolute value for Y  = 3.9
Minimum absolute value for Z  = 0.274228
Maximum absolute value for Z  = 5.99041
Minimum practical value for Y = -2.8
Maximum practical value for Y = 3.1
Minimum practical value for Z = 0.274228
Maximum practical value for Z = 5.86055
Mean                          = 1.53861
Variance                      = 0.709613
Number of Hermite polynomials = 20
Normalized coefficients for Hermite polynomials (punctual variable)
               [,  0]    [,  1]    [,  2]    [,  3]    [,  4]    [,  5]    [,  6]
     [  0,]     1.539    -0.792     0.273    -0.061    -0.009     0.032    -0.031
     [  7,]     0.010     0.018    -0.021    -0.001     0.016    -0.009    -0.007
     [ 14,]     0.012     0.000    -0.012     0.004     0.010    -0.006

Data Base Characteristics
=========================

Data Base Summary
-----------------
File is organized as a set of isolated points
Space dimension              = 2
Number of Columns            = 4
Maximum Number of UIDs       = 4
Total number of samples      = 500

Variables
---------
Column = 0 - Name = x1 - Locator = x1
Column = 1 - Name = x2 - Locator = x2
Column = 2 - Name = Y - Locator = NA
Column = 3 - Name = Z - Locator = z1

Table contents
--------------
- Number of Rows    = 2
- Number of Columns = 7

      Z-Cut    T-estim    Q-estim    B-estim    M-estim    T-stdev    Q-stdev
      0.000      1.000      1.539      1.539      1.539        N/A        N/A
      0.500      0.972      1.527      1.041      1.571        N/A        N/A

Table contents
--------------
- Number of Rows    = 2
- Number of Columns = 7

      Z-Cut    T-estim    Q-estim    B-estim    M-estim    T-stdev    Q-stdev
      0.000      1.000      1.539      1.539      1.539        N/A        N/A
      0.500      0.972      1.527      1.041      1.570        N/A        N/A

Variogram characteristics
=========================
Number of variable(s)       = 1
Number of direction(s)      = 1
Space dimension             = 2
Variance-Covariance Matrix     0.711

Direction #1
------------
Number of lags              = 10
Direction coefficients      =      1.000     0.000
Direction angles (degrees)  =      0.000     0.000
Tolerance on direction      =     90.100 (degrees)
Calculation lag             =      0.025
Tolerance on distance       =     50.000 (Percent of the lag value)

For variable 1
      Rank    Npairs  Distance     Value
         0    22.000     0.010     0.238
         1   445.000     0.027     0.413
         2   836.000     0.051     0.478
         3  1327.000     0.076     0.580
         4  1681.000     0.101     0.730
         5  1945.000     0.125     0.708
         6  2271.000     0.150     0.715
         7  2655.000     0.175     0.764
         8  3085.000     0.201     0.760
         9  3123.000     0.225     0.765

Model characteristics
=====================
Space dimension              = 2
Number of variable(s)        = 1
Number of basic structure(s) = 1
Number of drift function(s)  = 0
Number of drift equation(s)  = 0

Covariance Part
---------------
Spherical
- Sill         =      0.736
- Range        =      0.107
Total Sill     =      0.736

Data Base Characteristics
=========================

Data Base Summary
-----------------
File is organized as a set of isolated points
Space dimension              = 2
Number of Columns            = 5
Maximum Number of UIDs       = 5
Total number of samples      = 500

Variables
---------
Column = 0 - Name = x1 - Locator = x1
Column = 1 - Name = x2 - Locator = x2
Column = 2 - Name = Y - Locator = NA
Column = 3 - Name = Z - Locator = NA
Column = 4 - Name = Gauss.Z - Locator = z1

Variogram characteristics
=========================
Number of variable(s)       = 1
Number of direction(s)      = 1
Space dimension             = 2
Variance-Covariance Matrix     1.005

Direction #1
------------
Number of lags              = 10
Direction coefficients      =      1.000     0.000
Direction angles (degrees)  =      0.000     0.000
Tolerance on direction      =     90.100 (degrees)
Calculation lag             =      0.025
Tolerance on distance       =     50.000 (Percent of the lag value)

For variable 1
      Rank    Npairs  Distance     Value
         0    22.000     0.010     0.325
         1   445.000     0.027     0.611
         2   836.000     0.051     0.728
         3  1327.000     0.076     0.840
         4  1681.000     0.101     1.020
         5  1945.000     0.125     0.959
         6  2271.000     0.150     1.004
         7  2655.000     0.175     1.046
         8  3085.000     0.201     1.031
         9  3123.000     0.225     1.035

Model characteristics
=====================
Space dimension              = 2
Number of variable(s)        = 1
Number of basic structure(s) = 2
Number of drift function(s)  = 0
Number of drift equation(s)  = 0

Covariance Part
---------------
Exponential
- Sill         =      0.163
- Range        =      0.011
- Theo. Range  =      0.004
Exponential
- Sill         =      0.837
- Range        =      0.117
- Theo. Range  =      0.039
Total Sill     =      1.000

Moving Neighborhood
===================
Space dimension = 2
Minimum number of samples           = 5
Maximum number of samples           = 5
Maximum horizontal distance         = 1

Data Base Characteristics
=========================

Data Base Summary
-----------------
File is organized as a set of isolated points
Space dimension              = 2
Number of Columns            = 5
Maximum Number of UIDs       = 5
Total number of samples      = 500

Variables
---------
Column = 0 - Name = x1 - Locator = x1
Column = 1 - Name = x2 - Locator = x2
Column = 2 - Name = Y - Locator = NA
Column = 3 - Name = Z - Locator = NA
Column = 4 - Name = Gauss.Z - Locator = z1

Data Base Grid Characteristics
==============================

Data Base Summary
-----------------
File is organized as a regular grid
Space dimension              = 2
Number of Columns            = 13
Maximum Number of UIDs       = 13
Total number of samples      = 25

Grid characteristics:
---------------------
Origin :      0.400     0.400
Mesh   :      0.050     0.050
Number :          5         5

Variables
---------
Column = 0 - Name = rank - Locator = NA
Column = 1 - Name = x1 - Locator = x1
Column = 2 - Name = x2 - Locator = x2
Column = 3 - Name = G_PTS.Gauss.Z.estim - Locator = NA
Column = 4 - Name = G_PTS.Gauss.Z.stdev - Locator = NA
Column = 5 - Name = PTS_Recovery.T-estim-0 - Locator = NA
Column = 6 - Name = PTS_Recovery.T-estim-0.5 - Locator = NA
Column = 7 - Name = PTS_Recovery.T-stdev-0 - Locator = NA
Column = 8 - Name = PTS_Recovery.T-stdev-0.5 - Locator = NA
Column = 9 - Name = PTS_Recovery.Q-estim-0 - Locator = NA
Column = 10 - Name = PTS_Recovery.Q-estim-0.5 - Locator = NA
Column = 11 - Name = PTS_Recovery.Q-stdev-0 - Locator = NA
Column = 12 - Name = PTS_Recovery.Q-stdev-0.5 - Locator = z1

Data Base Characteristics
=========================

Data Base Summary
-----------------
File is organized as a set of isolated points
Space dimension              = 2
Number of Columns            = 8
Maximum Number of UIDs       = 8
Total number of samples      = 500

Variables
---------
Column = 0 - Name = x1 - Locator = x1
Column = 1 - Name = x2 - Locator = x2
Column = 2 - Name = Y - Locator = NA
Column = 3 - Name = Z - Locator = NA
Column = 4 - Name = Gauss.Z - Locator = NA
Column = 5 - Name = Factor.Gauss.Z.1 - Locator = z1
Column = 6 - Name = Factor.Gauss.Z.2 - Locator = z2
Column = 7 - Name = Factor.Gauss.Z.3 - Locator = z3

Processing Factor 1 / 3

Target location
---------------
Sample #1 (from 25)
Coordinate #1 = 0.400000
Coordinate #2 = 0.400000

Data selected in neighborhood
-----------------------------
       Rank     Sample         x1         x2     Sector
          1         18      0.410      0.380          1
          2        123      0.410      0.420          1
          3        236      0.420      0.400          1
          4        273      0.400      0.430          1
          5        448      0.400      0.400          1

LHS of Kriging matrix (compressed)
==================================
Number of active samples    = 5
Total number of equations   = 5
Reduced number of equations = 5

       Rank                     1          2          3          4          5
                  Flag          1          2          3          4          5
          1          1      1.000      0.300      0.472      0.226      0.472
          2          2      0.300      1.000      0.472      0.585      0.472
          3          3      0.472      0.472      1.000      0.332      0.501
          4          4      0.226      0.585      0.332      1.000      0.387
          5          5      0.472      0.472      0.501      0.387      1.000

RHS of Kriging matrix (compressed)
==================================
Number of active samples    = 5
Total number of equations   = 5
Reduced number of equations = 5
Number of right-hand sides  = 1
Punctual Estimation

       Rank       Flag          1
          1          1      0.472
          2          2      0.472
          3          3      0.501
          4          4      0.387
          5          5      1.000

(Co-) Kriging weights
=====================
       Rank         x1         x2       Data        Z1*
          1      0.410      0.380     -0.273      0.000
          2      0.410      0.420      0.848      0.000
          3      0.420      0.400      0.440      0.000
          4      0.400      0.430      1.048      0.000
          5      0.400      0.400      1.069      1.000
Sum of weights                                    1.000

(Co-) Kriging results
=====================
Target Sample = 1
Variable Z1 
 - Estimate  =       1.069
 - Std. Dev. =       0.000
 - Variance  =       0.000
 - Cov(h=0)  =       1.000

Processing Factor 2 / 3

Target location
---------------
Sample #1 (from 25)
Coordinate #1 = 0.400000
Coordinate #2 = 0.400000

LHS of Kriging matrix (compressed)
==================================
Number of active samples    = 5
Total number of equations   = 5
Reduced number of equations = 5

       Rank                     1          2          3          4          5
                  Flag          1          2          3          4          5
          1          1      1.000      0.090      0.222      0.051      0.222
          2          2      0.090      1.000      0.222      0.343      0.222
          3          3      0.222      0.222      1.000      0.110      0.251
          4          4      0.051      0.343      0.110      1.000      0.150
          5          5      0.222      0.222      0.251      0.150      1.000

RHS of Kriging matrix (compressed)
==================================
Number of active samples    = 5
Total number of equations   = 5
Reduced number of equations = 5
Number of right-hand sides  = 1
Punctual Estimation

       Rank       Flag          1
          1          1      0.222
          2          2      0.222
          3          3      0.251
          4          4      0.150
          5          5      1.000

(Co-) Kriging weights
=====================
       Rank         x1         x2       Data        Z1*
          1      0.410      0.380     -0.654      0.000
          2      0.410      0.420     -0.199      0.000
          3      0.420      0.400     -0.570      0.000
          4      0.400      0.430      0.069      0.000
          5      0.400      0.400      0.101      1.000
Sum of weights                                    1.000

(Co-) Kriging results
=====================
Target Sample = 1
Variable Z1 
 - Estimate  =       0.101
 - Std. Dev. =       0.000
 - Variance  =       0.000
 - Cov(h=0)  =       1.000

Processing Factor 3 / 3

Target location
---------------
Sample #1 (from 25)
Coordinate #1 = 0.400000
Coordinate #2 = 0.400000

LHS of Kriging matrix (compressed)
==================================
Number of active samples    = 5
Total number of equations   = 5
Reduced number of equations = 5

       Rank                     1          2          3          4          5
                  Flag          1          2          3          4          5
          1          1      1.000      0.027      0.105      0.012      0.105
          2          2      0.027      1.000      0.105      0.201      0.105
          3          3      0.105      0.105      1.000      0.036      0.126
          4          4      0.012      0.201      0.036      1.000      0.058
          5          5      0.105      0.105      0.126      0.058      1.000

RHS of Kriging matrix (compressed)
==================================
Number of active samples    = 5
Total number of equations   = 5
Reduced number of equations = 5
Number of right-hand sides  = 1
Punctual Estimation

       Rank       Flag          1
          1          1      0.105
          2          2      0.105
          3          3      0.126
          4          4      0.058
          5          5      1.000

(Co-) Kriging weights
=====================
       Rank         x1         x2       Data        Z1*
          1      0.410      0.380      0.326      0.000
          2      0.410      0.420     -0.790      0.000
          3      0.420      0.400     -0.504      0.000
          4      0.400      0.430     -0.814      0.000
          5      0.400      0.400     -0.811      1.000
Sum of weights                                    1.000

(Co-) Kriging results
=====================
Target Sample = 1
Variable Z1 
 - Estimate  =      -0.811
 - Std. Dev. =       0.000
 - Variance  =       0.000
 - Cov(h=0)  =       1.000

Data Base Grid Characteristics
==============================

Data Base Summary
-----------------
File is organized as a regular grid
Space dimension              = 2
Number of Columns            = 19
Maximum Number of UIDs       = 19
Total number of samples      = 25

Grid characteristics:
---------------------
Origin :      0.400     0.400
Mesh   :      0.050     0.050
Number :          5         5

Variables
---------
Column = 0 - Name = rank - Locator = NA
Column = 1 - Name = x1 - Locator = x1
Column = 2 - Name = x2 - Locator = x2
Column = 3 - Name = G_PTS.Gauss.Z.estim - Locator = NA
Column = 4 - Name = G_PTS.Gauss.Z.stdev - Locator = NA
Column = 5 - Name = PTS_Recovery.T-estim-0 - Locator = NA
Column = 6 - Name = PTS_Recovery.T-estim-0.5 - Locator = NA
Column = 7 - Name = PTS_Recovery.T-stdev-0 - Locator = NA
Column = 8 - Name = PTS_Recovery.T-stdev-0.5 - Locator = NA
Column = 9 - Name = PTS_Recovery.Q-estim-0 - Locator = NA
Column = 10 - Name = PTS_Recovery.Q-estim-0.5 - Locator = NA
Column = 11 - Name = PTS_Recovery.Q-stdev-0 - Locator = NA
Column = 12 - Name = PTS_Recovery.Q-stdev-0.5 - Locator = NA
Column = 13 - Name = DK_Pts.Factor.Gauss.Z.1.estim - Locator = z1
Column = 14 - Name = DK_Pts.Factor.Gauss.Z.2.estim - Locator = z2
Column = 15 - Name = DK_Pts.Factor.Gauss.Z.3.estim - Locator = z3
Column = 16 - Name = DK_Pts.Factor.Gauss.Z.1.stdev - Locator = NA
Column = 17 - Name = DK_Pts.Factor.Gauss.Z.2.stdev - Locator = NA
Column = 18 - Name = DK_Pts.Factor.Gauss.Z.3.stdev - Locator = NA

Processing Factor 1 / 3

Target location
---------------
Sample #1 (from 25)
Coordinate #1 = 0.400000
Coordinate #2 = 0.400000

Data selected in neighborhood
-----------------------------
       Rank     Sample         x1         x2     Sector
          1         18      0.410      0.380          1
          2        123      0.410      0.420          1
          3        236      0.420      0.400          1
          4        273      0.400      0.430          1
          5        448      0.400      0.400          1

LHS of Kriging matrix (compressed)
==================================
Number of active samples    = 5
Total number of equations   = 5
Reduced number of equations = 5

       Rank                     1          2          3          4          5
                  Flag          1          2          3          4          5
          1          1      1.000      0.300      0.472      0.226      0.472
          2          2      0.300      1.000      0.472      0.585      0.472
          3          3      0.472      0.472      1.000      0.332      0.501
          4          4      0.226      0.585      0.332      1.000      0.387
          5          5      0.472      0.472      0.501      0.387      1.000

RHS of Kriging matrix (compressed)
==================================
Number of active samples    = 5
Total number of equations   = 5
Reduced number of equations = 5
Number of right-hand sides  = 1
Block Estimation : Discretization = 5 x 5

       Rank       Flag          1
          1          1      0.447
          2          2      0.447
          3          3      0.462
          4          4      0.373
          5          5      0.535

(Co-) Kriging weights
=====================
       Rank         x1         x2      Size1      Size2       Data        Z1*
          1      0.410      0.380      0.050      0.050     -0.273      0.190
          2      0.410      0.420      0.050      0.050      0.848      0.140
          3      0.420      0.400      0.050      0.050      0.440      0.138
          4      0.400      0.430      0.050      0.050      1.048      0.097
          5      0.400      0.400      0.050      0.050      1.069      0.273
Sum of weights                                                          0.837

(Co-) Kriging results
=====================
Target Sample = 1
Variable Z1 
 - Estimate  =       0.521
 - Std. Dev. =       0.252
 - Variance  =       0.064
 - Cov(h=0)  =       0.457

Processing Factor 2 / 3

Target location
---------------
Sample #1 (from 25)
Coordinate #1 = 0.400000
Coordinate #2 = 0.400000

LHS of Kriging matrix (compressed)
==================================
Number of active samples    = 5
Total number of equations   = 5
Reduced number of equations = 5

       Rank                     1          2          3          4          5
                  Flag          1          2          3          4          5
          1          1      1.000      0.090      0.222      0.051      0.222
          2          2      0.090      1.000      0.222      0.343      0.222
          3          3      0.222      0.222      1.000      0.110      0.251
          4          4      0.051      0.343      0.110      1.000      0.150
          5          5      0.222      0.222      0.251      0.150      1.000

RHS of Kriging matrix (compressed)
==================================
Number of active samples    = 5
Total number of equations   = 5
Reduced number of equations = 5
Number of right-hand sides  = 1
Block Estimation : Discretization = 5 x 5

       Rank       Flag          1
          1          1      0.229
          2          2      0.229
          3          3      0.240
          4          4      0.155
          5          5      0.302

(Co-) Kriging weights
=====================
       Rank         x1         x2      Size1      Size2       Data        Z1*
          1      0.410      0.380      0.050      0.050     -0.654      0.142
          2      0.410      0.420      0.050      0.050     -0.199      0.122
          3      0.420      0.400      0.050      0.050     -0.570      0.124
          4      0.400      0.430      0.050      0.050      0.069      0.062
          5      0.400      0.400      0.050      0.050      0.101      0.203
Sum of weights                                                          0.652

(Co-) Kriging results
=====================
Target Sample = 1
Variable Z1 
 - Estimate  =      -0.163
 - Std. Dev. =       0.265
 - Variance  =       0.070
 - Cov(h=0)  =       0.231

Processing Factor 3 / 3

Target location
---------------
Sample #1 (from 25)
Coordinate #1 = 0.400000
Coordinate #2 = 0.400000

LHS of Kriging matrix (compressed)
==================================
Number of active samples    = 5
Total number of equations   = 5
Reduced number of equations = 5

       Rank                     1          2          3          4          5
                  Flag          1          2          3          4          5
          1          1      1.000      0.027      0.105      0.012      0.105
          2          2      0.027      1.000      0.105      0.201      0.105
          3          3      0.105      0.105      1.000      0.036      0.126
          4          4      0.012      0.201      0.036      1.000      0.058
          5          5      0.105      0.105      0.126      0.058      1.000

RHS of Kriging matrix (compressed)
==================================
Number of active samples    = 5
Total number of equations   = 5
Reduced number of equations = 5
Number of right-hand sides  = 1
Block Estimation : Discretization = 5 x 5

       Rank       Flag          1
          1          1      0.134
          2          2      0.134
          3          3      0.141
          4          4      0.071
          5          5      0.182

(Co-) Kriging weights
=====================
       Rank         x1         x2      Size1      Size2       Data        Z1*
          1      0.410      0.380      0.050      0.050      0.326      0.106
          2      0.410      0.420      0.050      0.050     -0.790      0.098
          3      0.420      0.400      0.050      0.050     -0.504      0.100
          4      0.400      0.430      0.050      0.050     -0.814      0.038
          5      0.400      0.400      0.050      0.050     -0.811      0.146
Sum of weights                                                          0.487

(Co-) Kriging results
=====================
Target Sample = 1
Variable Z1 
 - Estimate  =      -0.242
 - Std. Dev. =       0.240
 - Variance  =       0.058
 - Cov(h=0)  =       0.128

Data Base Grid Characteristics
==============================

Data Base Summary
-----------------
File is organized as a regular grid
Space dimension              = 2
Number of Columns            = 25
Maximum Number of UIDs       = 25
Total number of samples      = 25

Grid characteristics:
---------------------
Origin :      0.400     0.400
Mesh   :      0.050     0.050
Number :          5         5

Variables
---------
Column = 0 - Name = rank - Locator = NA
Column = 1 - Name = x1 - Locator = x1
Column = 2 - Name = x2 - Locator = x2
Column = 3 - Name = G_PTS.Gauss.Z.estim - Locator = NA
Column = 4 - Name = G_PTS.Gauss.Z.stdev - Locator = NA
Column = 5 - Name = PTS_Recovery.T-estim-0 - Locator = NA
Column = 6 - Name = PTS_Recovery.T-estim-0.5 - Locator = NA
Column = 7 - Name = PTS_Recovery.T-stdev-0 - Locator = NA
Column = 8 - Name = PTS_Recovery.T-stdev-0.5 - Locator = NA
Column = 9 - Name = PTS_Recovery.Q-estim-0 - Locator = NA
Column = 10 - Name = PTS_Recovery.Q-estim-0.5 - Locator = NA
Column = 11 - Name = PTS_Recovery.Q-stdev-0 - Locator = NA
Column = 12 - Name = PTS_Recovery.Q-stdev-0.5 - Locator = NA
Column = 13 - Name = DK_Pts.Factor.Gauss.Z.1.estim - Locator = NA
Column = 14 - Name = DK_Pts.Factor.Gauss.Z.2.estim - Locator = NA
Column = 15 - Name = DK_Pts.Factor.Gauss.Z.3.estim - Locator = NA
Column = 16 - Name = DK_Pts.Factor.Gauss.Z.1.stdev - Locator = NA
Column = 17 - Name = DK_Pts.Factor.Gauss.Z.2.stdev - Locator = NA
Column = 18 - Name = DK_Pts.Factor.Gauss.Z.3.stdev - Locator = NA
Column = 19 - Name = DK_Blk.Factor.Gauss.Z.1.estim - Locator = z1
Column = 20 - Name = DK_Blk.Factor.Gauss.Z.2.estim - Locator = z2
Column = 21 - Name = DK_Blk.Factor.Gauss.Z.3.estim - Locator = z3
Column = 22 - Name = DK_Blk.Factor.Gauss.Z.1.stdev - Locator = NA
Column = 23 - Name = DK_Blk.Factor.Gauss.Z.2.stdev - Locator = NA
Column = 24 - Name = DK_Blk.Factor.Gauss.Z.3.stdev - Locator = NA

Processing Factor 1 / 3

Target location
---------------
Sample #1 (from 1)
Coordinate #1 = 0.375000
Coordinate #2 = 0.375000

Data selected in neighborhood
-----------------------------
       Rank     Sample         x1         x2     Sector
          1          4      0.360      0.390          1
          2         12      0.370      0.380          1
          3         18      0.410      0.380          1
          4        202      0.370      0.350          1
          5        339      0.360      0.360          1

LHS of Kriging matrix (compressed)
==================================
Number of active samples    = 5
Total number of equations   = 5
Reduced number of equations = 5

       Rank                     1          2          3          4          5
                  Flag          1          2          3          4          5
          1          1      1.000      0.585      0.226      0.290      0.387
          2          2      0.585      1.000      0.300      0.387      0.472
          3          3      0.226      0.300      1.000      0.232      0.210
          4          4      0.290      0.387      0.232      1.000      0.585
          5          5      0.387      0.472      0.210      0.585      1.000

RHS of Kriging matrix (compressed)
==================================
Number of active samples    = 5
Total number of equations   = 5
Reduced number of equations = 5
Number of right-hand sides  = 1
Block Estimation : Discretization = 10 x 10

       Rank       Flag          1
          1          1      0.111
          2          2      0.111
          3          3      0.109
          4          4      0.110
          5          5      0.111

(Co-) Kriging weights
=====================
       Rank         x1         x2      Size1      Size2       Data        Z1*
          1      0.360      0.390      0.250      0.250     -1.135      0.054
          2      0.370      0.380      0.250      0.250     -0.789      0.022
          3      0.410      0.380      0.250      0.250     -0.273      0.071
          4      0.370      0.350      0.250      0.250      0.227      0.047
          5      0.360      0.360      0.250      0.250      1.211      0.038
Sum of weights                                                          0.232

(Co-) Kriging results
=====================
Target Sample = 1
Variable Z1 
 - Estimate  =      -0.042
 - Std. Dev. =       0.244
 - Variance  =       0.059
 - Cov(h=0)  =       0.085

Processing Factor 2 / 3

Target location
---------------
Sample #1 (from 1)
Coordinate #1 = 0.375000
Coordinate #2 = 0.375000

LHS of Kriging matrix (compressed)
==================================
Number of active samples    = 5
Total number of equations   = 5
Reduced number of equations = 5

       Rank                     1          2          3          4          5
                  Flag          1          2          3          4          5
          1          1      1.000      0.343      0.051      0.084      0.150
          2          2      0.343      1.000      0.090      0.150      0.222
          3          3      0.051      0.090      1.000      0.054      0.044
          4          4      0.084      0.150      0.054      1.000      0.343
          5          5      0.150      0.222      0.044      0.343      1.000

RHS of Kriging matrix (compressed)
==================================
Number of active samples    = 5
Total number of equations   = 5
Reduced number of equations = 5
Number of right-hand sides  = 1
Block Estimation : Discretization = 10 x 10

       Rank       Flag          1
          1          1      0.028
          2          2      0.026
          3          3      0.027
          4          4      0.026
          5          5      0.028

(Co-) Kriging weights
=====================
       Rank         x1         x2      Size1      Size2       Data        Z1*
          1      0.360      0.390      0.250      0.250      0.204      0.019
          2      0.370      0.380      0.250      0.250     -0.267      0.012
          3      0.410      0.380      0.250      0.250     -0.654      0.023
          4      0.370      0.350      0.250      0.250     -0.671      0.016
          5      0.360      0.360      0.250      0.250      0.330      0.016
Sum of weights                                                          0.086

(Co-) Kriging results
=====================
Target Sample = 1
Variable Z1 
 - Estimate  =      -0.019
 - Std. Dev. =       0.142
 - Variance  =       0.020
 - Cov(h=0)  =       0.023

Processing Factor 3 / 3

Target location
---------------
Sample #1 (from 1)
Coordinate #1 = 0.375000
Coordinate #2 = 0.375000

LHS of Kriging matrix (compressed)
==================================
Number of active samples    = 5
Total number of equations   = 5
Reduced number of equations = 5

       Rank                     1          2          3          4          5
                  Flag          1          2          3          4          5
          1          1      1.000      0.201      0.012      0.024      0.058
          2          2      0.201      1.000      0.027      0.058      0.105
          3          3      0.012      0.027      1.000      0.012      0.009
          4          4      0.024      0.058      0.012      1.000      0.201
          5          5      0.058      0.105      0.009      0.201      1.000

RHS of Kriging matrix (compressed)
==================================
Number of active samples    = 5
Total number of equations   = 5
Reduced number of equations = 5
Number of right-hand sides  = 1
Block Estimation : Discretization = 10 x 10

       Rank       Flag          1
          1          1      0.012
          2          2      0.010
          3          3      0.010
          4          4      0.009
          5          5      0.012

(Co-) Kriging weights
=====================
       Rank         x1         x2      Size1      Size2       Data        Z1*
          1      0.360      0.390      0.250      0.250      0.793      0.010
          2      0.370      0.380      0.250      0.250      0.766      0.006
          3      0.410      0.380      0.250      0.250      0.326      0.010
          4      0.370      0.350      0.250      0.250     -0.273      0.007
          5      0.360      0.360      0.250      0.250     -0.758      0.009
Sum of weights                                                          0.042

(Co-) Kriging results
=====================
Target Sample = 1
Variable Z1 
 - Estimate  =       0.007
 - Std. Dev. =       0.094
 - Variance  =       0.009
 - Cov(h=0)  =       0.009

Data Base Grid Characteristics
==============================

Data Base Summary
-----------------
File is organized as a regular grid
Space dimension              = 2
Number of Columns            = 9
Maximum Number of UIDs       = 9
Total number of samples      = 1

Grid characteristics:
---------------------
Origin :      0.375     0.375
Mesh   :      0.250     0.250
Number :          1         1

Variables
---------
Column = 0 - Name = rank - Locator = NA
Column = 1 - Name = x1 - Locator = x1
Column = 2 - Name = x2 - Locator = x2
Column = 3 - Name = DK_Blk.Factor.Gauss.Z.1.estim - Locator = z1
Column = 4 - Name = DK_Blk.Factor.Gauss.Z.2.estim - Locator = z2
Column = 5 - Name = DK_Blk.Factor.Gauss.Z.3.estim - Locator = z3
Column = 6 - Name = DK_Blk.Factor.Gauss.Z.1.stdev - Locator = NA
Column = 7 - Name = DK_Blk.Factor.Gauss.Z.2.stdev - Locator = NA
Column = 8 - Name = DK_Blk.Factor.Gauss.Z.3.stdev - Locator = NA

Data Base Characteristics
=========================

Data Base Summary
-----------------
File is organized as a set of isolated points
Space dimension              = 2
Number of Columns            = 8
Maximum Number of UIDs       = 8
Total number of samples      = 500

Variables
---------
Column = 0 - Name = x1 - Locator = x1
Column = 1 - Name = x2 - Locator = x2
Column = 2 - Name = Y - Locator = NA
Column = 3 - Name = Z - Locator = z1
Column = 4 - Name = Gauss.Z - Locator = NA
Column = 5 - Name = Factor.Gauss.Z.1 - Locator = NA
Column = 6 - Name = Factor.Gauss.Z.2 - Locator = NA
Column = 7 - Name = Factor.Gauss.Z.3 - Locator = NA

Target location
---------------
Sample #1 (from 25)
Coordinate #1 = 0.400000
Coordinate #2 = 0.400000

Data selected in neighborhood
-----------------------------
       Rank     Sample         x1         x2     Sector
          1         18      0.410      0.380          1
          2        123      0.410      0.420          1
          3        236      0.420      0.400          1
          4        273      0.400      0.430          1
          5        448      0.400      0.400          1

LHS of Kriging matrix (compressed)
==================================
Number of active samples    = 5
Total number of equations   = 5
Reduced number of equations = 5

       Rank                     1          2          3          4          5
                  Flag          1          2          3          4          5
          1          1      1.000      0.300      0.472      0.226      0.472
          2          2      0.300      1.000      0.472      0.585      0.472
          3          3      0.472      0.472      1.000      0.332      0.501
          4          4      0.226      0.585      0.332      1.000      0.387
          5          5      0.472      0.472      0.501      0.387      1.000

RHS of Kriging matrix (compressed)
==================================
Number of active samples    = 5
Total number of equations   = 5
Reduced number of equations = 5
Number of right-hand sides  = 1
Punctual Estimation

       Rank       Flag          1
          1          1      0.472
          2          2      0.472
          3          3      0.501
          4          4      0.387
          5          5      1.000

(Co-) Kriging weights
=====================
       Rank         x1         x2       Data        Z1*
          1      0.410      0.380      1.568      0.000
          2      0.410      0.420      0.868      0.000
          3      0.420      0.400      1.069      0.000
          4      0.400      0.430      0.778      0.000
          5      0.400      0.400      0.769      1.000
Sum of weights                                    1.000

(Co-) Kriging results
=====================
Target Sample = 1
Variable Z1 
 - Estimate  =       0.769
 - Std. Dev. =       0.000
 - Variance  =       0.000
 - Cov(h=0)  =       1.000

Data Base Grid Characteristics
==============================

Data Base Summary
-----------------
File is organized as a regular grid
Space dimension              = 2
Number of Columns            = 27
Maximum Number of UIDs       = 27
Total number of samples      = 25

Grid characteristics:
---------------------
Origin :      0.400     0.400
Mesh   :      0.050     0.050
Number :          5         5

Variables
---------
Column = 0 - Name = rank - Locator = NA
Column = 1 - Name = x1 - Locator = x1
Column = 2 - Name = x2 - Locator = x2
Column = 3 - Name = G_PTS.Gauss.Z.estim - Locator = NA
Column = 4 - Name = G_PTS.Gauss.Z.stdev - Locator = NA
Column = 5 - Name = PTS_Recovery.T-estim-0 - Locator = NA
Column = 6 - Name = PTS_Recovery.T-estim-0.5 - Locator = NA
Column = 7 - Name = PTS_Recovery.T-stdev-0 - Locator = NA
Column = 8 - Name = PTS_Recovery.T-stdev-0.5 - Locator = NA
Column = 9 - Name = PTS_Recovery.Q-estim-0 - Locator = NA
Column = 10 - Name = PTS_Recovery.Q-estim-0.5 - Locator = NA
Column = 11 - Name = PTS_Recovery.Q-stdev-0 - Locator = NA
Column = 12 - Name = PTS_Recovery.Q-stdev-0.5 - Locator = NA
Column = 13 - Name = DK_Pts.Factor.Gauss.Z.1.estim - Locator = NA
Column = 14 - Name = DK_Pts.Factor.Gauss.Z.2.estim - Locator = NA
Column = 15 - Name = DK_Pts.Factor.Gauss.Z.3.estim - Locator = NA
Column = 16 - Name = DK_Pts.Factor.Gauss.Z.1.stdev - Locator = NA
Column = 17 - Name = DK_Pts.Factor.Gauss.Z.2.stdev - Locator = NA
Column = 18 - Name = DK_Pts.Factor.Gauss.Z.3.stdev - Locator = NA
Column = 19 - Name = DK_Blk.Factor.Gauss.Z.1.estim - Locator = NA
Column = 20 - Name = DK_Blk.Factor.Gauss.Z.2.estim - Locator = NA
Column = 21 - Name = DK_Blk.Factor.Gauss.Z.3.estim - Locator = NA
Column = 22 - Name = DK_Blk.Factor.Gauss.Z.1.stdev - Locator = NA
Column = 23 - Name = DK_Blk.Factor.Gauss.Z.2.stdev - Locator = NA
Column = 24 - Name = DK_Blk.Factor.Gauss.Z.3.stdev - Locator = NA
Column = 25 - Name = Z_PTS.Z.estim - Locator = z1
Column = 26 - Name = Z_PTS.Z.stdev - Locator = NA

Data Base Grid Characteristics
==============================

Data Base Summary
-----------------
File is organized as a regular grid
Space dimension              = 2
Number of Columns            = 35
Maximum Number of UIDs       = 37
Total number of samples      = 25

Grid characteristics:
---------------------
Origin :      0.400     0.400
Mesh   :      0.050     0.050
Number :          5         5

Variables
---------
Column = 0 - Name = rank - Locator = NA
Column = 1 - Name = x1 - Locator = x1
Column = 2 - Name = x2 - Locator = x2
Column = 3 - Name = G_PTS.Gauss.Z.estim - Locator = NA
Column = 4 - Name = G_PTS.Gauss.Z.stdev - Locator = NA
Column = 5 - Name = PTS_Recovery.T-estim-0 - Locator = NA
Column = 6 - Name = PTS_Recovery.T-estim-0.5 - Locator = NA
Column = 7 - Name = PTS_Recovery.T-stdev-0 - Locator = NA
Column = 8 - Name = PTS_Recovery.T-stdev-0.5 - Locator = NA
Column = 9 - Name = PTS_Recovery.Q-estim-0 - Locator = NA
Column = 10 - Name = PTS_Recovery.Q-estim-0.5 - Locator = NA
Column = 11 - Name = PTS_Recovery.Q-stdev-0 - Locator = NA
Column = 12 - Name = PTS_Recovery.Q-stdev-0.5 - Locator = NA
Column = 13 - Name = DK_Pts.Factor.Gauss.Z.1.estim - Locator = NA
Column = 14 - Name = DK_Pts.Factor.Gauss.Z.2.estim - Locator = NA
Column = 15 - Name = DK_Pts.Factor.Gauss.Z.3.estim - Locator = NA
Column = 16 - Name = DK_Pts.Factor.Gauss.Z.1.stdev - Locator = NA
Column = 17 - Name = DK_Pts.Factor.Gauss.Z.2.stdev - Locator = NA
Column = 18 - Name = DK_Pts.Factor.Gauss.Z.3.stdev - Locator = NA
Column = 19 - Name = DK_Blk.Factor.Gauss.Z.1.estim - Locator = NA
Column = 20 - Name = DK_Blk.Factor.Gauss.Z.2.estim - Locator = NA
Column = 21 - Name = DK_Blk.Factor.Gauss.Z.3.estim - Locator = NA
Column = 22 - Name = DK_Blk.Factor.Gauss.Z.1.stdev - Locator = NA
Column = 23 - Name = DK_Blk.Factor.Gauss.Z.2.stdev - Locator = NA
Column = 24 - Name = DK_Blk.Factor.Gauss.Z.3.stdev - Locator = NA
Column = 25 - Name = Z_PTS.Z.estim - Locator = NA
Column = 26 - Name = Z_PTS.Z.stdev - Locator = NA
Column = 27 - Name = UC.T-estim-0 - Locator = NA
Column = 28 - Name = UC.T-estim-0.5 - Locator = NA
Column = 29 - Name = UC.T-stdev-0 - Locator = NA
Column = 30 - Name = UC.T-stdev-0.5 - Locator = NA
Column = 31 - Name = UC.Q-estim-0 - Locator = NA
Column = 32 - Name = UC.Q-estim-0.5 - Locator = NA
Column = 33 - Name = UC.Q-stdev-0 - Locator = NA
Column = 34 - Name = UC.Q-stdev-0.5 - Locator = z1
Change of Support coefficient (DGM-1) =  0.680

Model characteristics
=====================
Space dimension              = 2
Number of variable(s)        = 1
Number of basic structure(s) = 2
Number of drift function(s)  = 0
Number of drift equation(s)  = 0

Covariance Part
---------------
Cubic
- Sill         =      0.309
- Range        =      0.134
Exponential
- Sill         =      0.691
- Range        =      4.341
- Theo. Range  =      1.449
Total Sill     =      1.000

Hermitian Anamorphosis
----------------------
Minimum absolute value for Y  = -2.8
Maximum absolute value for Y  = 3.9
Minimum absolute value for Z  = 0.274228
Maximum absolute value for Z  = 5.99041
Minimum practical value for Y = -2.8
Maximum practical value for Y = 3.1
Minimum practical value for Z = 0.274228
Maximum practical value for Z = 5.86055
Mean                          = 1.53861
Variance                      = 0.306814
Number of Hermite polynomials = 20
Change of Support Coefficient = 0.680257
Normalized coefficients for Hermite polynomials (punctual variable)
               [,  0]    [,  1]    [,  2]    [,  3]    [,  4]    [,  5]    [,  6]
     [  0,]     1.539    -0.792     0.273    -0.061    -0.009     0.032    -0.031
     [  7,]     0.010     0.018    -0.021    -0.001     0.016    -0.009    -0.007
     [ 14,]     0.012     0.000    -0.012     0.004     0.010    -0.006

Processing Factor 1 / 1

Target location
---------------
Sample #1 (from 25)
Coordinate #1 = 0.400000
Coordinate #2 = 0.400000

Data selected in neighborhood
-----------------------------
       Rank     Sample         x1         x2     Sector
          1         74      0.400      0.400          1
          2        123      0.400      0.400          1
          3        182      0.400      0.400          1
          4        236      0.400      0.400          1
          5        273      0.400      0.400          1

LHS of Kriging matrix (compressed)
==================================
Number of active samples    = 5
Total number of equations   = 5
Reduced number of equations = 5

       Rank                     1          2          3          4          5
                  Flag          1          2          3          4          5
          1          1      1.000      0.463      0.463      0.463      0.463
          2          2      0.463      1.000      0.463      0.463      0.463
          3          3      0.463      0.463      1.000      0.463      0.463
          4          4      0.463      0.463      0.463      1.000      0.463
          5          5      0.463      0.463      0.463      0.463      1.000

RHS of Kriging matrix (compressed)
==================================
Number of active samples    = 5
Total number of equations   = 5
Reduced number of equations = 5
Number of right-hand sides  = 1
Punctual Estimation

       Rank       Flag          1
          1          1      0.680
          2          2      0.680
          3          3      0.680
          4          4      0.680
          5          5      0.680

(Co-) Kriging weights
=====================
       Rank         x1         x2       Data        Z1*
          1      0.400      0.400      0.687      0.239
          2      0.400      0.400     -0.848      0.239
          3      0.400      0.400     -0.255      0.239
          4      0.400      0.400     -0.440      0.239
          5      0.400      0.400     -1.048      0.239
Sum of weights                                    1.193

(Co-) Kriging results
=====================
Target Sample = 1
Variable Z1 
 - Estimate  =      -0.454
 - Std. Dev. =       0.434
 - Variance  =       0.188
 - Cov(h=0)  =       1.000

Data Base Grid Characteristics
==============================

Data Base Summary
-----------------
File is organized as a regular grid
Space dimension              = 2
Number of Columns            = 37
Maximum Number of UIDs       = 39
Total number of samples      = 25

Grid characteristics:
---------------------
Origin :      0.400     0.400
Mesh   :      0.050     0.050
Number :          5         5

Variables
---------
Column = 0 - Name = rank - Locator = NA
Column = 1 - Name = x1 - Locator = x1
Column = 2 - Name = x2 - Locator = x2
Column = 3 - Name = G_PTS.Gauss.Z.estim - Locator = NA
Column = 4 - Name = G_PTS.Gauss.Z.stdev - Locator = NA
Column = 5 - Name = PTS_Recovery.T-estim-0 - Locator = NA
Column = 6 - Name = PTS_Recovery.T-estim-0.5 - Locator = NA
Column = 7 - Name = PTS_Recovery.T-stdev-0 - Locator = NA
Column = 8 - Name = PTS_Recovery.T-stdev-0.5 - Locator = NA
Column = 9 - Name = PTS_Recovery.Q-estim-0 - Locator = NA
Column = 10 - Name = PTS_Recovery.Q-estim-0.5 - Locator = NA
Column = 11 - Name = PTS_Recovery.Q-stdev-0 - Locator = NA
Column = 12 - Name = PTS_Recovery.Q-stdev-0.5 - Locator = NA
Column = 13 - Name = DK_Pts.Factor.Gauss.Z.1.estim - Locator = NA
Column = 14 - Name = DK_Pts.Factor.Gauss.Z.2.estim - Locator = NA
Column = 15 - Name = DK_Pts.Factor.Gauss.Z.3.estim - Locator = NA
Column = 16 - Name = DK_Pts.Factor.Gauss.Z.1.stdev - Locator = NA
Column = 17 - Name = DK_Pts.Factor.Gauss.Z.2.stdev - Locator = NA
Column = 18 - Name = DK_Pts.Factor.Gauss.Z.3.stdev - Locator = NA
Column = 19 - Name = DK_Blk.Factor.Gauss.Z.1.estim - Locator = NA
Column = 20 - Name = DK_Blk.Factor.Gauss.Z.2.estim - Locator = NA
Column = 21 - Name = DK_Blk.Factor.Gauss.Z.3.estim - Locator = NA
Column = 22 - Name = DK_Blk.Factor.Gauss.Z.1.stdev - Locator = NA
Column = 23 - Name = DK_Blk.Factor.Gauss.Z.2.stdev - Locator = NA
Column = 24 - Name = DK_Blk.Factor.Gauss.Z.3.stdev - Locator = NA
Column = 25 - Name = Z_PTS.Z.estim - Locator = NA
Column = 26 - Name = Z_PTS.Z.stdev - Locator = NA
Column = 27 - Name = UC.T-estim-0 - Locator = NA
Column = 28 - Name = UC.T-estim-0.5 - Locator = NA
Column = 29 - Name = UC.T-stdev-0 - Locator = NA
Column = 30 - Name = UC.T-stdev-0.5 - Locator = NA
Column = 31 - Name = UC.Q-estim-0 - Locator = NA
Column = 32 - Name = UC.Q-estim-0.5 - Locator = NA
Column = 33 - Name = UC.Q-stdev-0 - Locator = NA
Column = 34 - Name = UC.Q-stdev-0.5 - Locator = NA
Column = 35 - Name = DK_DGM1.Gauss.Z.estim - Locator = z1
Column = 36 - Name = DK_DGM1.Gauss.Z.stdev - Locator = NA

Processing Factor 1 / 1

Target location
---------------
Sample #1 (from 1)
Coordinate #1 = 0.375000
Coordinate #2 = 0.375000

Data selected in neighborhood
-----------------------------
       Rank     Sample         x1         x2     Sector
          1         74      0.375      0.375          1
          2        123      0.375      0.375          1
          3        182      0.375      0.375          1
          4        236      0.375      0.375          1
          5        273      0.375      0.375          1

LHS of Kriging matrix (compressed)
==================================
Number of active samples    = 5
Total number of equations   = 5
Reduced number of equations = 5

       Rank                     1          2          3          4          5
                  Flag          1          2          3          4          5
          1          1      1.000      0.463      0.463      0.463      0.463
          2          2      0.463      1.000      0.463      0.463      0.463
          3          3      0.463      0.463      1.000      0.463      0.463
          4          4      0.463      0.463      0.463      1.000      0.463
          5          5      0.463      0.463      0.463      0.463      1.000

RHS of Kriging matrix (compressed)
==================================
Number of active samples    = 5
Total number of equations   = 5
Reduced number of equations = 5
Number of right-hand sides  = 1
Block Estimation : Discretization = 5 x 5

       Rank       Flag          1
          1          1      0.472
          2          2      0.472
          3          3      0.472
          4          4      0.472
          5          5      0.472

(Co-) Kriging weights
=====================
       Rank         x1         x2      Size1      Size2       Data        Z1*
          1      0.375      0.375      0.250      0.250      0.687      0.166
          2      0.375      0.375      0.250      0.250     -0.848      0.166
          3      0.375      0.375      0.250      0.250     -0.255      0.166
          4      0.375      0.375      0.250      0.250     -0.440      0.166
          5      0.375      0.375      0.250      0.250     -1.048      0.166
Sum of weights                                                          0.828

(Co-) Kriging results
=====================
Target Sample = 1
Variable Z1 
 - Estimate  =      -0.315
 - Std. Dev. =       0.527
 - Variance  =       0.278
 - Cov(h=0)  =       0.669

Data Base Grid Characteristics
==============================

Data Base Summary
-----------------
File is organized as a regular grid
Space dimension              = 2
Number of Columns            = 11
Maximum Number of UIDs       = 11
Total number of samples      = 1

Grid characteristics:
---------------------
Origin :      0.375     0.375
Mesh   :      0.250     0.250
Number :          1         1

Variables
---------
Column = 0 - Name = rank - Locator = NA
Column = 1 - Name = x1 - Locator = x1
Column = 2 - Name = x2 - Locator = x2
Column = 3 - Name = DK_Blk.Factor.Gauss.Z.1.estim - Locator = NA
Column = 4 - Name = DK_Blk.Factor.Gauss.Z.2.estim - Locator = NA
Column = 5 - Name = DK_Blk.Factor.Gauss.Z.3.estim - Locator = NA
Column = 6 - Name = DK_Blk.Factor.Gauss.Z.1.stdev - Locator = NA
Column = 7 - Name = DK_Blk.Factor.Gauss.Z.2.stdev - Locator = NA
Column = 8 - Name = DK_Blk.Factor.Gauss.Z.3.stdev - Locator = NA
Column = 9 - Name = DK_DGM1.Gauss.Z.estim - Locator = z1
Column = 10 - Name = DK_DGM1.Gauss.Z.stdev - Locator = NA
Change of Support coefficient (DGM-2) =  0.678

Model characteristics
=====================
Space dimension              = 2
Number of variable(s)        = 1
Number of basic structure(s) = 1
Number of drift function(s)  = 0
Number of drift equation(s)  = 0

Covariance Part
---------------
Exponential
- Sill         =      1.000
- Range        =      0.256
- Theo. Range  =      0.086
Total Sill     =      1.000

Model characteristics
=====================
Space dimension              = 2
Number of variable(s)        = 1
Number of basic structure(s) = 1
Number of drift function(s)  = 0
Number of drift equation(s)  = 0

Covariance Part
---------------
Exponential
- Sill         =      1.000
- Range        =      0.256
- Theo. Range  =      0.086
Total Sill     =      1.000

Hermitian Anamorphosis
----------------------
Minimum absolute value for Y  = -2.8
Maximum absolute value for Y  = 3.9
Minimum absolute value for Z  = 0.274228
Maximum absolute value for Z  = 5.99041
Minimum practical value for Y = -2.8
Maximum practical value for Y = 3.1
Minimum practical value for Z = 0.274228
Maximum practical value for Z = 5.86055
Mean                          = 1.53861
Variance                      = 0.304947
Number of Hermite polynomials = 20
Change of Support Coefficient = 0.678291
Normalized coefficients for Hermite polynomials (punctual variable)
               [,  0]    [,  1]    [,  2]    [,  3]    [,  4]    [,  5]    [,  6]
     [  0,]     1.539    -0.792     0.273    -0.061    -0.009     0.032    -0.031
     [  7,]     0.010     0.018    -0.021    -0.001     0.016    -0.009    -0.007
     [ 14,]     0.012     0.000    -0.012     0.004     0.010    -0.006

Processing Factor 1 / 1

Target location
---------------
Sample #1 (from 25)
Coordinate #1 = 0.400000
Coordinate #2 = 0.400000

Data selected in neighborhood
-----------------------------
       Rank     Sample         x1         x2     Sector
          1          4      0.350      0.400          1
          2         17      0.350      0.400          1
          3         29      0.350      0.400          1
          4         47      0.350      0.400          1
          5         81      0.350      0.400          1

LHS of Kriging matrix (compressed)
==================================
Number of active samples    = 5
Total number of equations   = 5
Reduced number of equations = 5

       Rank                     1          2          3          4          5
                  Flag          1          2          3          4          5
          1          1      1.000      0.460      0.460      0.460      0.460
          2          2      0.460      1.000      0.460      0.460      0.460
          3          3      0.460      0.460      1.000      0.460      0.460
          4          4      0.460      0.460      0.460      1.000      0.460
          5          5      0.460      0.460      0.460      0.460      1.000

RHS of Kriging matrix (compressed)
==================================
Number of active samples    = 5
Total number of equations   = 5
Reduced number of equations = 5
Number of right-hand sides  = 1
Punctual Estimation

       Rank       Flag          1
          1          1      0.378
          2          2      0.378
          3          3      0.378
          4          4      0.378
          5          5      0.378

(Co-) Kriging weights
=====================
       Rank         x1         x2       Data        Z1*
          1      0.350      0.400      1.135      0.133
          2      0.350      0.400     -1.456      0.133
          3      0.350      0.400     -0.094      0.133
          4      0.350      0.400     -0.980      0.133
          5      0.350      0.400      0.464      0.133
Sum of weights                                    0.666

(Co-) Kriging results
=====================
Target Sample = 1
Variable Z1 
 - Estimate  =      -0.124
 - Std. Dev. =       0.865
 - Variance  =       0.748
 - Cov(h=0)  =       1.000

Data Base Grid Characteristics
==============================

Data Base Summary
-----------------
File is organized as a regular grid
Space dimension              = 2
Number of Columns            = 39
Maximum Number of UIDs       = 41
Total number of samples      = 25

Grid characteristics:
---------------------
Origin :      0.400     0.400
Mesh   :      0.050     0.050
Number :          5         5

Variables
---------
Column = 0 - Name = rank - Locator = NA
Column = 1 - Name = x1 - Locator = x1
Column = 2 - Name = x2 - Locator = x2
Column = 3 - Name = G_PTS.Gauss.Z.estim - Locator = NA
Column = 4 - Name = G_PTS.Gauss.Z.stdev - Locator = NA
Column = 5 - Name = PTS_Recovery.T-estim-0 - Locator = NA
Column = 6 - Name = PTS_Recovery.T-estim-0.5 - Locator = NA
Column = 7 - Name = PTS_Recovery.T-stdev-0 - Locator = NA
Column = 8 - Name = PTS_Recovery.T-stdev-0.5 - Locator = NA
Column = 9 - Name = PTS_Recovery.Q-estim-0 - Locator = NA
Column = 10 - Name = PTS_Recovery.Q-estim-0.5 - Locator = NA
Column = 11 - Name = PTS_Recovery.Q-stdev-0 - Locator = NA
Column = 12 - Name = PTS_Recovery.Q-stdev-0.5 - Locator = NA
Column = 13 - Name = DK_Pts.Factor.Gauss.Z.1.estim - Locator = NA
Column = 14 - Name = DK_Pts.Factor.Gauss.Z.2.estim - Locator = NA
Column = 15 - Name = DK_Pts.Factor.Gauss.Z.3.estim - Locator = NA
Column = 16 - Name = DK_Pts.Factor.Gauss.Z.1.stdev - Locator = NA
Column = 17 - Name = DK_Pts.Factor.Gauss.Z.2.stdev - Locator = NA
Column = 18 - Name = DK_Pts.Factor.Gauss.Z.3.stdev - Locator = NA
Column = 19 - Name = DK_Blk.Factor.Gauss.Z.1.estim - Locator = NA
Column = 20 - Name = DK_Blk.Factor.Gauss.Z.2.estim - Locator = NA
Column = 21 - Name = DK_Blk.Factor.Gauss.Z.3.estim - Locator = NA
Column = 22 - Name = DK_Blk.Factor.Gauss.Z.1.stdev - Locator = NA
Column = 23 - Name = DK_Blk.Factor.Gauss.Z.2.stdev - Locator = NA
Column = 24 - Name = DK_Blk.Factor.Gauss.Z.3.stdev - Locator = NA
Column = 25 - Name = Z_PTS.Z.estim - Locator = NA
Column = 26 - Name = Z_PTS.Z.stdev - Locator = NA
Column = 27 - Name = UC.T-estim-0 - Locator = NA
Column = 28 - Name = UC.T-estim-0.5 - Locator = NA
Column = 29 - Name = UC.T-stdev-0 - Locator = NA
Column = 30 - Name = UC.T-stdev-0.5 - Locator = NA
Column = 31 - Name = UC.Q-estim-0 - Locator = NA
Column = 32 - Name = UC.Q-estim-0.5 - Locator = NA
Column = 33 - Name = UC.Q-stdev-0 - Locator = NA
Column = 34 - Name = UC.Q-stdev-0.5 - Locator = NA
Column = 35 - Name = DK_DGM1.Gauss.Z.estim - Locator = NA
Column = 36 - Name = DK_DGM1.Gauss.Z.stdev - Locator = NA
Column = 37 - Name = DK_DGM2.Gauss.Z.estim - Locator = z1
Column = 38 - Name = DK_DGM2.Gauss.Z.stdev - Locator = NA

Processing Factor 1 / 1

Target location
---------------
Sample #1 (from 1)
Coordinate #1 = 0.375000
Coordinate #2 = 0.375000

Data selected in neighborhood
-----------------------------
       Rank     Sample         x1         x2     Sector
          1          2      0.325      0.375          1
          2         28      0.325      0.375          1
          3         50      0.325      0.375          1
          4         59      0.325      0.375          1
          5         66      0.325      0.375          1

LHS of Kriging matrix (compressed)
==================================
Number of active samples    = 5
Total number of equations   = 5
Reduced number of equations = 5

       Rank                     1          2          3          4          5
                  Flag          1          2          3          4          5
          1          1      1.000      0.460      0.460      0.460      0.460
          2          2      0.460      1.000      0.460      0.460      0.460
          3          3      0.460      0.460      1.000      0.460      0.460
          4          4      0.460      0.460      0.460      1.000      0.460
          5          5      0.460      0.460      0.460      0.460      1.000

RHS of Kriging matrix (compressed)
==================================
Number of active samples    = 5
Total number of equations   = 5
Reduced number of equations = 5
Number of right-hand sides  = 1
Block Estimation : Discretization = 5 x 5

       Rank       Flag          1
          1          1      0.235
          2          2      0.235
          3          3      0.235
          4          4      0.235
          5          5      0.235

(Co-) Kriging weights
=====================
       Rank         x1         x2      Size1      Size2       Data        Z1*
          1      0.325      0.375      0.250      0.250     -1.287      0.083
          2      0.325      0.375      0.250      0.250      0.478      0.083
          3      0.325      0.375      0.250      0.250      0.636      0.083
          4      0.325      0.375      0.250      0.250     -0.460      0.083
          5      0.325      0.375      0.250      0.250     -0.449      0.083
Sum of weights                                                          0.413

(Co-) Kriging results
=====================
Target Sample = 1
Variable Z1 
 - Estimate  =      -0.089
 - Std. Dev. =       0.429
 - Variance  =       0.184
 - Cov(h=0)  =       0.281

Data Base Grid Characteristics
==============================

Data Base Summary
-----------------
File is organized as a regular grid
Space dimension              = 2
Number of Columns            = 13
Maximum Number of UIDs       = 13
Total number of samples      = 1

Grid characteristics:
---------------------
Origin :      0.375     0.375
Mesh   :      0.250     0.250
Number :          1         1

Variables
---------
Column = 0 - Name = rank - Locator = NA
Column = 1 - Name = x1 - Locator = x1
Column = 2 - Name = x2 - Locator = x2
Column = 3 - Name = DK_Blk.Factor.Gauss.Z.1.estim - Locator = NA
Column = 4 - Name = DK_Blk.Factor.Gauss.Z.2.estim - Locator = NA
Column = 5 - Name = DK_Blk.Factor.Gauss.Z.3.estim - Locator = NA
Column = 6 - Name = DK_Blk.Factor.Gauss.Z.1.stdev - Locator = NA
Column = 7 - Name = DK_Blk.Factor.Gauss.Z.2.stdev - Locator = NA
Column = 8 - Name = DK_Blk.Factor.Gauss.Z.3.stdev - Locator = NA
Column = 9 - Name = DK_DGM1.Gauss.Z.estim - Locator = NA
Column = 10 - Name = DK_DGM1.Gauss.Z.stdev - Locator = NA
Column = 11 - Name = DK_DGM2.Gauss.Z.estim - Locator = z1
Column = 12 - Name = DK_DGM2.Gauss.Z.stdev - Locator = NA

Data Base Grid Characteristics
==============================

Data Base Summary
-----------------
File is organized as a regular grid
Space dimension              = 2
Number of Columns            = 47
Maximum Number of UIDs       = 49
Total number of samples      = 25

Grid characteristics:
---------------------
Origin :      0.400     0.400
Mesh   :      0.050     0.050
Number :          5         5

Variables
---------
Column = 0 - Name = rank - Locator = NA
Column = 1 - Name = x1 - Locator = x1
Column = 2 - Name = x2 - Locator = x2
Column = 3 - Name = G_PTS.Gauss.Z.estim - Locator = NA
Column = 4 - Name = G_PTS.Gauss.Z.stdev - Locator = NA
Column = 5 - Name = PTS_Recovery.T-estim-0 - Locator = NA
Column = 6 - Name = PTS_Recovery.T-estim-0.5 - Locator = NA
Column = 7 - Name = PTS_Recovery.T-stdev-0 - Locator = NA
Column = 8 - Name = PTS_Recovery.T-stdev-0.5 - Locator = NA
Column = 9 - Name = PTS_Recovery.Q-estim-0 - Locator = NA
Column = 10 - Name = PTS_Recovery.Q-estim-0.5 - Locator = NA
Column = 11 - Name = PTS_Recovery.Q-stdev-0 - Locator = NA
Column = 12 - Name = PTS_Recovery.Q-stdev-0.5 - Locator = NA
Column = 13 - Name = DK_Pts.Factor.Gauss.Z.1.estim - Locator = NA
Column = 14 - Name = DK_Pts.Factor.Gauss.Z.2.estim - Locator = NA
Column = 15 - Name = DK_Pts.Factor.Gauss.Z.3.estim - Locator = NA
Column = 16 - Name = DK_Pts.Factor.Gauss.Z.1.stdev - Locator = NA
Column = 17 - Name = DK_Pts.Factor.Gauss.Z.2.stdev - Locator = NA
Column = 18 - Name = DK_Pts.Factor.Gauss.Z.3.stdev - Locator = NA
Column = 19 - Name = DK_Blk.Factor.Gauss.Z.1.estim - Locator = NA
Column = 20 - Name = DK_Blk.Factor.Gauss.Z.2.estim - Locator = NA
Column = 21 - Name = DK_Blk.Factor.Gauss.Z.3.estim - Locator = NA
Column = 22 - Name = DK_Blk.Factor.Gauss.Z.1.stdev - Locator = NA
Column = 23 - Name = DK_Blk.Factor.Gauss.Z.2.stdev - Locator = NA
Column = 24 - Name = DK_Blk.Factor.Gauss.Z.3.stdev - Locator = NA
Column = 25 - Name = Z_PTS.Z.estim - Locator = NA
Column = 26 - Name = Z_PTS.Z.stdev - Locator = NA
Column = 27 - Name = UC.T-estim-0 - Locator = NA
Column = 28 - Name = UC.T-estim-0.5 - Locator = NA
Column = 29 - Name = UC.T-stdev-0 - Locator = NA
Column = 30 - Name = UC.T-stdev-0.5 - Locator = NA
Column = 31 - Name = UC.Q-estim-0 - Locator = NA
Column = 32 - Name = UC.Q-estim-0.5 - Locator = NA
Column = 33 - Name = UC.Q-stdev-0 - Locator = NA
Column = 34 - Name = UC.Q-stdev-0.5 - Locator = NA
Column = 35 - Name = DK_DGM1.Gauss.Z.estim - Locator = NA
Column = 36 - Name = DK_DGM1.Gauss.Z.stdev - Locator = NA
Column = 37 - Name = DK_DGM2.Gauss.Z.estim - Locator = NA
Column = 38 - Name = DK_DGM2.Gauss.Z.stdev - Locator = NA
Column = 39 - Name = QT.T-estim-0 - Locator = NA
Column = 40 - Name = QT.T-estim-0.5 - Locator = NA
Column = 41 - Name = QT.T-stdev-0 - Locator = NA
Column = 42 - Name = QT.T-stdev-0.5 - Locator = NA
Column = 43 - Name = QT.Q-estim-0 - Locator = NA
Column = 44 - Name = QT.Q-estim-0.5 - Locator = NA
Column = 45 - Name = QT.Q-stdev-0 - Locator = NA
Column = 46 - Name = QT.Q-stdev-0.5 - Locator = z1
