
Checking Bayes option
=====================
Compare:
- Kriging with traditional code
- Estimation performed with 'KrigingCalcul'
- Option: Bayesian

Using Standard Kriging procedure
--------------------------------
Kriging.z-1.estim      0.357
Kriging.z-2.estim     -0.009
Kriging.z-1.stdev      2.341
Kriging.z-2.stdev      1.895
 Kriging.z-1.varz      1.695
 Kriging.z-2.varz      1.110

Using Schur class
-----------------
Kriging Value(s)
     0.357    -0.009
Standard Deviation of Estimation Error
     2.341     1.895
Variance of Estimator
     1.695     1.110

Compare the Collocated Option (in Unique Neighborhood):
=======================================================
- using Standard Kriging on the Complemented Data Set
- using 'KrigingCalcul' on the Complemented Data Set
- using 'KrigingCalcul' on Standard Data Set adding Collocated Option

Using Standard Kriging procedure
--------------------------------
Kriging.z-1.estim     -1.003
Kriging.z-2.estim      1.161
Kriging.z-1.stdev      0.792
Kriging.z-2.stdev      0.000
 Kriging.z-1.varz      4.363
 Kriging.z-2.varz      3.084

With complemented input Data Base
---------------------------------
Kriging Value(s)
    -1.003     1.161
Standard Deviation of Estimation Error
     0.792     0.000
Variance of Estimator
     4.363     3.084

With Collocated Option
----------------------
Kriging Value(s)
    -1.003     1.161
Standard Deviation of Estimation Error
     0.792     0.000
Variance of Estimator
     4.363     3.084

Cross-Validation in Unique Neighborhood
=======================================
Compare the Cross-validation Option (in Unique Neighborhood):
- using Standard Kriging on the Deplemented Data Set
- using 'KrigingCalcul' on Initial Set with Cross-validation option

Data Base Characteristics
=========================

Data Base Contents
------------------
                 rank       x-1       x-2       z-1       z-2
     [  0,]     1.000     0.652     0.015       N/A    -0.454
     [  1,]     2.000     0.483     0.557    -0.774    -0.872
     [  2,]     3.000     0.762     0.433     0.793     0.744

Variables
---------
Column = 0 - Name = rank - Locator = NA
Column = 1 - Name = x-1 - Locator = x1
Column = 2 - Name = x-2 - Locator = x2
Column = 3 - Name = z-1 - Locator = z1
Column = 4 - Name = z-2 - Locator = z2

Data Base Characteristics
=========================

Data Base Contents
------------------
     1.000     0.652     0.015     0.753    -0.454     1.000

Variables
---------
Column = 0 - Name = rank - Locator = NA
Column = 1 - Name = x-1 - Locator = x1
Column = 2 - Name = x-2 - Locator = x2
Column = 3 - Name = z-1 - Locator = z1
Column = 4 - Name = z-2 - Locator = z2
Column = 5 - Name = Selection - Locator = sel

With deplemented input Data Base
--------------------------------
Kriging Value(s)
     0.462    -0.454
Standard Deviation of Estimation Error
     0.899     0.000
Variance of Estimator
     4.439     3.084

With Cross-Validation Option
----------------------------
>>> Vector Z is missing (required)
>>> Matrix Sigma0 is missing (required)
>>> Matrix Sigma0 is missing (required)
