
Model characteristics
=====================
Space dimension              = 2
Number of variable(s)        = 1
Number of basic structure(s) = 1
Number of drift function(s)  = 0
Number of drift equation(s)  = 0

Covariance Part
---------------
Matern (Third Parameter = 1)
- Sill         =      1.000
- Ranges       =     10.000    30.000
- Theo. Ranges =      2.887     8.660
Total Sill     =      1.000

Non-Stationary Parameters
-------------------------
1 - Angle      : IdCov=1 IdAngle=1
Functional
Known Mean(s)     0.000

Data Base Characteristics
=========================

Data Base Summary
-----------------
File is organized as a set of isolated points
Space dimension              = 2
Number of Columns            = 4
Total number of samples      = 100

Variables
---------
Column = 0 - Name = rank - Locator = NA
Column = 1 - Name = x-1 - Locator = x1
Column = 2 - Name = x-2 - Locator = x2
Column = 3 - Name = variable - Locator = z1

Data Base Grid Characteristics
==============================

Data Base Statistics
--------------------
1 - Name rank - Locator NA
 Nb of data          =      10201
 Nb of active values =      10201
 Minimum value       =       1.00
 Maximum value       =   10201.00
 Mean value          =    5101.00
 Standard Deviation  =    2944.78
 Variance            = 8671700.00
2 - Name x1 - Locator x1
 Nb of data          =      10201
 Nb of active values =      10201
 Minimum value       =       0.00
 Maximum value       =     100.00
 Mean value          =      50.00
 Standard Deviation  =      29.15
 Variance            =     850.00
3 - Name x2 - Locator x2
 Nb of data          =      10201
 Nb of active values =      10201
 Minimum value       =       0.00
 Maximum value       =     100.00
 Mean value          =      50.00
 Standard Deviation  =      29.15
 Variance            =     850.00
4 - Name K-spirale.variable.estim - Locator NA
 Nb of data          =      10201
 Nb of active values =      10201
 Minimum value       =      -2.21
 Maximum value       =       3.47
 Mean value          =       0.11
 Standard Deviation  =       0.72
 Variance            =       0.52
5 - Name NCS-spirale.1 - Locator NA
 Nb of data          =      10201
 Nb of active values =      10201
 Minimum value       =      -3.51
 Maximum value       =       3.71
 Mean value          =       0.14
 Standard Deviation  =       1.00
 Variance            =       0.99
6 - Name NCS-spirale.2 - Locator NA
 Nb of data          =      10201
 Nb of active values =      10201
 Minimum value       =      -2.91
 Maximum value       =       3.27
 Mean value          =       0.19
 Standard Deviation  =       0.90
 Variance            =       0.81
7 - Name NCS-spirale.3 - Locator NA
 Nb of data          =      10201
 Nb of active values =      10201
 Minimum value       =      -4.30
 Maximum value       =       3.23
 Mean value          =      -0.22
 Standard Deviation  =       1.07
 Variance            =       1.15
8 - Name CDS-spirale.variable.1 - Locator z1
 Nb of data          =      10201
 Nb of active values =      10201
 Minimum value       =      -2.93
 Maximum value       =       3.58
 Mean value          =       0.22
 Standard Deviation  =       1.02
 Variance            =       1.05
9 - Name CDS-spirale.variable.2 - Locator z2
 Nb of data          =      10201
 Nb of active values =      10201
 Minimum value       =      -3.76
 Maximum value       =       4.75
 Mean value          =       0.14
 Standard Deviation  =       1.11
 Variance            =       1.23
10 - Name CDS-spirale.variable.3 - Locator z3
 Nb of data          =      10201
 Nb of active values =      10201
 Minimum value       =      -3.89
 Maximum value       =       4.37
 Mean value          =       0.08
 Standard Deviation  =       1.21
 Variance            =       1.46
