
Sill fitting from Variogram (old version)
=========================================

Model characteristics
=====================
Space dimension              = 2
Number of variable(s)        = 1
Number of basic structure(s) = 2
Number of drift function(s)  = 0
Number of drift equation(s)  = 0

Covariance Part
---------------
Nugget Effect
- Sill         =      1.457
Spherical
- Sill         =      2.688
- Range        =      0.250
Total Sill     =      4.145
Known Mean(s)     0.000

Model fitting from Variogram (new version)
==========================================

Model characteristics
=====================
Space dimension              = 2
Number of variable(s)        = 1
Number of basic structure(s) = 2
Number of drift function(s)  = 0
Number of drift equation(s)  = 0

Covariance Part
---------------
Nugget Effect
- Sill         =      1.569
Spherical
- Sill         =      2.621
- Ranges       =      0.280     0.529
- Angles       =      1.039     0.000
- Rotation Matrix
               [,  0]    [,  1]
     [  0,]     1.000    -0.018
     [  1,]     0.018     1.000
Total Sill     =      4.190
Known Mean(s)     0.000

Sill Fitting from Variogram Map (new version)
=============================================

Model characteristics
=====================
Space dimension              = 2
Number of variable(s)        = 1
Number of basic structure(s) = 2
Number of drift function(s)  = 0
Number of drift equation(s)  = 0

Covariance Part
---------------
Nugget Effect
- Sill         =      1.893
Spherical
- Sill         =      2.800
- Ranges       =      0.213     0.252
- Angles       =      7.128     0.000
- Rotation Matrix
               [,  0]    [,  1]
     [  0,]     0.992    -0.124
     [  1,]     0.124     0.992
Total Sill     =      4.693
Known Mean(s)     0.000
