
Data Base Characteristics
=========================

Data Base Summary
-----------------
File is organized as a set of isolated points
Space dimension              = 2
Number of Columns            = 3
Maximum Number of UIDs       = 3
Total number of samples      = 10

Variables
---------
Column = 0 - Name = rank - Locator = NA
Column = 1 - Name = x-1 - Locator = x1
Column = 2 - Name = x-2 - Locator = x2

Model characteristics
=====================
Space dimension              = 2
Number of variable(s)        = 1
Number of basic structure(s) = 1
Number of drift function(s)  = 0
Number of drift equation(s)  = 0

Covariance Part
---------------
K-Bessel (Third Parameter = 1)
- Sill         =      1.000
- Range        =     20.000
- Theo. Range  =      5.774
Total Sill     =      1.000

Model characteristics
=====================
Space dimension              = 2
Number of variable(s)        = 1
Number of basic structure(s) = 1
Number of drift function(s)  = 0
Number of drift equation(s)  = 0

Covariance Part
---------------
K-Bessel (Third Parameter = 2)
- Sill         =      1.000
- Range        =     40.000
- Theo. Range  =      8.165
Total Sill     =      1.000

Data Base Grid Characteristics
==============================

Data Base Summary
-----------------
File is organized as a regular grid
Space dimension              = 2
Number of Columns            = 5
Maximum Number of UIDs       = 5
Total number of samples      = 10201

Grid characteristics:
---------------------
Origin :      0.000     0.000
Mesh   :      1.000     1.000
Number :        101       101

Variables
---------
Column = 0 - Name = rank - Locator = NA
Column = 1 - Name = x1 - Locator = x1
Column = 2 - Name = x2 - Locator = x2
Column = 3 - Name = simuGauss-1 - Locator = z1
Column = 4 - Name = simuGauss-2 - Locator = z2

Data Base Grid Characteristics
==============================

Data Base Statistics
--------------------
4 - Name Facies - Locator facies1
 Nb of data          =      10201
 Nb of active values =      10201
 Minimum value       =      1.000
 Maximum value       =      3.000
 Mean value          =      2.097
 Standard Deviation  =      0.668
 Variance            =      0.446
