
Data Base Characteristics
=========================

Data Base Statistics
--------------------
1 - Name rank - Locator NA
 Nb of data          =       1000
 Nb of active values =       1000
 Minimum value       =      1.000
 Maximum value       =   1000.000
 Mean value          =    500.500
 Standard Deviation  =    288.675
 Variance            =  83333.250
2 - Name x-1 - Locator x1
 Nb of data          =       1000
 Nb of active values =       1000
 Minimum value       =      0.000
 Maximum value       =      1.000
 Mean value          =      0.507
 Standard Deviation  =      0.288
 Variance            =      0.083
3 - Name x-2 - Locator x2
 Nb of data          =       1000
 Nb of active values =       1000
 Minimum value       =      0.001
 Maximum value       =      0.999
 Mean value          =      0.486
 Standard Deviation  =      0.292
 Variance            =      0.085

Data Base Grid Characteristics
==============================

Data Base Summary
-----------------
File is organized as a regular grid
Space dimension              = 2
Number of Columns            = 6
Maximum Number of UIDs       = 6
Total number of samples      = 10000

Grid characteristics:
---------------------
Origin :      0.000     0.000
Mesh   :      0.010     0.010
Number :        100       100

Variables
---------
Column = 0 - Name = rank - Locator = NA
Column = 1 - Name = x1 - Locator = x1
Column = 2 - Name = x2 - Locator = x2
Column = 3 - Name = Props-1 - Locator = p1
Column = 4 - Name = Props-2 - Locator = p2
Column = 5 - Name = Props-3 - Locator = p3

Model characteristics
=====================
Space dimension              = 2
Number of variable(s)        = 1
Number of basic structure(s) = 1
Number of drift function(s)  = 0
Number of drift equation(s)  = 0

Covariance Part
---------------
K-Bessel (Third Parameter = 1)
- Sill         =      1.000
- Range        =      0.200
- Theo. Range  =      0.058
Total Sill     =      1.000

Model characteristics
=====================
Space dimension              = 2
Number of variable(s)        = 1
Number of basic structure(s) = 1
Number of drift function(s)  = 0
Number of drift equation(s)  = 0

Covariance Part
---------------
Exponential
- Sill         =      1.000
- Range        =      0.300
- Theo. Range  =      0.100
Total Sill     =      1.000

Neighborhood characteristics
============================
Space dimension = 2

Lithotype Rule
==============
- Number of nodes               = 5
- Number of facies              = 3
- Number of thresholds along G1 = 1
- Number of thresholds along G2 = 1

Node F1 - Facies 1
Node F2 - Facies 2
Node F3 - Facies 3

Data Base Characteristics
=========================

Data Base Statistics
--------------------
1 - Name Facies.Props - Locator NA
 Nb of data          =       1000
 Nb of active values =       1000
 Minimum value       =      1.000
 Maximum value       =   1000.000
 Mean value          =    500.500
 Standard Deviation  =    288.675
 Variance            =  83333.250
2 - Name x-1 - Locator x1
 Nb of data          =       1000
 Nb of active values =       1000
 Minimum value       =      0.000
 Maximum value       =      1.000
 Mean value          =      0.507
 Standard Deviation  =      0.288
 Variance            =      0.083
3 - Name x-2 - Locator x2
 Nb of data          =       1000
 Nb of active values =       1000
 Minimum value       =      0.001
 Maximum value       =      0.999
 Mean value          =      0.486
 Standard Deviation  =      0.292
 Variance            =      0.085
4 - Name Facies - Locator z1
 Nb of data          =       1000
 Nb of active values =       1000
 Minimum value       =      1.000
 Maximum value       =      3.000
 Mean value          =      2.193
 Standard Deviation  =      0.603
 Variance            =      0.364

Non-centered Covariance characteristics
=======================================
Number of variable(s)       = 2
Number of direction(s)      = 1
Space dimension             = 2
Variance-Covariance Matrix
               [,  0]    [,  1]
     [  0,]     1.000     0.000
     [  1,]     0.000     1.000

Direction #1
------------
Number of lags              = 19
Direction coefficients      =      1.000     0.000
Direction angles (degrees)  =      0.000     0.000
Tolerance on direction      =     90.000 (degrees)
Calculation lag             =      0.026
Tolerance on distance       =     50.000 (Percent of the lag value)
Grid Direction coefficients =          1         0

For variable 1
      Rank    Npairs  Distance     Value
       -19 18116.000     0.474     0.000
       -18 18143.000     0.447    -0.039
       -17 17755.000     0.421    -0.073
       -16 17516.000     0.395    -0.107
       -15 17266.000     0.368    -0.073
       -14 17014.000     0.342    -0.073
       -13 16317.000     0.316    -0.107
       -12 15602.000     0.290    -0.039
       -11 14488.000     0.263    -0.073
       -10 14091.000     0.237    -0.107
        -9 12773.000     0.211    -0.107
        -8 11636.000     0.184    -0.107
        -7 10385.000     0.158    -0.073
        -6  9007.000     0.132     0.073
        -5  7627.000     0.106     0.219
        -4  5828.000     0.080     0.420
        -3  3988.000     0.054     0.635
        -2  2090.000     0.028     0.858
        -1   270.000     0.008     0.983
         0  1000.000     0.000     1.000
         1   270.000    -0.008     0.983
         2  2090.000    -0.028     0.858
         3  3988.000    -0.054     0.635
         4  5828.000    -0.080     0.420
         5  7627.000    -0.106     0.219
         6  9007.000    -0.132     0.073
         7 10385.000    -0.158    -0.073
         8 11636.000    -0.184    -0.107
         9 12773.000    -0.211    -0.107
        10 14091.000    -0.237    -0.107
        11 14488.000    -0.263    -0.073
        12 15602.000    -0.290    -0.039
        13 16317.000    -0.316    -0.107
        14 17014.000    -0.342    -0.073
        15 17266.000    -0.368    -0.073
        16 17516.000    -0.395    -0.107
        17 17755.000    -0.421    -0.073
        18 18143.000    -0.447    -0.039
        19 18116.000    -0.474     0.000

For variables 2 and 1
      Rank    Npairs  Distance     Value
       -19 18116.000     0.474     0.000
       -18 18143.000     0.447     0.000
       -17 17755.000     0.421     0.000
       -16 17516.000     0.395     0.000
       -15 17266.000     0.368     0.000
       -14 17014.000     0.342     0.000
       -13 16317.000     0.316     0.000
       -12 15602.000     0.290     0.000
       -11 14488.000     0.263     0.000
       -10 14091.000     0.237     0.000
        -9 12773.000     0.211     0.000
        -8 11636.000     0.184     0.000
        -7 10385.000     0.158     0.000
        -6  9007.000     0.132     0.000
        -5  7627.000     0.106     0.000
        -4  5828.000     0.080     0.000
        -3  3988.000     0.054     0.000
        -2  2090.000     0.028     0.000
        -1   270.000     0.008     0.000
         0  1000.000     0.000     0.000
         1   270.000    -0.008     0.000
         2  2090.000    -0.028     0.000
         3  3988.000    -0.054     0.000
         4  5828.000    -0.080     0.000
         5  7627.000    -0.106     0.000
         6  9007.000    -0.132     0.000
         7 10385.000    -0.158     0.000
         8 11636.000    -0.184     0.000
         9 12773.000    -0.211     0.000
        10 14091.000    -0.237     0.000
        11 14488.000    -0.263     0.000
        12 15602.000    -0.290     0.000
        13 16317.000    -0.316     0.000
        14 17014.000    -0.342     0.000
        15 17266.000    -0.368     0.000
        16 17516.000    -0.395     0.000
        17 17755.000    -0.421     0.000
        18 18143.000    -0.447     0.000
        19 18116.000    -0.474     0.000

For variable 2
      Rank    Npairs  Distance     Value
       -19 18116.000     0.474     0.343
       -18 18143.000     0.447     0.378
       -17 17755.000     0.421     0.399
       -16 17516.000     0.395     0.343
       -15 17266.000     0.368     0.330
       -14 17014.000     0.342     0.253
       -13 16317.000     0.316     0.288
       -12 15602.000     0.290     0.330
       -11 14488.000     0.263     0.399
       -10 14091.000     0.237     0.365
        -9 12773.000     0.211     0.309
        -8 11636.000     0.184     0.240
        -7 10385.000     0.158     0.275
        -6  9007.000     0.132     0.343
        -5  7627.000     0.106     0.399
        -4  5828.000     0.080     0.476
        -3  3988.000     0.054     0.545
        -2  2090.000     0.028     0.747
        -1   270.000     0.008     0.948
         0  1000.000     0.000     1.000
         1   270.000    -0.008     0.948
         2  2090.000    -0.028     0.747
         3  3988.000    -0.054     0.545
         4  5828.000    -0.080     0.476
         5  7627.000    -0.106     0.399
         6  9007.000    -0.132     0.343
         7 10385.000    -0.158     0.275
         8 11636.000    -0.184     0.240
         9 12773.000    -0.211     0.309
        10 14091.000    -0.237     0.365
        11 14488.000    -0.263     0.399
        12 15602.000    -0.290     0.330
        13 16317.000    -0.316     0.288
        14 17014.000    -0.342     0.253
        15 17266.000    -0.368     0.330
        16 17516.000    -0.395     0.343
        17 17755.000    -0.421     0.399
        18 18143.000    -0.447     0.378
        19 18116.000    -0.474     0.343

Variogram characteristics
=========================
Number of variable(s)       = 1
Number of direction(s)      = 1
Space dimension             = 2
Variance-Covariance Matrix     1.000

Direction #1
------------
Number of lags              = 19
Direction coefficients      =      1.000     0.000
Direction angles (degrees)  =      0.000     0.000
Tolerance on direction      =     90.000 (degrees)
Calculation lag             =      0.026
Tolerance on distance       =     50.000 (Percent of the lag value)
Grid Direction coefficients =          1         0

For variable 1
      Rank    Npairs  Distance     Value
         0   270.000     0.008     0.017
         1  2090.000     0.028     0.142
         2  3988.000     0.054     0.365
         3  5828.000     0.080     0.580
         4  7627.000     0.106     0.781
         5  9007.000     0.132     0.927
         6 10385.000     0.158     1.073
         7 11636.000     0.184     1.107
         8 12773.000     0.211     1.107
         9 14091.000     0.237     1.107
        10 14488.000     0.263     1.073
        11 15602.000     0.290     1.039
        12 16317.000     0.316     1.107
        13 17014.000     0.342     1.073
        14 17266.000     0.368     1.073
        15 17516.000     0.395     1.107
        16 17755.000     0.421     1.073
        17 18143.000     0.447     1.039
        18 18116.000     0.474     1.000

Variogram characteristics
=========================
Number of variable(s)       = 1
Number of direction(s)      = 1
Space dimension             = 2
Variance-Covariance Matrix     1.000

Direction #1
------------
Number of lags              = 19
Direction coefficients      =      1.000     0.000
Direction angles (degrees)  =      0.000     0.000
Tolerance on direction      =     90.000 (degrees)
Calculation lag             =      0.026
Tolerance on distance       =     50.000 (Percent of the lag value)
Grid Direction coefficients =          1         0

For variable 1
      Rank    Npairs  Distance     Value
         0   270.000     0.008     0.052
         1  2090.000     0.028     0.253
         2  3988.000     0.054     0.455
         3  5828.000     0.080     0.524
         4  7627.000     0.106     0.601
         5  9007.000     0.132     0.657
         6 10385.000     0.158     0.725
         7 11636.000     0.184     0.760
         8 12773.000     0.211     0.691
         9 14091.000     0.237     0.635
        10 14488.000     0.263     0.601
        11 15602.000     0.290     0.670
        12 16317.000     0.316     0.712
        13 17014.000     0.342     0.747
        14 17266.000     0.368     0.670
        15 17516.000     0.395     0.657
        16 17755.000     0.421     0.601
        17 18143.000     0.447     0.622
        18 18116.000     0.474     0.657

Statistics for the Minimization Foxleg procedure
------------------------------------------------
- Number of experimental values = 19
- Number of parameters          = 3
- Number of iterations          = 38/1000 
- Value of minimized function   = 0.000134518
- Initial increment value       = 1
- Current increment value       = 4.0736e-06
- Increment Stopping Criterion  = 1e-05
- Stopping Value                = 1217.84
- Stopping Criterion            = 1e-06
- Stopping Criterion (scaled)   = 1e-06

Suppressing the unnecessary basic structures
============================================
Structure 'Exponential' in model #1 is suppressed

Statistics for the Minimization Foxleg procedure
------------------------------------------------
- Number of experimental values = 19
- Number of parameters          = 2
- Number of iterations          = 18/1000 
- Value of minimized function   = 0.000134518
- Initial increment value       = 1
- Current increment value       = 3.8147e-06
- Increment Stopping Criterion  = 1e-05
- Stopping Value                = 12592.6
- Stopping Criterion            = 1e-06
- Stopping Criterion (scaled)   = 1e-06

Model characteristics
=====================
Space dimension              = 2
Number of variable(s)        = 1
Number of basic structure(s) = 1
Number of drift function(s)  = 0
Number of drift equation(s)  = 0

Covariance Part
---------------
K-Bessel (Third Parameter = 99.8973)
- Sill         =      1.000
- Range        =      0.143
- Theo. Range  =      0.004
Total Sill     =      1.000

Statistics for the Minimization Foxleg procedure
------------------------------------------------
- Number of experimental values = 19
- Number of parameters          = 3
- Number of iterations          = 28/1000 
- Value of minimized function   = 5.01896e-05
- Initial increment value       = 1
- Current increment value       = 26922.7
- Increment Stopping Criterion  = 1e-05
- Stopping Value                = 0.0195013
- Stopping Criterion            = 1e-06
- Stopping Criterion (scaled)   = 1e-06

Suppressing the unnecessary basic structures
============================================
Structure 'Exponential' in model #1 is suppressed

Statistics for the Minimization Foxleg procedure
------------------------------------------------
- Number of experimental values = 19
- Number of parameters          = 2
- Number of iterations          = 27/1000 
- Value of minimized function   = 0.000227297
- Initial increment value       = 1
- Current increment value       = 4.00925e-06
- Increment Stopping Criterion  = 1e-05
- Stopping Value                = 1.94882
- Stopping Criterion            = 1e-06
- Stopping Criterion (scaled)   = 1e-06

Model characteristics
=====================
Space dimension              = 2
Number of variable(s)        = 1
Number of basic structure(s) = 1
Number of drift function(s)  = 0
Number of drift equation(s)  = 0

Covariance Part
---------------
K-Bessel (Third Parameter = 0.148804)
- Sill         =      1.000
- Range        =      1.005
- Theo. Range  =      0.752
Total Sill     =      1.000

Construction of the Tree of candidate Lithotype Rules:
------------------------------------------------------

List of Rules and corresponding scores:
---------------------------------------
Non-stationary case
   1:  S  1  S  2  3 -> 72627 (   5  22  26 )
   2:  S  1  S  3  2 -> 72849 (   5  26  22 )
   3:  S  1  T  2  3 -> 72337 (   5  30  34 )
   5:  S  2  S  1  3 -> 72733 (  22   5  26 )
   6:  S  2  S  3  1 -> 72849 (  26   5  22 )
   7:  S  2  T  1  3 -> 72486 (  30   5  34 )
   9:  S  3  S  1  2 -> 72733 (  22  26   5 )
  10:  S  3  S  2  1 -> 72627 (  26  22   5 )
  11:  S  3  T  1  2 -> 72385 (  30  34   5 )

Optimal Lithotype Rule:
-----------------------
  S  1  T  2  3 (   5  30  34 )

Lithotype Rule
==============
- Number of nodes               = 5
- Number of facies              = 3
- Number of thresholds along G1 = 1
- Number of thresholds along G2 = 1

Node F1 - Facies 1
Node F2 - Facies 2
Node F3 - Facies 3

Model characteristics
=====================
Space dimension              = 2
Number of variable(s)        = 1
Number of basic structure(s) = 1
Number of drift function(s)  = 0
Number of drift equation(s)  = 0

Covariance Part
---------------
K-Bessel (Third Parameter = 99.8973)
- Sill         =      1.000
- Range        =      0.143
- Theo. Range  =      0.004
Total Sill     =      1.000

Model characteristics
=====================
Space dimension              = 2
Number of variable(s)        = 1
Number of basic structure(s) = 1
Number of drift function(s)  = 0
Number of drift equation(s)  = 0

Covariance Part
---------------
K-Bessel (Third Parameter = 99.8973)
- Sill         =      1.000
- Range        =      0.143
- Theo. Range  =      0.004
Total Sill     =      1.000

Variogram characteristics
=========================
Number of variable(s)       = 3
Number of direction(s)      = 1
Space dimension             = 2
Variance-Covariance Matrix
               [,  0]    [,  1]    [,  2]
     [  0,]     0.000     0.000     0.000
     [  1,]     0.000     0.000     0.000
     [  2,]     0.000     0.000     0.000

Direction #1
------------
Number of lags              = 19
Direction coefficients      =      1.000     0.000
Direction angles (degrees)  =      0.000     0.000
Tolerance on direction      =     90.000 (degrees)
Calculation lag             =      0.026
Tolerance on distance       =     50.000 (Percent of the lag value)
Grid Direction coefficients =          1         0

For variable 1
      Rank    Npairs  Distance     Value
         0   270.000     0.008     0.016
         1  2090.000     0.028     0.053
         2  3988.000     0.054     0.093
         3  5828.000     0.080     0.124
         4  7627.000     0.106     0.144
         5  9007.000     0.132     0.154
         6 10385.000     0.158     0.158
         7 11636.000     0.184     0.159
         8 12773.000     0.211     0.160
         9 14091.000     0.237     0.160
        10 14488.000     0.263     0.160
        11 15602.000     0.290     0.160
        12 16317.000     0.316     0.160
        13 17014.000     0.342     0.160
        14 17266.000     0.368     0.160
        15 17516.000     0.395     0.160
        16 17755.000     0.421     0.160
        17 18143.000     0.447     0.160
        18 18116.000     0.474     0.160

For variables 2 and 1
      Rank    Npairs  Distance     Value
         0   270.000     0.008    -0.010
         1  2090.000     0.028    -0.033
         2  3988.000     0.054    -0.058
         3  5828.000     0.080    -0.078
         4  7627.000     0.106    -0.090
         5  9007.000     0.132    -0.096
         6 10385.000     0.158    -0.099
         7 11636.000     0.184    -0.100
         8 12773.000     0.211    -0.100
         9 14091.000     0.237    -0.100
        10 14488.000     0.263    -0.100
        11 15602.000     0.290    -0.100
        12 16317.000     0.316    -0.100
        13 17014.000     0.342    -0.100
        14 17266.000     0.368    -0.100
        15 17516.000     0.395    -0.100
        16 17755.000     0.421    -0.100
        17 18143.000     0.447    -0.100
        18 18116.000     0.474    -0.100

For variable 2
      Rank    Npairs  Distance     Value
         0   270.000     0.008     0.095
         1  2090.000     0.028     0.132
         2  3988.000     0.054     0.162
         3  5828.000     0.080     0.184
         4  7627.000     0.106     0.197
         5  9007.000     0.132     0.206
         6 10385.000     0.158     0.211
         7 11636.000     0.184     0.214
         8 12773.000     0.211     0.217
         9 14091.000     0.237     0.219
        10 14488.000     0.263     0.221
        11 15602.000     0.290     0.222
        12 16317.000     0.316     0.224
        13 17014.000     0.342     0.225
        14 17266.000     0.368     0.227
        15 17516.000     0.395     0.228
        16 17755.000     0.421     0.229
        17 18143.000     0.447     0.230
        18 18116.000     0.474     0.231

For variables 3 and 1
      Rank    Npairs  Distance     Value
         0   270.000     0.008    -0.006
         1  2090.000     0.028    -0.020
         2  3988.000     0.054    -0.035
         3  5828.000     0.080    -0.047
         4  7627.000     0.106    -0.054
         5  9007.000     0.132    -0.058
         6 10385.000     0.158    -0.059
         7 11636.000     0.184    -0.060
         8 12773.000     0.211    -0.060
         9 14091.000     0.237    -0.060
        10 14488.000     0.263    -0.060
        11 15602.000     0.290    -0.060
        12 16317.000     0.316    -0.060
        13 17014.000     0.342    -0.060
        14 17266.000     0.368    -0.060
        15 17516.000     0.395    -0.060
        16 17755.000     0.421    -0.060
        17 18143.000     0.447    -0.060
        18 18116.000     0.474    -0.060

For variables 3 and 2
      Rank    Npairs  Distance     Value
         0   270.000     0.008    -0.085
         1  2090.000     0.028    -0.099
         2  3988.000     0.054    -0.104
         3  5828.000     0.080    -0.106
         4  7627.000     0.106    -0.108
         5  9007.000     0.132    -0.110
         6 10385.000     0.158    -0.112
         7 11636.000     0.184    -0.115
         8 12773.000     0.211    -0.117
         9 14091.000     0.237    -0.119
        10 14488.000     0.263    -0.121
        11 15602.000     0.290    -0.122
        12 16317.000     0.316    -0.124
        13 17014.000     0.342    -0.125
        14 17266.000     0.368    -0.127
        15 17516.000     0.395    -0.128
        16 17755.000     0.421    -0.129
        17 18143.000     0.447    -0.130
        18 18116.000     0.474    -0.131

For variable 3
      Rank    Npairs  Distance     Value
         0   270.000     0.008     0.091
         1  2090.000     0.028     0.119
         2  3988.000     0.054     0.139
         3  5828.000     0.080     0.152
         4  7627.000     0.106     0.161
         5  9007.000     0.132     0.167
         6 10385.000     0.158     0.171
         7 11636.000     0.184     0.174
         8 12773.000     0.211     0.177
         9 14091.000     0.237     0.179
        10 14488.000     0.263     0.181
        11 15602.000     0.290     0.182
        12 16317.000     0.316     0.184
        13 17014.000     0.342     0.185
        14 17266.000     0.368     0.187
        15 17516.000     0.395     0.188
        16 17755.000     0.421     0.189
        17 18143.000     0.447     0.190
        18 18116.000     0.474     0.191

Model characteristics
=====================
Space dimension              = 2
Number of variable(s)        = 1
Number of basic structure(s) = 1
Number of drift function(s)  = 0
Number of drift equation(s)  = 0

Covariance Part
---------------
K-Bessel (Third Parameter = 99.8973)
- Sill         =      1.000
- Range        =      0.143
- Theo. Range  =      0.004
Total Sill     =      1.000
