Model used for simulating the Data

Model characteristics
=====================
Space dimension              = 2
Number of variable(s)        = 1
Number of basic structure(s) = 2
Number of drift function(s)  = 0
Number of drift equation(s)  = 0

Covariance Part
---------------
Nugget Effect
- Sill         =       2.000
Spherical
- Sill         =       3.000
- Range        =       0.250
Total Sill     =       5.000
Known Mean(s)      0.000
Initial Model used for Test

Model characteristics
=====================
Space dimension              = 2
Number of variable(s)        = 1
Number of basic structure(s) = 2
Number of drift function(s)  = 0
Number of drift equation(s)  = 0

Covariance Part
---------------
Nugget Effect
- Sill         =       2.000
Spherical
- Sill         =       3.000
- Range        =       0.250
Total Sill     =       5.000
Known Mean(s)      0.000

Sill fitting from Variogram (old version)
=========================================

Model characteristics
=====================
Space dimension              = 2
Number of variable(s)        = 1
Number of basic structure(s) = 2
Number of drift function(s)  = 0
Number of drift equation(s)  = 0

Covariance Part
---------------
Nugget Effect
- Sill         =       3.732
Spherical
- Sill         =       8.260
- Range        =       2.718
Total Sill     =      11.992
Known Mean(s)      0.000

Model fitting from Variogram (new version)
==========================================

Model characteristics
=====================
Space dimension              = 2
Number of variable(s)        = 1
Number of basic structure(s) = 2
Number of drift function(s)  = 0
Number of drift equation(s)  = 0

Covariance Part
---------------
Nugget Effect
- Sill         =       2.150
Spherical
- Sill         =       3.682
- Range        =       0.310
Total Sill     =       5.832
Known Mean(s)      0.000

Sill Fitting from Variogram Map (new version)
=============================================

Model characteristics
=====================
Space dimension              = 2
Number of variable(s)        = 1
Number of basic structure(s) = 2
Number of drift function(s)  = 0
Number of drift equation(s)  = 0

Covariance Part
---------------
Nugget Effect
- Sill         =       2.189
Spherical
- Sill         =       2.814
- Ranges       =       0.387      0.310
- Angles       =     162.646      0.000
- Rotation Matrix
                 [,  0]     [,  1]
      [  0,]      0.954      0.298
      [  1,]     -0.298      0.954
Total Sill     =       5.003
Known Mean(s)      0.000
