
Data Base Characteristics
=========================

Data Base Summary
-----------------
File is organized as a set of isolated points
Space dimension              = 2
Number of Columns            = 3
Maximum Number of UIDs       = 3
Total number of samples      = 1000

Variables
---------
Column = 0 - Name = rank - Locator = NA
Column = 1 - Name = x-1 - Locator = x1
Column = 2 - Name = x-2 - Locator = x2

Data Base Grid Characteristics
==============================

Data Base Summary
-----------------
File is organized as a regular grid
Space dimension              = 2
Number of Columns            = 3
Maximum Number of UIDs       = 3
Total number of samples      = 10000

Grid characteristics:
---------------------
Origin :      0.000     0.000
Mesh   :      0.010     0.010
Number :        100       100

Variables
---------
Column = 0 - Name = rank - Locator = NA
Column = 1 - Name = x1 - Locator = x1
Column = 2 - Name = x2 - Locator = x2

Model characteristics
=====================
Space dimension              = 2
Number of variable(s)        = 1
Number of basic structure(s) = 1
Number of drift function(s)  = 0
Number of drift equation(s)  = 0

Covariance Part
---------------
K-Bessel (Third Parameter = 1)
- Sill         =      1.000
- Range        =      0.200
- Theo. Range  =      0.058
Total Sill     =      1.000

Data Base Characteristics
=========================

Data Base Summary
-----------------
File is organized as a set of isolated points
Space dimension              = 2
Number of Columns            = 4
Maximum Number of UIDs       = 4
Total number of samples      = 1000

Variables
---------
Column = 0 - Name = rank - Locator = NA
Column = 1 - Name = x-1 - Locator = x1
Column = 2 - Name = x-2 - Locator = x2
Column = 3 - Name = Simu - Locator = z1

Data Base Grid Characteristics
==============================

Data Base Summary
-----------------
File is organized as a regular grid
Space dimension              = 2
Number of Columns            = 4
Maximum Number of UIDs       = 4
Total number of samples      = 10000

Grid characteristics:
---------------------
Origin :      0.000     0.000
Mesh   :      0.010     0.010
Number :        100       100

Variables
---------
Column = 0 - Name = rank - Locator = NA
Column = 1 - Name = x1 - Locator = x1
Column = 2 - Name = x2 - Locator = x2
Column = 3 - Name = Simu - Locator = z1

Variogram characteristics
=========================
Number of variable(s)       = 1
Number of direction(s)      = 2
Space dimension             = 2
Variance-Covariance Matrix     0.843

Direction #1
------------
Number of lags              = 20
Direction coefficients      =      1.000     0.000
Direction angles (degrees)  =      0.000     0.000
Tolerance on direction      =     45.000 (degrees)
Calculation lag             =      0.025
Tolerance on distance       =     50.000 (Percent of the lag value)

For variable 1
      Rank    Npairs  Distance     Value
         0   129.000     0.008     0.031
         1   937.000     0.027     0.191
         2  1852.000     0.051     0.457
         3  2665.000     0.075     0.635
         4  3463.000     0.100     0.741
         5  4223.000     0.125     0.765
         6  4942.000     0.150     0.845
         7  5533.000     0.175     0.908
         8  6029.000     0.200     0.947
         9  6541.000     0.225     0.957
        10  7127.000     0.250     0.912
        11  7563.000     0.275     0.914
        12  7856.000     0.300     0.904
        13  8186.000     0.325     0.920
        14  8358.000     0.350     0.945
        15  8614.000     0.375     0.933
        16  8694.000     0.400     0.890
        17  8863.000     0.425     0.874
        18  8866.000     0.450     0.852
        19  8795.000     0.475     0.848

Direction #2
------------
Number of lags              = 20
Direction coefficients      =      0.000     1.000
Direction angles (degrees)  =     90.000     0.000
Tolerance on direction      =     45.000 (degrees)
Calculation lag             =      0.025
Tolerance on distance       =     50.000 (Percent of the lag value)

For variable 1
      Rank    Npairs  Distance     Value
         0   126.000     0.009     0.042
         1   909.000     0.027     0.154
         2  1806.000     0.051     0.386
         3  2681.000     0.075     0.561
         4  3301.000     0.100     0.632
         5  4152.000     0.125     0.712
         6  4987.000     0.150     0.752
         7  5587.000     0.175     0.805
         8  6160.000     0.200     0.864
         9  6708.000     0.225     0.952
        10  7087.000     0.250     0.949
        11  7333.000     0.275     0.890
        12  7777.000     0.300     0.913
        13  8039.000     0.325     0.930
        14  8305.000     0.350     0.920
        15  8577.000     0.375     0.890
        16  8669.000     0.400     0.865
        17  8747.000     0.425     0.841
        18  8889.000     0.450     0.833
        19  8707.000     0.475     0.801
Maximum Variogram Value = 0.956995

Statistics for the Minimization Foxleg procedure
------------------------------------------------
- Number of experimental values = 40
- Number of parameters          = 5
- Number of iterations          = 40/1000 
- Value of minimized function   = 9.23308e-05
- Initial increment value       = 1
- Current increment value       = 0.0002933
- Increment Stopping Criterion  = 1e-05
- Stopping Value                = 15.0838
- Stopping Criterion            = 1e-06
- Stopping Criterion (scaled)   = 8.42555e-07

Model characteristics
=====================
Space dimension              = 2
Number of variable(s)        = 1
Number of basic structure(s) = 2
Number of drift function(s)  = 0
Number of drift equation(s)  = 0

Covariance Part
---------------
K-Bessel (Third Parameter = 1.58451)
- Sill         =      0.750
- Ranges       =      0.139     0.188
- Theo. Ranges =      0.032     0.043
Exponential
- Sill         =      0.156
- Ranges       =      0.150     0.086
- Theo. Ranges =      0.050     0.029
Total Sill     =      0.905

Variogram characteristics
=========================
Number of variable(s)       = 1
Number of direction(s)      = 2
Space dimension             = 2
Variance-Covariance Matrix     0.874

Direction #1
------------
Number of lags              = 20
Direction coefficients      =      1.000     0.000
Direction angles (degrees)  =      0.000     0.000
Tolerance on direction      =      0.000 (degrees)
Calculation lag             =      0.010
Tolerance on distance       =      0.000 (Percent of the lag value)
Grid Direction coefficients =          1         0

For variable 1
      Rank    Npairs  Distance     Value
         1  9900.000     0.010     0.031
         2  9800.000     0.020     0.116
         3  9700.000     0.030     0.231
         4  9600.000     0.040     0.351
         5  9500.000     0.050     0.459
         6  9400.000     0.060     0.551
         7  9300.000     0.070     0.625
         8  9200.000     0.080     0.681
         9  9100.000     0.090     0.716
        10  9000.000     0.100     0.732
        11  8900.000     0.110     0.738
        12  8800.000     0.120     0.749
        13  8700.000     0.130     0.773
        14  8600.000     0.140     0.812
        15  8500.000     0.150     0.856
        16  8400.000     0.160     0.893
        17  8300.000     0.170     0.920
        18  8200.000     0.180     0.937
        19  8100.000     0.190     0.951

Direction #2
------------
Number of lags              = 20
Direction coefficients      =      1.000     0.000
Direction angles (degrees)  =      0.000     0.000
Tolerance on direction      =      0.000 (degrees)
Calculation lag             =      0.010
Tolerance on distance       =      0.000 (Percent of the lag value)
Grid Direction coefficients =          0         1

For variable 1
      Rank    Npairs  Distance     Value
         1  9900.000     0.010     0.047
         2  9800.000     0.020     0.102
         3  9700.000     0.030     0.186
         4  9600.000     0.040     0.275
         5  9500.000     0.050     0.352
         6  9400.000     0.060     0.464
         7  9300.000     0.070     0.515
         8  9200.000     0.080     0.566
         9  9100.000     0.090     0.592
        10  9000.000     0.100     0.628
        11  8900.000     0.110     0.699
        12  8800.000     0.120     0.727
        13  8700.000     0.130     0.787
        14  8600.000     0.140     0.829
        15  8500.000     0.150     0.893
        16  8400.000     0.160     0.956
        17  8300.000     0.170     0.966
        18  8200.000     0.180     1.000
        19  8100.000     0.190     1.007

Data Base Grid Characteristics
==============================

Data Base Summary
-----------------
File is organized as a regular grid
Space dimension              = 2
Number of Columns            = 5
Maximum Number of UIDs       = 5
Total number of samples      = 1681

Grid characteristics:
---------------------
Origin :     -0.997    -1.000
Mesh   :      0.050     0.050
Number :         41        41

Variables
---------
Column = 0 - Name = rank - Locator = NA
Column = 1 - Name = x1 - Locator = x1
Column = 2 - Name = x2 - Locator = x2
Column = 3 - Name = VMAP.Simu.Var - Locator = z1
Column = 4 - Name = VMAP.Simu.Nb - Locator = NA

Data Base Grid Characteristics
==============================

Data Base Statistics
--------------------
4 - Name VMAP.Simu.Var - Locator z1
 Nb of data          =       1681
 Nb of active values =       1681
 Minimum value       =      0.000
 Maximum value       =      1.074
 Mean value          =      0.806
 Standard Deviation  =      0.186
 Variance            =      0.034
5 - Name VMAP.Simu.Nb - Locator NA
 Nb of data          =       1681
 Nb of active values =       1681
 Minimum value       =   6400.000
 Maximum value       =  10000.000
 Mean value          =   8056.157
 Standard Deviation  =    752.441
 Variance            = 566166.790
