
Grid characteristics:
---------------------
Origin :     50.000     0.000    10.000
Mesh   :     10.000    20.000    30.000
Number :         26        11         4
Rotation Angles        =     30.000     0.000     0.000
Direct Rotation Matrix
               [,  0]    [,  1]    [,  2]
     [  0,]     0.866     0.500     0.000
     [  1,]    -0.500     0.866     0.000
     [  2,]     0.000     0.000     1.000
Inverse Rotation Matrix
               [,  0]    [,  1]    [,  2]
     [  0,]     0.866    -0.500     0.000
     [  1,]     0.500     0.866     0.000
     [  2,]     0.000     0.000     1.000

Turbo Meshing
=============
Diamond construction is activated
Euclidean Geometry
Space Dimension           = 3
Number of Apices per Mesh = 4
Number of Meshes          = 4500
Number of Apices          = 1144

Bounding Box Extension
----------------------
Dim #1 - Min:50 - Max:300
Dim #2 - Min:0 - Max:200
Dim #3 - Min:10 - Max:100
Test performed successfully
