Model 
3 1 134.672000 0.000000 # General parameters
4 # Number of basic covariance terms
0 # Number of drift terms
0 0.000000 0.000000 # Covariance characteristics
0 # Anisotropy Flag
4 13.952778 0.000000 # Covariance characteristics
1 # Anisotropy Flag
1.000000 1.000000 0.288428 # Anisotropy Coefficients
0 # Anisotropy Rotation Flag
1 184.467446 0.000000 # Covariance characteristics
1 # Anisotropy Flag
1.000000 1.000000 0.751619 # Anisotropy Coefficients
0 # Anisotropy Rotation Flag
2 71.780865 0.000000 # Covariance characteristics
1 # Anisotropy Flag
1.000000 1.000000 0.043676 # Anisotropy Coefficients
0 # Anisotropy Rotation Flag
0.000000 # Mean of Variables
0.098312 # Matrix of sills
0.186107 # Matrix of sills
0.213763 # Matrix of sills
0.461458 # Matrix of sills
1.000000 # Var-Covar at origin
