Model
3 1 135.585 # General parameters
4 # Number of basic covariance terms
0 # Number of drift terms
0 0 0 # Covariance characteristics
0 # Anisotropy Flag
3 8180.1 0 # Covariance characteristics
1 # Anisotropy Flag
0.000135913 0.000135913 1 # Anisotropy Coefficients
0 # Anisotropy Rotation Flag
4 5736.45 0 # Covariance characteristics
1 # Anisotropy Flag
0.0150456 0.0150456 1 # Anisotropy Coefficients
0 # Anisotropy Rotation Flag
2 910.651 0 # Covariance characteristics
1 # Anisotropy Flag
1 1 0.00671958 # Anisotropy Coefficients
0 # Anisotropy Rotation Flag
0 # Mean of Variables
0.127431 # Matrix of sills
0.274916 # Matrix of sills
0.217141 # Matrix of sills
0.963939 # Matrix of sills
0 # Var-Covar at origin
